[1.195s] Invoking command in '/root/Dojo/Dojo/build/robot_launch': AMENT_PREFIX_PATH=/root/Dojo/Dojo/install/robot_description:/root/Dojo/Dojo/install/robot_control:${AMENT_PREFIX_PATH} CMAKE_PREFIX_PATH=/root/Dojo/Dojo/install/robot_description:/root/Dojo/Dojo/install/robot_control:${CMAKE_PREFIX_PATH} PYTHONPATH=/root/Dojo/Dojo/build/robot_launch/prefix_override:/usr/lib/python3/dist-packages/colcon_core/task/python/colcon_distutils_commands:/root/Dojo/Dojo/install/robot_launch/lib/python3.10/site-packages:/root/Dojo/Dojo/install/robot_description/lib/python3.10/site-packages:${PYTHONPATH} /usr/bin/python3 -W ignore:setup.py install is deprecated -W ignore:easy_install command is deprecated setup.py develop --editable --build-directory /root/Dojo/Dojo/build/robot_launch/build --no-deps symlink_data
[1.656s] running develop
[1.985s] running egg_info
[1.986s] creating robot_launch.egg-info
[2.002s] writing robot_launch.egg-info/PKG-INFO
[2.002s] writing dependency_links to robot_launch.egg-info/dependency_links.txt
[2.003s] writing requirements to robot_launch.egg-info/requires.txt
[2.003s] writing top-level names to robot_launch.egg-info/top_level.txt
[2.003s] writing manifest file 'robot_launch.egg-info/SOURCES.txt'
[2.040s] reading manifest file 'robot_launch.egg-info/SOURCES.txt'
[2.040s] writing manifest file 'robot_launch.egg-info/SOURCES.txt'
[2.058s] running build_ext
[2.058s] Creating /root/Dojo/Dojo/install/robot_launch/lib/python3.10/site-packages/robot-launch.egg-link (link to .)
[2.059s] 
[2.060s] Installed /root/Dojo/Dojo/build/robot_launch
[2.060s] running symlink_data
[2.060s] creating /root/Dojo/Dojo/install/robot_launch/share/ament_index
[2.060s] creating /root/Dojo/Dojo/install/robot_launch/share/ament_index/resource_index
[2.060s] creating /root/Dojo/Dojo/install/robot_launch/share/ament_index/resource_index/packages
[2.060s] symbolically linking /root/Dojo/Dojo/build/robot_launch/resource/robot_launch -> /root/Dojo/Dojo/install/robot_launch/share/ament_index/resource_index/packages
[2.061s] symbolically linking /root/Dojo/Dojo/build/robot_launch/package.xml -> /root/Dojo/Dojo/install/robot_launch/share/robot_launch
[2.061s] creating /root/Dojo/Dojo/install/robot_launch/share/robot_launch/launch
[2.061s] symbolically linking /root/Dojo/Dojo/build/robot_launch/launch/robot_complete.launch.py -> /root/Dojo/Dojo/install/robot_launch/share/robot_launch/launch
[2.133s] Invoked command in '/root/Dojo/Dojo/build/robot_launch' returned '0': AMENT_PREFIX_PATH=/root/Dojo/Dojo/install/robot_description:/root/Dojo/Dojo/install/robot_control:${AMENT_PREFIX_PATH} CMAKE_PREFIX_PATH=/root/Dojo/Dojo/install/robot_description:/root/Dojo/Dojo/install/robot_control:${CMAKE_PREFIX_PATH} PYTHONPATH=/root/Dojo/Dojo/build/robot_launch/prefix_override:/usr/lib/python3/dist-packages/colcon_core/task/python/colcon_distutils_commands:/root/Dojo/Dojo/install/robot_launch/lib/python3.10/site-packages:/root/Dojo/Dojo/install/robot_description/lib/python3.10/site-packages:${PYTHONPATH} /usr/bin/python3 -W ignore:setup.py install is deprecated -W ignore:easy_install command is deprecated setup.py develop --editable --build-directory /root/Dojo/Dojo/build/robot_launch/build --no-deps symlink_data
