[0.015s] Invoking command in '/root/Dojo/build/robot_bringup': AMENT_PREFIX_PATH=/root/Dojo/install/robot_navigation:/root/Dojo/install/robot_hardware:/root/Dojo/install/robot_description:/root/Dojo/install/robot_control:${AMENT_PREFIX_PATH} CMAKE_PREFIX_PATH=/root/Dojo/install/robot_navigation:/root/Dojo/install/robot_perception:/root/Dojo/install/robot_description:/root/Dojo/install/robot_control:/opt/ros/humble PYTHONPATH=/root/Dojo/build/robot_hardware:/root/Dojo/install/robot_hardware/lib/python3.10/site-packages:${PYTHONPATH} /usr/bin/cmake /root/Dojo/src/robot_bringup -DCMAKE_BUILD_TYPE=Release -DBUILD_TESTING=OFF -DAMENT_CMAKE_SYMLINK_INSTALL=1 -DCMAKE_INSTALL_PREFIX=/root/Dojo/install/robot_bringup
[0.092s] -- The C compiler identification is GNU 11.4.0
[0.171s] -- The CXX compiler identification is GNU 11.4.0
[0.181s] -- Detecting C compiler ABI info
[0.279s] -- Detecting C compiler ABI info - done
[0.288s] -- Check for working C compiler: /usr/bin/cc - skipped
[0.288s] -- Detecting C compile features
[0.289s] -- Detecting C compile features - done
[0.294s] -- Detecting CXX compiler ABI info
[0.417s] -- Detecting CXX compiler ABI info - done
[0.427s] -- Check for working CXX compiler: /usr/bin/c++ - skipped
[0.428s] -- Detecting CXX compile features
[0.428s] -- Detecting CXX compile features - done
[0.435s] -- Found ament_cmake: 1.3.12 (/opt/ros/humble/share/ament_cmake/cmake)
[1.466s] -- Found Python3: /usr/bin/python3 (found version "3.10.12") found components: Interpreter 
[1.558s] -- Override CMake install command with custom implementation using symlinks instead of copying resources
[1.722s] -- Configuring done
[1.727s] -- Generating done
[1.729s] -- Build files have been written to: /root/Dojo/build/robot_bringup
[1.735s] Invoked command in '/root/Dojo/build/robot_bringup' returned '0': AMENT_PREFIX_PATH=/root/Dojo/install/robot_navigation:/root/Dojo/install/robot_hardware:/root/Dojo/install/robot_description:/root/Dojo/install/robot_control:${AMENT_PREFIX_PATH} CMAKE_PREFIX_PATH=/root/Dojo/install/robot_navigation:/root/Dojo/install/robot_perception:/root/Dojo/install/robot_description:/root/Dojo/install/robot_control:/opt/ros/humble PYTHONPATH=/root/Dojo/build/robot_hardware:/root/Dojo/install/robot_hardware/lib/python3.10/site-packages:${PYTHONPATH} /usr/bin/cmake /root/Dojo/src/robot_bringup -DCMAKE_BUILD_TYPE=Release -DBUILD_TESTING=OFF -DAMENT_CMAKE_SYMLINK_INSTALL=1 -DCMAKE_INSTALL_PREFIX=/root/Dojo/install/robot_bringup
[1.737s] Invoking command in '/root/Dojo/build/robot_bringup': AMENT_PREFIX_PATH=/root/Dojo/install/robot_navigation:/root/Dojo/install/robot_hardware:/root/Dojo/install/robot_description:/root/Dojo/install/robot_control:${AMENT_PREFIX_PATH} CMAKE_PREFIX_PATH=/root/Dojo/install/robot_navigation:/root/Dojo/install/robot_perception:/root/Dojo/install/robot_description:/root/Dojo/install/robot_control:/opt/ros/humble PYTHONPATH=/root/Dojo/build/robot_hardware:/root/Dojo/install/robot_hardware/lib/python3.10/site-packages:${PYTHONPATH} /usr/bin/cmake --build /root/Dojo/build/robot_bringup -- -j16 -l16
[1.792s] Invoked command in '/root/Dojo/build/robot_bringup' returned '0': AMENT_PREFIX_PATH=/root/Dojo/install/robot_navigation:/root/Dojo/install/robot_hardware:/root/Dojo/install/robot_description:/root/Dojo/install/robot_control:${AMENT_PREFIX_PATH} CMAKE_PREFIX_PATH=/root/Dojo/install/robot_navigation:/root/Dojo/install/robot_perception:/root/Dojo/install/robot_description:/root/Dojo/install/robot_control:/opt/ros/humble PYTHONPATH=/root/Dojo/build/robot_hardware:/root/Dojo/install/robot_hardware/lib/python3.10/site-packages:${PYTHONPATH} /usr/bin/cmake --build /root/Dojo/build/robot_bringup -- -j16 -l16
[1.793s] Invoking command in '/root/Dojo/build/robot_bringup': AMENT_PREFIX_PATH=/root/Dojo/install/robot_navigation:/root/Dojo/install/robot_hardware:/root/Dojo/install/robot_description:/root/Dojo/install/robot_control:${AMENT_PREFIX_PATH} CMAKE_PREFIX_PATH=/root/Dojo/install/robot_navigation:/root/Dojo/install/robot_perception:/root/Dojo/install/robot_description:/root/Dojo/install/robot_control:/opt/ros/humble PYTHONPATH=/root/Dojo/build/robot_hardware:/root/Dojo/install/robot_hardware/lib/python3.10/site-packages:${PYTHONPATH} /usr/bin/cmake --install /root/Dojo/build/robot_bringup
[1.804s] -- Install configuration: "Release"
[1.804s] -- Execute custom install script
[1.805s] -- Symlinking: /root/Dojo/install/robot_bringup/share/robot_bringup/launch/bringup.launch.py
[1.818s] -- Symlinking: /root/Dojo/install/robot_bringup/share/robot_bringup/launch/bringup.launch.py.backup
[1.835s] -- Symlinking: /root/Dojo/install/robot_bringup/share/robot_bringup/launch/rviz.launch.py
[1.852s] -- Symlinking: /root/Dojo/install/robot_bringup/share/ament_index/resource_index/package_run_dependencies/robot_bringup
[1.869s] -- Symlinking: /root/Dojo/install/robot_bringup/share/ament_index/resource_index/parent_prefix_path/robot_bringup
[1.888s] -- Symlinking: /root/Dojo/install/robot_bringup/share/robot_bringup/environment/ament_prefix_path.sh
[1.906s] -- Symlinking: /root/Dojo/install/robot_bringup/share/robot_bringup/environment/ament_prefix_path.dsv
[1.923s] -- Symlinking: /root/Dojo/install/robot_bringup/share/robot_bringup/environment/path.sh
[1.940s] -- Symlinking: /root/Dojo/install/robot_bringup/share/robot_bringup/environment/path.dsv
[1.952s] -- Symlinking: /root/Dojo/install/robot_bringup/share/robot_bringup/local_setup.bash
[1.965s] -- Symlinking: /root/Dojo/install/robot_bringup/share/robot_bringup/local_setup.sh
[1.978s] -- Symlinking: /root/Dojo/install/robot_bringup/share/robot_bringup/local_setup.zsh
[1.990s] -- Symlinking: /root/Dojo/install/robot_bringup/share/robot_bringup/local_setup.dsv
[2.003s] -- Symlinking: /root/Dojo/install/robot_bringup/share/robot_bringup/package.dsv
[2.016s] -- Symlinking: /root/Dojo/install/robot_bringup/share/ament_index/resource_index/packages/robot_bringup
[2.030s] -- Symlinking: /root/Dojo/install/robot_bringup/share/robot_bringup/cmake/robot_bringupConfig.cmake
[2.043s] -- Symlinking: /root/Dojo/install/robot_bringup/share/robot_bringup/cmake/robot_bringupConfig-version.cmake
[2.056s] -- Symlinking: /root/Dojo/install/robot_bringup/share/robot_bringup/package.xml
[2.074s] Invoked command in '/root/Dojo/build/robot_bringup' returned '0': AMENT_PREFIX_PATH=/root/Dojo/install/robot_navigation:/root/Dojo/install/robot_hardware:/root/Dojo/install/robot_description:/root/Dojo/install/robot_control:${AMENT_PREFIX_PATH} CMAKE_PREFIX_PATH=/root/Dojo/install/robot_navigation:/root/Dojo/install/robot_perception:/root/Dojo/install/robot_description:/root/Dojo/install/robot_control:/opt/ros/humble PYTHONPATH=/root/Dojo/build/robot_hardware:/root/Dojo/install/robot_hardware/lib/python3.10/site-packages:${PYTHONPATH} /usr/bin/cmake --install /root/Dojo/build/robot_bringup
