[0.360s] Invoking command in '/root/Dojo/Dojo/build/robot_perception': /usr/bin/cmake --build /root/Dojo/Dojo/build/robot_perception -- -j16 -l16
[1.621s] Built target ament_cmake_python_copy_robot_perception_setup
[1.622s] Built target ament_cmake_python_copy_robot_perception
[1.622s] running egg_info
[1.622s] writing robot_perception.egg-info/PKG-INFO
[1.623s] writing dependency_links to robot_perception.egg-info/dependency_links.txt
[1.623s] writing top-level names to robot_perception.egg-info/top_level.txt
[1.623s] reading manifest file 'robot_perception.egg-info/SOURCES.txt'
[1.624s] writing manifest file 'robot_perception.egg-info/SOURCES.txt'
[1.624s] Built target ament_cmake_python_build_robot_perception_egg
[1.944s] Invoked command in '/root/Dojo/Dojo/build/robot_perception' returned '0': /usr/bin/cmake --build /root/Dojo/Dojo/build/robot_perception -- -j16 -l16
[1.945s] Invoking command in '/root/Dojo/Dojo/build/robot_perception': /usr/bin/cmake --install /root/Dojo/Dojo/build/robot_perception
[1.981s] -- Install configuration: "Release"
[1.981s] -- Up-to-date: /root/Dojo/Dojo/install/robot_perception/share/robot_perception/environment/pythonpath.sh
[1.982s] -- Up-to-date: /root/Dojo/Dojo/install/robot_perception/share/robot_perception/environment/pythonpath.dsv
[1.983s] -- Up-to-date: /root/Dojo/Dojo/install/robot_perception/local/lib/python3.10/dist-packages/robot_perception-0.2.0-py3.10.egg-info
[1.983s] -- Installing: /root/Dojo/Dojo/install/robot_perception/local/lib/python3.10/dist-packages/robot_perception-0.2.0-py3.10.egg-info/SOURCES.txt
[1.983s] -- Installing: /root/Dojo/Dojo/install/robot_perception/local/lib/python3.10/dist-packages/robot_perception-0.2.0-py3.10.egg-info/dependency_links.txt
[1.985s] -- Installing: /root/Dojo/Dojo/install/robot_perception/local/lib/python3.10/dist-packages/robot_perception-0.2.0-py3.10.egg-info/PKG-INFO
[1.985s] -- Installing: /root/Dojo/Dojo/install/robot_perception/local/lib/python3.10/dist-packages/robot_perception-0.2.0-py3.10.egg-info/top_level.txt
[1.985s] -- Up-to-date: /root/Dojo/Dojo/install/robot_perception/local/lib/python3.10/dist-packages/robot_perception
[1.986s] -- Up-to-date: /root/Dojo/Dojo/install/robot_perception/local/lib/python3.10/dist-packages/robot_perception/yolov8n.pt
[1.986s] -- Up-to-date: /root/Dojo/Dojo/install/robot_perception/local/lib/python3.10/dist-packages/robot_perception/utils
[1.986s] -- Up-to-date: /root/Dojo/Dojo/install/robot_perception/local/lib/python3.10/dist-packages/robot_perception/utils/common.py
[1.986s] -- Up-to-date: /root/Dojo/Dojo/install/robot_perception/local/lib/python3.10/dist-packages/robot_perception/utils/__init__.py
[1.986s] -- Up-to-date: /root/Dojo/Dojo/install/robot_perception/local/lib/python3.10/dist-packages/robot_perception/utils/config.py
[1.987s] -- Up-to-date: /root/Dojo/Dojo/install/robot_perception/local/lib/python3.10/dist-packages/robot_perception/nodes
[1.987s] -- Up-to-date: /root/Dojo/Dojo/install/robot_perception/local/lib/python3.10/dist-packages/robot_perception/nodes/object_detector.py
[1.988s] -- Up-to-date: /root/Dojo/Dojo/install/robot_perception/local/lib/python3.10/dist-packages/robot_perception/nodes/perception_integrator.py
[1.988s] -- Up-to-date: /root/Dojo/Dojo/install/robot_perception/local/lib/python3.10/dist-packages/robot_perception/nodes/lidar_processor.py
[1.988s] -- Up-to-date: /root/Dojo/Dojo/install/robot_perception/local/lib/python3.10/dist-packages/robot_perception/nodes/camera_processor.py
[1.989s] -- Up-to-date: /root/Dojo/Dojo/install/robot_perception/local/lib/python3.10/dist-packages/robot_perception/nodes/__init__.py
[1.989s] -- Up-to-date: /root/Dojo/Dojo/install/robot_perception/local/lib/python3.10/dist-packages/robot_perception/__init__.py
[2.047s] Listing '/root/Dojo/Dojo/install/robot_perception/local/lib/python3.10/dist-packages/robot_perception'...
[2.048s] Listing '/root/Dojo/Dojo/install/robot_perception/local/lib/python3.10/dist-packages/robot_perception/nodes'...
[2.048s] Listing '/root/Dojo/Dojo/install/robot_perception/local/lib/python3.10/dist-packages/robot_perception/utils'...
[2.049s] -- Up-to-date: /root/Dojo/Dojo/install/robot_perception/share/robot_perception/launch
[2.050s] -- Up-to-date: /root/Dojo/Dojo/install/robot_perception/share/robot_perception/launch/robot_perception.launch.py
[2.050s] -- Up-to-date: /root/Dojo/Dojo/install/robot_perception/share/robot_perception/launch/perception.launch.py
[2.050s] -- Up-to-date: /root/Dojo/Dojo/install/robot_perception/share/robot_perception/launch/perception_integration.launch.py
[2.050s] -- Up-to-date: /root/Dojo/Dojo/install/robot_perception/share/robot_perception/launch/object_detector.launch.py
[2.050s] -- Up-to-date: /root/Dojo/Dojo/install/robot_perception/share/robot_perception/launch/perception_system.launch.py
[2.052s] -- Up-to-date: /root/Dojo/Dojo/install/robot_perception/share/robot_perception/config
[2.052s] -- Up-to-date: /root/Dojo/Dojo/install/robot_perception/share/robot_perception/config/robot_perception_params.yaml
[2.052s] -- Up-to-date: /root/Dojo/Dojo/install/robot_perception/share/robot_perception/config/perception_params.yaml
[2.052s] -- Up-to-date: /root/Dojo/Dojo/install/robot_perception/share/robot_perception/rviz
[2.052s] -- Up-to-date: /root/Dojo/Dojo/install/robot_perception/share/robot_perception/rviz/object_detection.rviz
[2.053s] -- Up-to-date: /root/Dojo/Dojo/install/robot_perception/share/robot_perception/rviz/perception_integration.rviz
[2.054s] -- Up-to-date: /root/Dojo/Dojo/install/robot_perception/share/robot_perception/resource
[2.054s] -- Up-to-date: /root/Dojo/Dojo/install/robot_perception/share/robot_perception/resource/robot_perception
[2.055s] -- Up-to-date: /root/Dojo/Dojo/install/robot_perception/share/robot_perception/CMakeLists.txt
[2.055s] -- Up-to-date: /root/Dojo/Dojo/install/robot_perception/share/robot_perception/package.xml
[2.056s] -- Up-to-date: /root/Dojo/Dojo/install/robot_perception/lib/local/lib/python3.10/dist-packages/robot_perception/setup.py
[2.056s] -- Up-to-date: /root/Dojo/Dojo/install/robot_perception/share/ament_index/resource_index/package_run_dependencies/robot_perception
[2.057s] -- Up-to-date: /root/Dojo/Dojo/install/robot_perception/share/ament_index/resource_index/parent_prefix_path/robot_perception
[2.057s] -- Up-to-date: /root/Dojo/Dojo/install/robot_perception/share/robot_perception/environment/ament_prefix_path.sh
[2.057s] -- Up-to-date: /root/Dojo/Dojo/install/robot_perception/share/robot_perception/environment/ament_prefix_path.dsv
[2.058s] -- Up-to-date: /root/Dojo/Dojo/install/robot_perception/share/robot_perception/environment/path.sh
[2.058s] -- Up-to-date: /root/Dojo/Dojo/install/robot_perception/share/robot_perception/environment/path.dsv
[2.058s] -- Up-to-date: /root/Dojo/Dojo/install/robot_perception/share/robot_perception/local_setup.bash
[2.059s] -- Up-to-date: /root/Dojo/Dojo/install/robot_perception/share/robot_perception/local_setup.sh
[2.059s] -- Up-to-date: /root/Dojo/Dojo/install/robot_perception/share/robot_perception/local_setup.zsh
[2.060s] -- Up-to-date: /root/Dojo/Dojo/install/robot_perception/share/robot_perception/local_setup.dsv
[2.060s] -- Installing: /root/Dojo/Dojo/install/robot_perception/share/robot_perception/package.dsv
[2.062s] -- Up-to-date: /root/Dojo/Dojo/install/robot_perception/share/ament_index/resource_index/packages/robot_perception
[2.062s] -- Up-to-date: /root/Dojo/Dojo/install/robot_perception/share/robot_perception/cmake/ament_cmake_export_dependencies-extras.cmake
[2.062s] -- Up-to-date: /root/Dojo/Dojo/install/robot_perception/share/robot_perception/cmake/robot_perceptionConfig.cmake
[2.063s] -- Up-to-date: /root/Dojo/Dojo/install/robot_perception/share/robot_perception/cmake/robot_perceptionConfig-version.cmake
[2.063s] -- Up-to-date: /root/Dojo/Dojo/install/robot_perception/share/robot_perception/package.xml
[2.078s] Invoked command in '/root/Dojo/Dojo/build/robot_perception' returned '0': /usr/bin/cmake --install /root/Dojo/Dojo/build/robot_perception
