[0.469s] DEBUG:colcon:Command line arguments: ['/usr/bin/colcon', 'build']
[0.469s] DEBUG:colcon:Parsed command line arguments: Namespace(log_base=None, log_level=None, verb_name='build', build_base='build', install_base='install', merge_install=False, symlink_install=False, test_result_base=None, continue_on_error=False, executor='parallel', parallel_workers=4, event_handlers=None, ignore_user_meta=False, metas=['./colcon.meta'], base_paths=['.'], packages_ignore=None, packages_ignore_regex=None, paths=None, packages_up_to=None, packages_up_to_regex=None, packages_above=None, packages_above_and_dependencies=None, packages_above_depth=None, packages_select_by_dep=None, packages_skip_by_dep=None, packages_skip_up_to=None, packages_select_build_failed=False, packages_skip_build_finished=False, packages_select_test_failures=False, packages_skip_test_passed=False, packages_select=None, packages_skip=None, packages_select_regex=None, packages_skip_regex=None, packages_start=None, packages_end=None, allow_overriding=[], cmake_args=None, cmake_target=None, cmake_target_skip_unavailable=False, cmake_clean_cache=False, cmake_clean_first=False, cmake_force_configure=False, ament_cmake_args=None, catkin_cmake_args=None, catkin_skip_building_tests=False, mixin_files=None, mixin=None, verb_parser=<colcon_mixin.mixin.mixin_argument.MixinArgumentDecorator object at 0x7d18e69160e0>, verb_extension=<colcon_core.verb.build.BuildVerb object at 0x7d18e6a8ebf0>, main=<bound method BuildVerb.main of <colcon_core.verb.build.BuildVerb object at 0x7d18e6a8ebf0>>, mixin_verb=('build',))
[1.088s] Level 1:colcon.colcon_core.package_discovery:discover_packages(colcon_meta) check parameters
[1.089s] Level 1:colcon.colcon_core.package_discovery:discover_packages(recursive) check parameters
[1.089s] Level 1:colcon.colcon_core.package_discovery:discover_packages(ignore) check parameters
[1.089s] Level 1:colcon.colcon_core.package_discovery:discover_packages(path) check parameters
[1.089s] Level 1:colcon.colcon_core.package_discovery:discover_packages(colcon_meta) discover
[1.090s] Level 1:colcon.colcon_core.package_discovery:discover_packages(recursive) discover
[1.090s] INFO:colcon.colcon_core.package_discovery:Crawling recursively for packages in '/home/annette-robosync/new_ws'
[1.090s] Level 1:colcon.colcon_core.package_identification:_identify(.) by extensions ['ignore', 'ignore_ament_install']
[1.091s] Level 1:colcon.colcon_core.package_identification:_identify(.) by extension 'ignore'
[1.091s] Level 1:colcon.colcon_core.package_identification:_identify(.) by extension 'ignore_ament_install'
[1.091s] Level 1:colcon.colcon_core.package_identification:_identify(.) by extensions ['colcon_pkg']
[1.092s] Level 1:colcon.colcon_core.package_identification:_identify(.) by extension 'colcon_pkg'
[1.092s] Level 1:colcon.colcon_core.package_identification:_identify(.) by extensions ['colcon_meta']
[1.092s] Level 1:colcon.colcon_core.package_identification:_identify(.) by extension 'colcon_meta'
[1.092s] Level 1:colcon.colcon_core.package_identification:_identify(.) by extensions ['ros']
[1.092s] Level 1:colcon.colcon_core.package_identification:_identify(.) by extension 'ros'
[1.162s] Level 1:colcon.colcon_core.package_identification:_identify(.) by extensions ['cmake', 'python']
[1.163s] Level 1:colcon.colcon_core.package_identification:_identify(.) by extension 'cmake'
[1.163s] Level 1:colcon.colcon_core.package_identification:_identify(.) by extension 'python'
[1.163s] Level 1:colcon.colcon_core.package_identification:_identify(.) by extensions ['python_setup_py']
[1.163s] Level 1:colcon.colcon_core.package_identification:_identify(.) by extension 'python_setup_py'
[1.164s] Level 1:colcon.colcon_core.package_identification:_identify(build) by extensions ['ignore', 'ignore_ament_install']
[1.165s] Level 1:colcon.colcon_core.package_identification:_identify(build) by extension 'ignore'
[1.166s] Level 1:colcon.colcon_core.package_identification:_identify(build) ignored
[1.166s] Level 1:colcon.colcon_core.package_identification:_identify(install) by extensions ['ignore', 'ignore_ament_install']
[1.167s] Level 1:colcon.colcon_core.package_identification:_identify(install) by extension 'ignore'
[1.168s] Level 1:colcon.colcon_core.package_identification:_identify(install) ignored
[1.168s] Level 1:colcon.colcon_core.package_identification:_identify(log) by extensions ['ignore', 'ignore_ament_install']
[1.169s] Level 1:colcon.colcon_core.package_identification:_identify(log) by extension 'ignore'
[1.169s] Level 1:colcon.colcon_core.package_identification:_identify(log) ignored
[1.170s] Level 1:colcon.colcon_core.package_identification:_identify(src) by extensions ['ignore', 'ignore_ament_install']
[1.170s] Level 1:colcon.colcon_core.package_identification:_identify(src) by extension 'ignore'
[1.170s] Level 1:colcon.colcon_core.package_identification:_identify(src) by extension 'ignore_ament_install'
[1.171s] Level 1:colcon.colcon_core.package_identification:_identify(src) by extensions ['colcon_pkg']
[1.171s] Level 1:colcon.colcon_core.package_identification:_identify(src) by extension 'colcon_pkg'
[1.171s] Level 1:colcon.colcon_core.package_identification:_identify(src) by extensions ['colcon_meta']
[1.172s] Level 1:colcon.colcon_core.package_identification:_identify(src) by extension 'colcon_meta'
[1.172s] Level 1:colcon.colcon_core.package_identification:_identify(src) by extensions ['ros']
[1.173s] Level 1:colcon.colcon_core.package_identification:_identify(src) by extension 'ros'
[1.174s] Level 1:colcon.colcon_core.package_identification:_identify(src) by extensions ['cmake', 'python']
[1.174s] Level 1:colcon.colcon_core.package_identification:_identify(src) by extension 'cmake'
[1.174s] Level 1:colcon.colcon_core.package_identification:_identify(src) by extension 'python'
[1.175s] Level 1:colcon.colcon_core.package_identification:_identify(src) by extensions ['python_setup_py']
[1.178s] Level 1:colcon.colcon_core.package_identification:_identify(src) by extension 'python_setup_py'
[1.180s] Level 1:colcon.colcon_core.package_identification:_identify(src/new_package) by extensions ['ignore', 'ignore_ament_install']
[1.181s] Level 1:colcon.colcon_core.package_identification:_identify(src/new_package) by extension 'ignore'
[1.182s] Level 1:colcon.colcon_core.package_identification:_identify(src/new_package) by extension 'ignore_ament_install'
[1.182s] Level 1:colcon.colcon_core.package_identification:_identify(src/new_package) by extensions ['colcon_pkg']
[1.183s] Level 1:colcon.colcon_core.package_identification:_identify(src/new_package) by extension 'colcon_pkg'
[1.183s] Level 1:colcon.colcon_core.package_identification:_identify(src/new_package) by extensions ['colcon_meta']
[1.184s] Level 1:colcon.colcon_core.package_identification:_identify(src/new_package) by extension 'colcon_meta'
[1.184s] Level 1:colcon.colcon_core.package_identification:_identify(src/new_package) by extensions ['ros']
[1.184s] Level 1:colcon.colcon_core.package_identification:_identify(src/new_package) by extension 'ros'
[1.199s] DEBUG:colcon.colcon_core.package_identification:Package 'src/new_package' with type 'ros.ament_cmake' and name 'new_package'
[1.200s] Level 1:colcon.colcon_core.package_discovery:discover_packages(recursive) using defaults
[1.200s] Level 1:colcon.colcon_core.package_discovery:discover_packages(ignore) discover
[1.200s] Level 1:colcon.colcon_core.package_discovery:discover_packages(ignore) using defaults
[1.200s] Level 1:colcon.colcon_core.package_discovery:discover_packages(path) discover
[1.200s] Level 1:colcon.colcon_core.package_discovery:discover_packages(path) using defaults
[1.382s] Level 1:colcon.colcon_core.package_discovery:discover_packages(prefix_path) check parameters
[1.382s] Level 1:colcon.colcon_core.package_discovery:discover_packages(prefix_path) discover
[1.387s] WARNING:colcon.colcon_core.prefix_path.colcon:The path '/home/annette-robosync/polo_ws/install' in the environment variable COLCON_PREFIX_PATH doesn't exist
[1.393s] DEBUG:colcon.colcon_installed_package_information.package_discovery:Found 1 installed packages in /home/annette-robosync/new_ws/install
[1.397s] DEBUG:colcon.colcon_installed_package_information.package_discovery:Found 1 installed packages in /home/annette-robosync/polo/install
[1.405s] DEBUG:colcon.colcon_installed_package_information.package_discovery:Found 335 installed packages in /opt/ros/humble
[1.419s] Level 1:colcon.colcon_core.package_discovery:discover_packages(prefix_path) using defaults
[1.714s] Level 5:colcon.colcon_core.verb:set package 'new_package' build argument 'cmake_args' from command line to 'None'
[1.714s] Level 5:colcon.colcon_core.verb:set package 'new_package' build argument 'cmake_target' from command line to 'None'
[1.714s] Level 5:colcon.colcon_core.verb:set package 'new_package' build argument 'cmake_target_skip_unavailable' from command line to 'False'
[1.714s] Level 5:colcon.colcon_core.verb:set package 'new_package' build argument 'cmake_clean_cache' from command line to 'False'
[1.715s] Level 5:colcon.colcon_core.verb:set package 'new_package' build argument 'cmake_clean_first' from command line to 'False'
[1.715s] Level 5:colcon.colcon_core.verb:set package 'new_package' build argument 'cmake_force_configure' from command line to 'False'
[1.715s] Level 5:colcon.colcon_core.verb:set package 'new_package' build argument 'ament_cmake_args' from command line to 'None'
[1.715s] Level 5:colcon.colcon_core.verb:set package 'new_package' build argument 'catkin_cmake_args' from command line to 'None'
[1.715s] Level 5:colcon.colcon_core.verb:set package 'new_package' build argument 'catkin_skip_building_tests' from command line to 'False'
[1.715s] DEBUG:colcon.colcon_core.verb:Building package 'new_package' with the following arguments: {'ament_cmake_args': None, 'build_base': '/home/annette-robosync/new_ws/build/new_package', 'catkin_cmake_args': None, 'catkin_skip_building_tests': False, 'cmake_args': None, 'cmake_clean_cache': False, 'cmake_clean_first': False, 'cmake_force_configure': False, 'cmake_target': None, 'cmake_target_skip_unavailable': False, 'install_base': '/home/annette-robosync/new_ws/install/new_package', 'merge_install': False, 'path': '/home/annette-robosync/new_ws/src/new_package', 'symlink_install': False, 'test_result_base': None}
[1.716s] INFO:colcon.colcon_core.executor:Executing jobs using 'parallel' executor
[1.721s] DEBUG:colcon.colcon_parallel_executor.executor.parallel:run_until_complete
[1.723s] INFO:colcon.colcon_ros.task.ament_cmake.build:Building ROS package in '/home/annette-robosync/new_ws/src/new_package' with build type 'ament_cmake'
[1.723s] INFO:colcon.colcon_cmake.task.cmake.build:Building CMake package in '/home/annette-robosync/new_ws/src/new_package'
[1.738s] INFO:colcon.colcon_core.plugin_system:Skipping extension 'colcon_core.shell.bat': Not used on non-Windows systems
[1.739s] INFO:colcon.colcon_core.shell:Skip shell extension 'powershell' for command environment: Not usable outside of PowerShell
[1.741s] DEBUG:colcon.colcon_core.shell:Skip shell extension 'dsv' for command environment
[1.805s] DEBUG:colcon.colcon_core.event_handler.log_command:Invoking command in '/home/annette-robosync/new_ws/build/new_package': /usr/bin/cmake --build /home/annette-robosync/new_ws/build/new_package -- -j4 -l4
[2.164s] DEBUG:colcon.colcon_core.event_handler.log_command:Invoked command in '/home/annette-robosync/new_ws/build/new_package' returned '0': /usr/bin/cmake --build /home/annette-robosync/new_ws/build/new_package -- -j4 -l4
[2.212s] DEBUG:colcon.colcon_core.event_handler.log_command:Invoking command in '/home/annette-robosync/new_ws/build/new_package': /usr/bin/cmake --install /home/annette-robosync/new_ws/build/new_package
[2.282s] Level 1:colcon.colcon_core.environment:create_environment_scripts_only(new_package)
[2.288s] DEBUG:colcon.colcon_core.event_handler.log_command:Invoked command in '/home/annette-robosync/new_ws/build/new_package' returned '0': /usr/bin/cmake --install /home/annette-robosync/new_ws/build/new_package
[2.299s] Level 1:colcon.colcon_core.environment:checking '/home/annette-robosync/new_ws/install/new_package' for CMake module files
[2.302s] Level 1:colcon.colcon_core.environment:checking '/home/annette-robosync/new_ws/install/new_package' for CMake config files
[2.305s] Level 1:colcon.colcon_core.shell:create_environment_hook('new_package', 'cmake_prefix_path')
[2.306s] INFO:colcon.colcon_core.shell:Creating environment hook '/home/annette-robosync/new_ws/install/new_package/share/new_package/hook/cmake_prefix_path.ps1'
[2.309s] INFO:colcon.colcon_core.shell:Creating environment descriptor '/home/annette-robosync/new_ws/install/new_package/share/new_package/hook/cmake_prefix_path.dsv'
[2.312s] INFO:colcon.colcon_core.shell:Creating environment hook '/home/annette-robosync/new_ws/install/new_package/share/new_package/hook/cmake_prefix_path.sh'
[2.318s] Level 1:colcon.colcon_core.environment:checking '/home/annette-robosync/new_ws/install/new_package/lib'
[2.319s] Level 1:colcon.colcon_core.environment:checking '/home/annette-robosync/new_ws/install/new_package/bin'
[2.320s] Level 1:colcon.colcon_core.environment:checking '/home/annette-robosync/new_ws/install/new_package/lib/pkgconfig/new_package.pc'
[2.321s] Level 1:colcon.colcon_core.environment:checking '/home/annette-robosync/new_ws/install/new_package/lib/python3.10/site-packages'
[2.322s] Level 1:colcon.colcon_core.shell:create_environment_hook('new_package', 'pythonpath')
[2.323s] INFO:colcon.colcon_core.shell:Creating environment hook '/home/annette-robosync/new_ws/install/new_package/share/new_package/hook/pythonpath.ps1'
[2.327s] INFO:colcon.colcon_core.shell:Creating environment descriptor '/home/annette-robosync/new_ws/install/new_package/share/new_package/hook/pythonpath.dsv'
[2.329s] INFO:colcon.colcon_core.shell:Creating environment hook '/home/annette-robosync/new_ws/install/new_package/share/new_package/hook/pythonpath.sh'
[2.333s] Level 1:colcon.colcon_core.environment:checking '/home/annette-robosync/new_ws/install/new_package/bin'
[2.334s] INFO:colcon.colcon_core.shell:Creating package script '/home/annette-robosync/new_ws/install/new_package/share/new_package/package.ps1'
[2.340s] INFO:colcon.colcon_core.shell:Creating package descriptor '/home/annette-robosync/new_ws/install/new_package/share/new_package/package.dsv'
[2.346s] INFO:colcon.colcon_core.shell:Creating package script '/home/annette-robosync/new_ws/install/new_package/share/new_package/package.sh'
[2.350s] INFO:colcon.colcon_core.shell:Creating package script '/home/annette-robosync/new_ws/install/new_package/share/new_package/package.bash'
[2.355s] INFO:colcon.colcon_core.shell:Creating package script '/home/annette-robosync/new_ws/install/new_package/share/new_package/package.zsh'
[2.361s] Level 1:colcon.colcon_core.environment:create_file_with_runtime_dependencies(/home/annette-robosync/new_ws/install/new_package/share/colcon-core/packages/new_package)
[2.364s] Level 1:colcon.colcon_core.environment:create_environment_scripts_only(new_package)
[2.365s] Level 1:colcon.colcon_core.environment:checking '/home/annette-robosync/new_ws/install/new_package' for CMake module files
[2.367s] Level 1:colcon.colcon_core.environment:checking '/home/annette-robosync/new_ws/install/new_package' for CMake config files
[2.369s] Level 1:colcon.colcon_core.shell:create_environment_hook('new_package', 'cmake_prefix_path')
[2.370s] INFO:colcon.colcon_core.shell:Creating environment hook '/home/annette-robosync/new_ws/install/new_package/share/new_package/hook/cmake_prefix_path.ps1'
[2.372s] INFO:colcon.colcon_core.shell:Creating environment descriptor '/home/annette-robosync/new_ws/install/new_package/share/new_package/hook/cmake_prefix_path.dsv'
[2.376s] INFO:colcon.colcon_core.shell:Creating environment hook '/home/annette-robosync/new_ws/install/new_package/share/new_package/hook/cmake_prefix_path.sh'
[2.380s] Level 1:colcon.colcon_core.environment:checking '/home/annette-robosync/new_ws/install/new_package/lib'
[2.380s] Level 1:colcon.colcon_core.environment:checking '/home/annette-robosync/new_ws/install/new_package/bin'
[2.381s] Level 1:colcon.colcon_core.environment:checking '/home/annette-robosync/new_ws/install/new_package/lib/pkgconfig/new_package.pc'
[2.382s] Level 1:colcon.colcon_core.environment:checking '/home/annette-robosync/new_ws/install/new_package/lib/python3.10/site-packages'
[2.383s] Level 1:colcon.colcon_core.shell:create_environment_hook('new_package', 'pythonpath')
[2.384s] INFO:colcon.colcon_core.shell:Creating environment hook '/home/annette-robosync/new_ws/install/new_package/share/new_package/hook/pythonpath.ps1'
[2.386s] INFO:colcon.colcon_core.shell:Creating environment descriptor '/home/annette-robosync/new_ws/install/new_package/share/new_package/hook/pythonpath.dsv'
[2.388s] INFO:colcon.colcon_core.shell:Creating environment hook '/home/annette-robosync/new_ws/install/new_package/share/new_package/hook/pythonpath.sh'
[2.392s] Level 1:colcon.colcon_core.environment:checking '/home/annette-robosync/new_ws/install/new_package/bin'
[2.394s] INFO:colcon.colcon_core.shell:Creating package script '/home/annette-robosync/new_ws/install/new_package/share/new_package/package.ps1'
[2.398s] INFO:colcon.colcon_core.shell:Creating package descriptor '/home/annette-robosync/new_ws/install/new_package/share/new_package/package.dsv'
[2.402s] INFO:colcon.colcon_core.shell:Creating package script '/home/annette-robosync/new_ws/install/new_package/share/new_package/package.sh'
[2.405s] INFO:colcon.colcon_core.shell:Creating package script '/home/annette-robosync/new_ws/install/new_package/share/new_package/package.bash'
[2.407s] INFO:colcon.colcon_core.shell:Creating package script '/home/annette-robosync/new_ws/install/new_package/share/new_package/package.zsh'
[2.409s] Level 1:colcon.colcon_core.environment:create_file_with_runtime_dependencies(/home/annette-robosync/new_ws/install/new_package/share/colcon-core/packages/new_package)
[2.412s] DEBUG:colcon.colcon_parallel_executor.executor.parallel:closing loop
[2.414s] DEBUG:colcon.colcon_parallel_executor.executor.parallel:loop closed
[2.415s] DEBUG:colcon.colcon_parallel_executor.executor.parallel:run_until_complete finished with '0'
[2.415s] DEBUG:colcon.colcon_core.event_reactor:joining thread
[2.532s] INFO:colcon.colcon_core.plugin_system:Skipping extension 'colcon_notification.desktop_notification.notify_send': Could not find 'notify-send'
[2.532s] INFO:colcon.colcon_core.plugin_system:Skipping extension 'colcon_notification.desktop_notification.terminal_notifier': Not used on non-Darwin systems
[2.533s] INFO:colcon.colcon_core.plugin_system:Skipping extension 'colcon_notification.desktop_notification.win32': Not used on non-Windows systems
[2.533s] INFO:colcon.colcon_notification.desktop_notification:Sending desktop notification using 'notify2'
[2.534s] DEBUG:colcon.colcon_notification.desktop_notification.notify2:Failed to initialize notify2: org.freedesktop.DBus.Error.FileNotFound: Failed to connect to socket /run/user/1000/bus: No such file or directory
[2.535s] DEBUG:colcon.colcon_core.event_reactor:joined thread
[2.536s] INFO:colcon.colcon_core.shell:Creating prefix script '/home/annette-robosync/new_ws/install/local_setup.ps1'
[2.541s] INFO:colcon.colcon_core.shell:Creating prefix util module '/home/annette-robosync/new_ws/install/_local_setup_util_ps1.py'
[2.556s] INFO:colcon.colcon_core.shell:Creating prefix chain script '/home/annette-robosync/new_ws/install/setup.ps1'
[2.561s] INFO:colcon.colcon_core.shell:Creating prefix script '/home/annette-robosync/new_ws/install/local_setup.sh'
[2.567s] INFO:colcon.colcon_core.shell:Creating prefix util module '/home/annette-robosync/new_ws/install/_local_setup_util_sh.py'
[2.575s] INFO:colcon.colcon_core.shell:Creating prefix chain script '/home/annette-robosync/new_ws/install/setup.sh'
[2.581s] INFO:colcon.colcon_core.shell:Creating prefix script '/home/annette-robosync/new_ws/install/local_setup.bash'
[2.585s] INFO:colcon.colcon_core.shell:Creating prefix chain script '/home/annette-robosync/new_ws/install/setup.bash'
[2.590s] INFO:colcon.colcon_core.shell:Creating prefix script '/home/annette-robosync/new_ws/install/local_setup.zsh'
[2.593s] INFO:colcon.colcon_core.shell:Creating prefix chain script '/home/annette-robosync/new_ws/install/setup.zsh'
