[0.041s] Invoking command in '/home/annette-robosync/new_ws/build/new_package': CMAKE_PREFIX_PATH=${CMAKE_PREFIX_PATH}:/opt/ros/humble /usr/bin/cmake /home/annette-robosync/new_ws/src/new_package -DAMENT_CMAKE_SYMLINK_INSTALL=1 -DCMAKE_INSTALL_PREFIX=/home/annette-robosync/new_ws/install/new_package
[0.075s] -- Found ament_cmake: 1.3.12 (/opt/ros/humble/share/ament_cmake/cmake)
[0.477s] -- Override CMake install command with custom implementation using symlinks instead of copying resources
[0.507s] -- Found xacro: 2.0.13 (/opt/ros/humble/share/xacro/cmake)
[0.510s] -- Found robot_state_publisher: 3.0.3 (/opt/ros/humble/share/robot_state_publisher/cmake)
[0.827s] -- Found rosidl_generator_c: 3.1.7 (/opt/ros/humble/share/rosidl_generator_c/cmake)
[0.832s] -- Found rosidl_adapter: 3.1.7 (/opt/ros/humble/share/rosidl_adapter/cmake)
[0.860s] -- Found rosidl_generator_cpp: 3.1.7 (/opt/ros/humble/share/rosidl_generator_cpp/cmake)
[0.901s] -- Using all available rosidl_typesupport_c: rosidl_typesupport_fastrtps_c;rosidl_typesupport_introspection_c
[0.940s] -- Using all available rosidl_typesupport_cpp: rosidl_typesupport_fastrtps_cpp;rosidl_typesupport_introspection_cpp
[1.065s] -- Found eigen3_cmake_module: 0.1.1 (/opt/ros/humble/share/eigen3_cmake_module/cmake)
[1.069s] -- Ensuring Eigen3 include directory is part of orocos-kdl CMake target
[1.172s] -- Found rmw_implementation_cmake: 6.1.2 (/opt/ros/humble/share/rmw_implementation_cmake/cmake)
[1.177s] -- Found rmw_fastrtps_cpp: 6.2.8 (/opt/ros/humble/share/rmw_fastrtps_cpp/cmake)
[9.909s] -- Using RMW implementation 'rmw_fastrtps_cpp' as default
[12.477s] -- Found gazebo_ros: 3.9.0 (/opt/ros/humble/share/gazebo_ros/cmake)
[12.503s] -- Found PkgConfig: /usr/bin/pkg-config (found version "0.29.2") 
[12.505s] -- Checking for module 'bullet>=2.82'
[12.537s] --   Found bullet, version 3.05
[12.870s] -- Found fcl: /usr/include (found suitable version "0.7.0", minimum required is "0.5.0") 
[13.021s] -- Found assimp: /usr/include (found version "5.2.0") 
[13.076s] -- Found DART: /usr/include (Required is at least version "6.6") found components: dart 
[13.197s] -- Found Boost: /usr/lib/x86_64-linux-gnu/cmake/Boost-1.74.0/BoostConfig.cmake (found suitable version "1.74.0", minimum required is "1.40.0") found components: thread system filesystem program_options regex iostreams date_time 
[13.232s] -- Looking for ignition-math6 -- found version 6.15.1
[13.245s] -- Searching for dependencies of ignition-math6
[13.249s] -- Looking for OGRE...
[13.251s] -- OGRE_PREFIX_WATCH changed.
[13.267s] -- Checking for module 'OGRE'
[13.333s] --   Found OGRE, version 1.9.0
[13.449s] -- Found Ogre Ghadamon (1.9.0)
[14.244s] -- Found OGRE: optimized;/usr/lib/x86_64-linux-gnu/libOgreMain.so;debug;/usr/lib/x86_64-linux-gnu/libOgreMain.so
[14.285s] -- Looking for OGRE_Paging...
[14.819s] -- Found OGRE_Paging: optimized;/usr/lib/x86_64-linux-gnu/libOgrePaging.so;debug;/usr/lib/x86_64-linux-gnu/libOgrePaging.so
[14.819s] -- Looking for OGRE_Terrain...
[15.425s] -- Found OGRE_Terrain: optimized;/usr/lib/x86_64-linux-gnu/libOgreTerrain.so;debug;/usr/lib/x86_64-linux-gnu/libOgreTerrain.so
[15.425s] -- Looking for OGRE_Property...
[16.070s] -- Found OGRE_Property: optimized;/usr/lib/x86_64-linux-gnu/libOgreProperty.so;debug;/usr/lib/x86_64-linux-gnu/libOgreProperty.so
[16.070s] -- Looking for OGRE_RTShaderSystem...
[16.634s] -- Found OGRE_RTShaderSystem: optimized;/usr/lib/x86_64-linux-gnu/libOgreRTShaderSystem.so;debug;/usr/lib/x86_64-linux-gnu/libOgreRTShaderSystem.so
[16.634s] -- Looking for OGRE_Volume...
[17.074s] -- Found OGRE_Volume: optimized;/usr/lib/x86_64-linux-gnu/libOgreVolume.so;debug;/usr/lib/x86_64-linux-gnu/libOgreVolume.so
[17.075s] -- Looking for OGRE_Overlay...
[17.552s] -- Found OGRE_Overlay: optimized;/usr/lib/x86_64-linux-gnu/libOgreOverlay.so;debug;/usr/lib/x86_64-linux-gnu/libOgreOverlay.so
[48.408s] -- Looking for ignition-math6 -- found version 6.15.1
[48.408s] -- Looking for ignition-transport8 -- found version 8.2.1
[48.413s] -- Searching for dependencies of ignition-transport8
[50.043s] -- Found Protobuf: /usr/lib/x86_64-linux-gnu/libprotobuf.so (found suitable version "3.12.4", minimum required is "3") 
[52.063s] -- Config-file not installed for ZeroMQ -- checking for pkg-config
[52.078s] -- Checking for module 'libzmq >= 4'
[52.116s] --   Found libzmq , version 4.3.4
[52.221s] -- Found ZeroMQ: TRUE (Required is at least version "4") 
[52.235s] -- Checking for module 'uuid'
[52.277s] --   Found uuid, version 2.37.2
[52.377s] -- Found UUID: TRUE  
[52.383s] -- Looking for ignition-msgs5 -- found version 5.8.1
[52.384s] -- Searching for dependencies of ignition-msgs5
[54.435s] -- Looking for ignition-math6 -- found version 6.15.1
[54.461s] -- Checking for module 'tinyxml2'
[54.503s] --   Found tinyxml2, version 9.0.0
[54.618s] -- Looking for ignition-msgs5 -- found version 5.8.1
[54.625s] -- Looking for ignition-common3 -- found version 3.14.0
[54.626s] -- Searching for dependencies of ignition-common3
[54.678s] -- Looking for dlfcn.h - found
[54.725s] -- Looking for libdl - found
[54.730s] -- Found DL: TRUE  
[54.878s] -- Found tinyobjloader: /usr/lib/x86_64-linux-gnu/cmake/tinyobjloader/tinyobjloader-config.cmake (found version "2.0.0") 
[54.880s] -- Searching for <ignition-common3> component [graphics]
[54.886s] -- Looking for ignition-common3-graphics -- found version 3.14.0
[54.887s] -- Searching for dependencies of ignition-common3-graphics
[54.888s] -- Looking for ignition-math6 -- found version 6.15.1
[54.895s] -- Looking for ignition-fuel_tools4 -- found version 4.4.0
[54.896s] -- Searching for dependencies of ignition-fuel_tools4
[57.387s] -- Found CURL: /usr/lib/x86_64-linux-gnu/libcurl.so (found version "7.81.0")  
[57.419s] -- Checking for module 'jsoncpp'
[57.461s] --   Found jsoncpp, version 1.9.5
[57.556s] -- Found JSONCPP: TRUE  
[57.575s] -- Checking for module 'libzip'
[57.616s] --   Found libzip, version 1.7.3
[57.725s] -- Found ZIP: TRUE  
[57.726s] -- Looking for ignition-common3 -- found version 3.14.0
[57.728s] -- Looking for ignition-math6 -- found version 6.15.1
[57.731s] -- Looking for ignition-msgs5 -- found version 5.8.1
[57.746s] -- Gazebo version: 11.10
[57.748s] -- Checking for module 'tbb'
[57.792s] --   Found tbb, version 2021.5.0
[58.141s] -- Configuring done
[58.182s] -- Generating done
[58.198s] -- Build files have been written to: /home/annette-robosync/new_ws/build/new_package
[58.232s] Invoked command in '/home/annette-robosync/new_ws/build/new_package' returned '0': CMAKE_PREFIX_PATH=${CMAKE_PREFIX_PATH}:/opt/ros/humble /usr/bin/cmake /home/annette-robosync/new_ws/src/new_package -DAMENT_CMAKE_SYMLINK_INSTALL=1 -DCMAKE_INSTALL_PREFIX=/home/annette-robosync/new_ws/install/new_package
[58.237s] Invoking command in '/home/annette-robosync/new_ws/build/new_package': CMAKE_PREFIX_PATH=${CMAKE_PREFIX_PATH}:/opt/ros/humble /usr/bin/cmake --build /home/annette-robosync/new_ws/build/new_package -- -j4 -l4
[58.369s] Invoked command in '/home/annette-robosync/new_ws/build/new_package' returned '0': CMAKE_PREFIX_PATH=${CMAKE_PREFIX_PATH}:/opt/ros/humble /usr/bin/cmake --build /home/annette-robosync/new_ws/build/new_package -- -j4 -l4
[58.398s] Invoking command in '/home/annette-robosync/new_ws/build/new_package': CMAKE_PREFIX_PATH=${CMAKE_PREFIX_PATH}:/opt/ros/humble /usr/bin/cmake --install /home/annette-robosync/new_ws/build/new_package
[58.428s] -- Install configuration: ""
[58.433s] -- Execute custom install script
[58.437s] -- Symlinking: /home/annette-robosync/new_ws/install/new_package/share/new_package/urdf/zeta.urdf.xacro
[58.456s] -- Symlinking: /home/annette-robosync/new_ws/install/new_package/share/new_package/launch/robot.launch.py
[58.493s] -- Symlinking: /home/annette-robosync/new_ws/install/new_package/share/new_package/launch/simulate.launch.py
[58.518s] -- Symlinking: /home/annette-robosync/new_ws/install/new_package/share/new_package/config/diff_drive_controllers.yaml
[58.544s] -- Symlinking: /home/annette-robosync/new_ws/install/new_package/share/new_package/config/zeta.rviz
[58.569s] -- Symlinking: /home/annette-robosync/new_ws/install/new_package/share/ament_index/resource_index/package_run_dependencies/new_package
[58.605s] -- Symlinking: /home/annette-robosync/new_ws/install/new_package/share/ament_index/resource_index/parent_prefix_path/new_package
[58.633s] -- Symlinking: /home/annette-robosync/new_ws/install/new_package/share/new_package/environment/ament_prefix_path.sh
[58.658s] -- Symlinking: /home/annette-robosync/new_ws/install/new_package/share/new_package/environment/ament_prefix_path.dsv
[58.700s] -- Symlinking: /home/annette-robosync/new_ws/install/new_package/share/new_package/environment/path.sh
[58.740s] -- Symlinking: /home/annette-robosync/new_ws/install/new_package/share/new_package/environment/path.dsv
[58.762s] -- Symlinking: /home/annette-robosync/new_ws/install/new_package/share/new_package/local_setup.bash
[58.794s] -- Symlinking: /home/annette-robosync/new_ws/install/new_package/share/new_package/local_setup.sh
[58.817s] -- Symlinking: /home/annette-robosync/new_ws/install/new_package/share/new_package/local_setup.zsh
[58.840s] -- Symlinking: /home/annette-robosync/new_ws/install/new_package/share/new_package/local_setup.dsv
[58.864s] -- Symlinking: /home/annette-robosync/new_ws/install/new_package/share/new_package/package.dsv
[58.898s] -- Symlinking: /home/annette-robosync/new_ws/install/new_package/share/ament_index/resource_index/packages/new_package
[58.929s] -- Symlinking: /home/annette-robosync/new_ws/install/new_package/share/new_package/cmake/ament_cmake_export_dependencies-extras.cmake
[58.957s] -- Symlinking: /home/annette-robosync/new_ws/install/new_package/share/new_package/cmake/new_packageConfig.cmake
[58.980s] -- Symlinking: /home/annette-robosync/new_ws/install/new_package/share/new_package/cmake/new_packageConfig-version.cmake
[59.009s] -- Symlinking: /home/annette-robosync/new_ws/install/new_package/share/new_package/package.xml
[59.040s] Invoked command in '/home/annette-robosync/new_ws/build/new_package' returned '0': CMAKE_PREFIX_PATH=${CMAKE_PREFIX_PATH}:/opt/ros/humble /usr/bin/cmake --install /home/annette-robosync/new_ws/build/new_package
