[0.012s] Invoking command in '/root/Dojo/Dojo/build/robot_bringup': AMENT_PREFIX_PATH=/root/Dojo/Dojo/install/robot_navigation:/root/Dojo/Dojo/install/robot_hardware:/root/Dojo/Dojo/install/robot_description:/root/Dojo/Dojo/install/robot_control:${AMENT_PREFIX_PATH} CMAKE_PREFIX_PATH=/root/Dojo/Dojo/install/robot_navigation:/root/Dojo/Dojo/install/robot_perception:/root/Dojo/Dojo/install/robot_description:/root/Dojo/Dojo/install/robot_control:/root/Dojo/install/robot_perception:/root/Dojo/install/robot_hardware:/opt/ros/humble PYTHONPATH=/root/Dojo/Dojo/build/robot_hardware:/root/Dojo/Dojo/install/robot_hardware/lib/python3.10/site-packages:/root/Dojo/Dojo/install/robot_description/lib/python3.10/site-packages:${PYTHONPATH} /usr/bin/cmake /root/Dojo/Dojo/src/robot_bringup -DCMAKE_BUILD_TYPE=Release -DBUILD_TESTING=OFF -DAMENT_CMAKE_SYMLINK_INSTALL=1 -DCMAKE_INSTALL_PREFIX=/root/Dojo/Dojo/install/robot_bringup
[0.074s] -- The C compiler identification is GNU 11.4.0
[0.140s] -- The CXX compiler identification is GNU 11.4.0
[0.150s] -- Detecting C compiler ABI info
[0.248s] -- Detecting C compiler ABI info - done
[0.261s] -- Check for working C compiler: /usr/bin/cc - skipped
[0.261s] -- Detecting C compile features
[0.262s] -- Detecting C compile features - done
[0.267s] -- Detecting CXX compiler ABI info
[0.357s] -- Detecting CXX compiler ABI info - done
[0.364s] -- Check for working CXX compiler: /usr/bin/c++ - skipped
[0.364s] -- Detecting CXX compile features
[0.364s] -- Detecting CXX compile features - done
[0.369s] -- Found ament_cmake: 1.3.12 (/opt/ros/humble/share/ament_cmake/cmake)
[1.070s] -- Found Python3: /usr/bin/python3 (found version "3.10.12") found components: Interpreter 
[1.135s] -- Override CMake install command with custom implementation using symlinks instead of copying resources
[1.243s] -- Configuring done
[1.246s] -- Generating done
[1.248s] -- Build files have been written to: /root/Dojo/Dojo/build/robot_bringup
[1.253s] Invoked command in '/root/Dojo/Dojo/build/robot_bringup' returned '0': AMENT_PREFIX_PATH=/root/Dojo/Dojo/install/robot_navigation:/root/Dojo/Dojo/install/robot_hardware:/root/Dojo/Dojo/install/robot_description:/root/Dojo/Dojo/install/robot_control:${AMENT_PREFIX_PATH} CMAKE_PREFIX_PATH=/root/Dojo/Dojo/install/robot_navigation:/root/Dojo/Dojo/install/robot_perception:/root/Dojo/Dojo/install/robot_description:/root/Dojo/Dojo/install/robot_control:/root/Dojo/install/robot_perception:/root/Dojo/install/robot_hardware:/opt/ros/humble PYTHONPATH=/root/Dojo/Dojo/build/robot_hardware:/root/Dojo/Dojo/install/robot_hardware/lib/python3.10/site-packages:/root/Dojo/Dojo/install/robot_description/lib/python3.10/site-packages:${PYTHONPATH} /usr/bin/cmake /root/Dojo/Dojo/src/robot_bringup -DCMAKE_BUILD_TYPE=Release -DBUILD_TESTING=OFF -DAMENT_CMAKE_SYMLINK_INSTALL=1 -DCMAKE_INSTALL_PREFIX=/root/Dojo/Dojo/install/robot_bringup
[1.254s] Invoking command in '/root/Dojo/Dojo/build/robot_bringup': AMENT_PREFIX_PATH=/root/Dojo/Dojo/install/robot_navigation:/root/Dojo/Dojo/install/robot_hardware:/root/Dojo/Dojo/install/robot_description:/root/Dojo/Dojo/install/robot_control:${AMENT_PREFIX_PATH} CMAKE_PREFIX_PATH=/root/Dojo/Dojo/install/robot_navigation:/root/Dojo/Dojo/install/robot_perception:/root/Dojo/Dojo/install/robot_description:/root/Dojo/Dojo/install/robot_control:/root/Dojo/install/robot_perception:/root/Dojo/install/robot_hardware:/opt/ros/humble PYTHONPATH=/root/Dojo/Dojo/build/robot_hardware:/root/Dojo/Dojo/install/robot_hardware/lib/python3.10/site-packages:/root/Dojo/Dojo/install/robot_description/lib/python3.10/site-packages:${PYTHONPATH} /usr/bin/cmake --build /root/Dojo/Dojo/build/robot_bringup -- -j16 -l16
[1.293s] Invoked command in '/root/Dojo/Dojo/build/robot_bringup' returned '0': AMENT_PREFIX_PATH=/root/Dojo/Dojo/install/robot_navigation:/root/Dojo/Dojo/install/robot_hardware:/root/Dojo/Dojo/install/robot_description:/root/Dojo/Dojo/install/robot_control:${AMENT_PREFIX_PATH} CMAKE_PREFIX_PATH=/root/Dojo/Dojo/install/robot_navigation:/root/Dojo/Dojo/install/robot_perception:/root/Dojo/Dojo/install/robot_description:/root/Dojo/Dojo/install/robot_control:/root/Dojo/install/robot_perception:/root/Dojo/install/robot_hardware:/opt/ros/humble PYTHONPATH=/root/Dojo/Dojo/build/robot_hardware:/root/Dojo/Dojo/install/robot_hardware/lib/python3.10/site-packages:/root/Dojo/Dojo/install/robot_description/lib/python3.10/site-packages:${PYTHONPATH} /usr/bin/cmake --build /root/Dojo/Dojo/build/robot_bringup -- -j16 -l16
[1.296s] Invoking command in '/root/Dojo/Dojo/build/robot_bringup': AMENT_PREFIX_PATH=/root/Dojo/Dojo/install/robot_navigation:/root/Dojo/Dojo/install/robot_hardware:/root/Dojo/Dojo/install/robot_description:/root/Dojo/Dojo/install/robot_control:${AMENT_PREFIX_PATH} CMAKE_PREFIX_PATH=/root/Dojo/Dojo/install/robot_navigation:/root/Dojo/Dojo/install/robot_perception:/root/Dojo/Dojo/install/robot_description:/root/Dojo/Dojo/install/robot_control:/root/Dojo/install/robot_perception:/root/Dojo/install/robot_hardware:/opt/ros/humble PYTHONPATH=/root/Dojo/Dojo/build/robot_hardware:/root/Dojo/Dojo/install/robot_hardware/lib/python3.10/site-packages:/root/Dojo/Dojo/install/robot_description/lib/python3.10/site-packages:${PYTHONPATH} /usr/bin/cmake --install /root/Dojo/Dojo/build/robot_bringup
[1.302s] -- Install configuration: "Release"
[1.303s] -- Execute custom install script
[1.303s] -- Symlinking: /root/Dojo/Dojo/install/robot_bringup/share/robot_bringup/launch/bringup.launch.py
[1.312s] -- Symlinking: /root/Dojo/Dojo/install/robot_bringup/share/robot_bringup/launch/bringup.launch.py.backup
[1.321s] -- Symlinking: /root/Dojo/Dojo/install/robot_bringup/share/robot_bringup/launch/rviz.launch.py
[1.330s] -- Symlinking: /root/Dojo/Dojo/install/robot_bringup/share/ament_index/resource_index/package_run_dependencies/robot_bringup
[1.339s] -- Symlinking: /root/Dojo/Dojo/install/robot_bringup/share/ament_index/resource_index/parent_prefix_path/robot_bringup
[1.348s] -- Symlinking: /root/Dojo/Dojo/install/robot_bringup/share/robot_bringup/environment/ament_prefix_path.sh
[1.357s] -- Symlinking: /root/Dojo/Dojo/install/robot_bringup/share/robot_bringup/environment/ament_prefix_path.dsv
[1.366s] -- Symlinking: /root/Dojo/Dojo/install/robot_bringup/share/robot_bringup/environment/path.sh
[1.375s] -- Symlinking: /root/Dojo/Dojo/install/robot_bringup/share/robot_bringup/environment/path.dsv
[1.384s] -- Symlinking: /root/Dojo/Dojo/install/robot_bringup/share/robot_bringup/local_setup.bash
[1.392s] -- Symlinking: /root/Dojo/Dojo/install/robot_bringup/share/robot_bringup/local_setup.sh
[1.401s] -- Symlinking: /root/Dojo/Dojo/install/robot_bringup/share/robot_bringup/local_setup.zsh
[1.409s] -- Symlinking: /root/Dojo/Dojo/install/robot_bringup/share/robot_bringup/local_setup.dsv
[1.418s] -- Symlinking: /root/Dojo/Dojo/install/robot_bringup/share/robot_bringup/package.dsv
[1.427s] -- Symlinking: /root/Dojo/Dojo/install/robot_bringup/share/ament_index/resource_index/packages/robot_bringup
[1.436s] -- Symlinking: /root/Dojo/Dojo/install/robot_bringup/share/robot_bringup/cmake/robot_bringupConfig.cmake
[1.446s] -- Symlinking: /root/Dojo/Dojo/install/robot_bringup/share/robot_bringup/cmake/robot_bringupConfig-version.cmake
[1.455s] -- Symlinking: /root/Dojo/Dojo/install/robot_bringup/share/robot_bringup/package.xml
[1.466s] Invoked command in '/root/Dojo/Dojo/build/robot_bringup' returned '0': AMENT_PREFIX_PATH=/root/Dojo/Dojo/install/robot_navigation:/root/Dojo/Dojo/install/robot_hardware:/root/Dojo/Dojo/install/robot_description:/root/Dojo/Dojo/install/robot_control:${AMENT_PREFIX_PATH} CMAKE_PREFIX_PATH=/root/Dojo/Dojo/install/robot_navigation:/root/Dojo/Dojo/install/robot_perception:/root/Dojo/Dojo/install/robot_description:/root/Dojo/Dojo/install/robot_control:/root/Dojo/install/robot_perception:/root/Dojo/install/robot_hardware:/opt/ros/humble PYTHONPATH=/root/Dojo/Dojo/build/robot_hardware:/root/Dojo/Dojo/install/robot_hardware/lib/python3.10/site-packages:/root/Dojo/Dojo/install/robot_description/lib/python3.10/site-packages:${PYTHONPATH} /usr/bin/cmake --install /root/Dojo/Dojo/build/robot_bringup
