[0.386s] Invoking command in '/root/Dojo/Dojo/build/robot_perception': /usr/bin/cmake /root/Dojo/Dojo/src/robot_perception -DCMAKE_BUILD_TYPE=Release -DBUILD_TESTING=OFF -DCMAKE_INSTALL_PREFIX=/root/Dojo/Dojo/install/robot_perception
[1.776s] -- The C compiler identification is GNU 11.4.0
[1.776s] -- The CXX compiler identification is GNU 11.4.0
[1.776s] -- Detecting C compiler ABI info
[1.776s] -- Detecting C compiler ABI info - done
[1.776s] -- Check for working C compiler: /usr/bin/cc - skipped
[1.776s] -- Detecting C compile features
[1.776s] -- Detecting C compile features - done
[1.776s] -- Detecting CXX compiler ABI info
[1.776s] -- Detecting CXX compiler ABI info - done
[1.776s] -- Check for working CXX compiler: /usr/bin/c++ - skipped
[1.776s] -- Detecting CXX compile features
[1.777s] -- Detecting CXX compile features - done
[1.777s] -- Found ament_cmake: 1.3.12 (/opt/ros/humble/share/ament_cmake/cmake)
[1.777s] -- Found Python3: /usr/bin/python3 (found version "3.10.12") found components: Interpreter 
[1.777s] -- Configuring done
[1.777s] -- Generating done
[1.777s] -- Build files have been written to: /root/Dojo/Dojo/build/robot_perception
[2.130s] Invoked command in '/root/Dojo/Dojo/build/robot_perception' returned '0': /usr/bin/cmake /root/Dojo/Dojo/src/robot_perception -DCMAKE_BUILD_TYPE=Release -DBUILD_TESTING=OFF -DCMAKE_INSTALL_PREFIX=/root/Dojo/Dojo/install/robot_perception
[2.131s] Invoking command in '/root/Dojo/Dojo/build/robot_perception': /usr/bin/cmake --build /root/Dojo/Dojo/build/robot_perception -- -j16 -l16
[2.214s] Built target ament_cmake_python_copy_robot_perception_setup
[2.227s] Built target ament_cmake_python_copy_robot_perception
[2.634s] running egg_info
[2.635s] creating robot_perception.egg-info
[2.651s] writing robot_perception.egg-info/PKG-INFO
[2.651s] writing dependency_links to robot_perception.egg-info/dependency_links.txt
[2.652s] writing top-level names to robot_perception.egg-info/top_level.txt
[2.652s] writing manifest file 'robot_perception.egg-info/SOURCES.txt'
[2.700s] reading manifest file 'robot_perception.egg-info/SOURCES.txt'
[2.701s] writing manifest file 'robot_perception.egg-info/SOURCES.txt'
[2.760s] Built target ament_cmake_python_build_robot_perception_egg
[2.777s] Invoked command in '/root/Dojo/Dojo/build/robot_perception' returned '0': /usr/bin/cmake --build /root/Dojo/Dojo/build/robot_perception -- -j16 -l16
[2.794s] Invoking command in '/root/Dojo/Dojo/build/robot_perception': /usr/bin/cmake --install /root/Dojo/Dojo/build/robot_perception
[2.806s] -- Install configuration: "Release"
[2.806s] -- Installing: /root/Dojo/Dojo/install/robot_perception/share/robot_perception/environment/pythonpath.sh
[2.806s] -- Installing: /root/Dojo/Dojo/install/robot_perception/share/robot_perception/environment/pythonpath.dsv
[2.807s] -- Installing: /root/Dojo/Dojo/install/robot_perception/local/lib/python3.10/dist-packages/robot_perception-0.2.0-py3.10.egg-info
[2.807s] -- Installing: /root/Dojo/Dojo/install/robot_perception/local/lib/python3.10/dist-packages/robot_perception-0.2.0-py3.10.egg-info/SOURCES.txt
[2.807s] -- Installing: /root/Dojo/Dojo/install/robot_perception/local/lib/python3.10/dist-packages/robot_perception-0.2.0-py3.10.egg-info/dependency_links.txt
[2.807s] -- Installing: /root/Dojo/Dojo/install/robot_perception/local/lib/python3.10/dist-packages/robot_perception-0.2.0-py3.10.egg-info/PKG-INFO
[2.807s] -- Installing: /root/Dojo/Dojo/install/robot_perception/local/lib/python3.10/dist-packages/robot_perception-0.2.0-py3.10.egg-info/top_level.txt
[2.808s] -- Installing: /root/Dojo/Dojo/install/robot_perception/local/lib/python3.10/dist-packages/robot_perception
[2.808s] -- Installing: /root/Dojo/Dojo/install/robot_perception/local/lib/python3.10/dist-packages/robot_perception/yolov8n.pt
[2.820s] -- Installing: /root/Dojo/Dojo/install/robot_perception/local/lib/python3.10/dist-packages/robot_perception/utils
[2.820s] -- Installing: /root/Dojo/Dojo/install/robot_perception/local/lib/python3.10/dist-packages/robot_perception/utils/common.py
[2.821s] -- Installing: /root/Dojo/Dojo/install/robot_perception/local/lib/python3.10/dist-packages/robot_perception/utils/__init__.py
[2.822s] -- Installing: /root/Dojo/Dojo/install/robot_perception/local/lib/python3.10/dist-packages/robot_perception/utils/config.py
[2.822s] -- Installing: /root/Dojo/Dojo/install/robot_perception/local/lib/python3.10/dist-packages/robot_perception/nodes
[2.822s] -- Installing: /root/Dojo/Dojo/install/robot_perception/local/lib/python3.10/dist-packages/robot_perception/nodes/object_detector.py
[2.822s] -- Installing: /root/Dojo/Dojo/install/robot_perception/local/lib/python3.10/dist-packages/robot_perception/nodes/perception_integrator.py
[2.822s] -- Installing: /root/Dojo/Dojo/install/robot_perception/local/lib/python3.10/dist-packages/robot_perception/nodes/lidar_processor.py
[2.822s] -- Installing: /root/Dojo/Dojo/install/robot_perception/local/lib/python3.10/dist-packages/robot_perception/nodes/camera_processor.py
[2.822s] -- Installing: /root/Dojo/Dojo/install/robot_perception/local/lib/python3.10/dist-packages/robot_perception/nodes/__init__.py
[2.823s] -- Installing: /root/Dojo/Dojo/install/robot_perception/local/lib/python3.10/dist-packages/robot_perception/__init__.py
[2.888s] Listing '/root/Dojo/Dojo/install/robot_perception/local/lib/python3.10/dist-packages/robot_perception'...
[2.889s] Compiling '/root/Dojo/Dojo/install/robot_perception/local/lib/python3.10/dist-packages/robot_perception/__init__.py'...
[2.889s] Listing '/root/Dojo/Dojo/install/robot_perception/local/lib/python3.10/dist-packages/robot_perception/nodes'...
[2.889s] Compiling '/root/Dojo/Dojo/install/robot_perception/local/lib/python3.10/dist-packages/robot_perception/nodes/__init__.py'...
[2.889s] Compiling '/root/Dojo/Dojo/install/robot_perception/local/lib/python3.10/dist-packages/robot_perception/nodes/camera_processor.py'...
[2.890s] Compiling '/root/Dojo/Dojo/install/robot_perception/local/lib/python3.10/dist-packages/robot_perception/nodes/lidar_processor.py'...
[2.890s] Compiling '/root/Dojo/Dojo/install/robot_perception/local/lib/python3.10/dist-packages/robot_perception/nodes/object_detector.py'...
[2.890s] Compiling '/root/Dojo/Dojo/install/robot_perception/local/lib/python3.10/dist-packages/robot_perception/nodes/perception_integrator.py'...
[2.890s] Listing '/root/Dojo/Dojo/install/robot_perception/local/lib/python3.10/dist-packages/robot_perception/utils'...
[2.890s] Compiling '/root/Dojo/Dojo/install/robot_perception/local/lib/python3.10/dist-packages/robot_perception/utils/__init__.py'...
[2.890s] Compiling '/root/Dojo/Dojo/install/robot_perception/local/lib/python3.10/dist-packages/robot_perception/utils/common.py'...
[2.890s] Compiling '/root/Dojo/Dojo/install/robot_perception/local/lib/python3.10/dist-packages/robot_perception/utils/config.py'...
[2.898s] -- Installing: /root/Dojo/Dojo/install/robot_perception/share/robot_perception/launch
[2.899s] -- Installing: /root/Dojo/Dojo/install/robot_perception/share/robot_perception/launch/robot_perception.launch.py
[2.899s] -- Installing: /root/Dojo/Dojo/install/robot_perception/share/robot_perception/launch/perception.launch.py
[2.899s] -- Installing: /root/Dojo/Dojo/install/robot_perception/share/robot_perception/launch/perception_integration.launch.py
[2.899s] -- Installing: /root/Dojo/Dojo/install/robot_perception/share/robot_perception/launch/object_detector.launch.py
[2.899s] -- Installing: /root/Dojo/Dojo/install/robot_perception/share/robot_perception/launch/perception_system.launch.py
[2.899s] -- Installing: /root/Dojo/Dojo/install/robot_perception/share/robot_perception/config
[2.899s] -- Installing: /root/Dojo/Dojo/install/robot_perception/share/robot_perception/config/robot_perception_params.yaml
[2.900s] -- Installing: /root/Dojo/Dojo/install/robot_perception/share/robot_perception/config/perception_params.yaml
[2.900s] -- Installing: /root/Dojo/Dojo/install/robot_perception/share/robot_perception/rviz
[2.900s] -- Installing: /root/Dojo/Dojo/install/robot_perception/share/robot_perception/rviz/object_detection.rviz
[2.900s] -- Installing: /root/Dojo/Dojo/install/robot_perception/share/robot_perception/rviz/perception_integration.rviz
[2.900s] -- Installing: /root/Dojo/Dojo/install/robot_perception/share/robot_perception/resource
[2.901s] -- Installing: /root/Dojo/Dojo/install/robot_perception/share/robot_perception/resource/robot_perception
[2.901s] -- Installing: /root/Dojo/Dojo/install/robot_perception/share/robot_perception/CMakeLists.txt
[2.901s] -- Installing: /root/Dojo/Dojo/install/robot_perception/share/robot_perception/package.xml
[2.903s] -- Installing: /root/Dojo/Dojo/install/robot_perception/lib/local/lib/python3.10/dist-packages/robot_perception/setup.py
[2.904s] -- Installing: /root/Dojo/Dojo/install/robot_perception/share/ament_index/resource_index/package_run_dependencies/robot_perception
[2.906s] -- Installing: /root/Dojo/Dojo/install/robot_perception/share/ament_index/resource_index/parent_prefix_path/robot_perception
[2.906s] -- Installing: /root/Dojo/Dojo/install/robot_perception/share/robot_perception/environment/ament_prefix_path.sh
[2.906s] -- Installing: /root/Dojo/Dojo/install/robot_perception/share/robot_perception/environment/ament_prefix_path.dsv
[2.906s] -- Installing: /root/Dojo/Dojo/install/robot_perception/share/robot_perception/environment/path.sh
[2.906s] -- Installing: /root/Dojo/Dojo/install/robot_perception/share/robot_perception/environment/path.dsv
[2.906s] -- Installing: /root/Dojo/Dojo/install/robot_perception/share/robot_perception/local_setup.bash
[2.907s] -- Installing: /root/Dojo/Dojo/install/robot_perception/share/robot_perception/local_setup.sh
[2.907s] -- Installing: /root/Dojo/Dojo/install/robot_perception/share/robot_perception/local_setup.zsh
[2.907s] -- Installing: /root/Dojo/Dojo/install/robot_perception/share/robot_perception/local_setup.dsv
[2.907s] -- Installing: /root/Dojo/Dojo/install/robot_perception/share/robot_perception/package.dsv
[2.907s] -- Installing: /root/Dojo/Dojo/install/robot_perception/share/ament_index/resource_index/packages/robot_perception
[2.907s] -- Installing: /root/Dojo/Dojo/install/robot_perception/share/robot_perception/cmake/ament_cmake_export_dependencies-extras.cmake
[2.907s] -- Installing: /root/Dojo/Dojo/install/robot_perception/share/robot_perception/cmake/robot_perceptionConfig.cmake
[2.908s] -- Installing: /root/Dojo/Dojo/install/robot_perception/share/robot_perception/cmake/robot_perceptionConfig-version.cmake
[2.908s] -- Up-to-date: /root/Dojo/Dojo/install/robot_perception/share/robot_perception/package.xml
[2.912s] Invoked command in '/root/Dojo/Dojo/build/robot_perception' returned '0': /usr/bin/cmake --install /root/Dojo/Dojo/build/robot_perception
