[3.353s] Invoking command in '/root/Dojo/build/ros2arduino_bridge': PYTHONPATH=/root/Dojo/build/ros2arduino_bridge/prefix_override:/usr/lib/python3/dist-packages/colcon_core/task/python/colcon_distutils_commands:/root/Dojo/install/ros2arduino_bridge/lib/python3.10/site-packages:${PYTHONPATH} /usr/bin/python3 -W ignore:setup.py install is deprecated -W ignore:easy_install command is deprecated setup.py develop --editable --build-directory /root/Dojo/build/ros2arduino_bridge/build --no-deps symlink_data
[3.757s] /usr/local/lib/python3.10/dist-packages/setuptools/dist.py:770: UserWarning: Usage of dash-separated 'script-dir' will not be supported in future versions. Please use the underscore name 'script_dir' instead
[3.757s]   warnings.warn(
[3.901s] running develop
[4.221s] running egg_info
[4.221s] creating ros2arduino_bridge.egg-info
[4.240s] writing ros2arduino_bridge.egg-info/PKG-INFO
[4.241s] writing dependency_links to ros2arduino_bridge.egg-info/dependency_links.txt
[4.241s] writing entry points to ros2arduino_bridge.egg-info/entry_points.txt
[4.241s] writing requirements to ros2arduino_bridge.egg-info/requires.txt
[4.241s] writing top-level names to ros2arduino_bridge.egg-info/top_level.txt
[4.241s] writing manifest file 'ros2arduino_bridge.egg-info/SOURCES.txt'
[4.284s] reading manifest file 'ros2arduino_bridge.egg-info/SOURCES.txt'
[4.285s] writing manifest file 'ros2arduino_bridge.egg-info/SOURCES.txt'
[4.309s] running build_ext
[4.309s] Creating /root/Dojo/install/ros2arduino_bridge/lib/python3.10/site-packages/ros2arduino-bridge.egg-link (link to .)
[4.309s] Installing arduino_bridge script to /lib/ros2arduino_bridge
[4.309s] 
[4.310s] Installed /root/Dojo/build/ros2arduino_bridge
[4.310s] running symlink_data
[4.310s] creating /root/Dojo/install/ros2arduino_bridge/share/ament_index
[4.310s] creating /root/Dojo/install/ros2arduino_bridge/share/ament_index/resource_index
[4.310s] creating /root/Dojo/install/ros2arduino_bridge/share/ament_index/resource_index/packages
[4.311s] symbolically linking /root/Dojo/build/ros2arduino_bridge/resource/ros2arduino_bridge -> /root/Dojo/install/ros2arduino_bridge/share/ament_index/resource_index/packages
[4.312s] symbolically linking /root/Dojo/build/ros2arduino_bridge/package.xml -> /root/Dojo/install/ros2arduino_bridge/share/ros2arduino_bridge
[4.312s] creating /root/Dojo/install/ros2arduino_bridge/share/ros2arduino_bridge/launch
[4.312s] symbolically linking /root/Dojo/build/ros2arduino_bridge/launch/ros2arduino_bridge.launch.py -> /root/Dojo/install/ros2arduino_bridge/share/ros2arduino_bridge/launch
[4.312s] creating /root/Dojo/install/ros2arduino_bridge/share/ros2arduino_bridge/config
[4.313s] symbolically linking /root/Dojo/build/ros2arduino_bridge/config/ros2arduino_bridge_params.yaml -> /root/Dojo/install/ros2arduino_bridge/share/ros2arduino_bridge/config
[4.484s] Invoked command in '/root/Dojo/build/ros2arduino_bridge' returned '0': PYTHONPATH=/root/Dojo/build/ros2arduino_bridge/prefix_override:/usr/lib/python3/dist-packages/colcon_core/task/python/colcon_distutils_commands:/root/Dojo/install/ros2arduino_bridge/lib/python3.10/site-packages:${PYTHONPATH} /usr/bin/python3 -W ignore:setup.py install is deprecated -W ignore:easy_install command is deprecated setup.py develop --editable --build-directory /root/Dojo/build/ros2arduino_bridge/build --no-deps symlink_data
