[4.337s] Invoking command in '/home/annette-robosync/new_ws/src/new_package': PYTHONPATH=/home/annette-robosync/new_ws/build/new_package/prefix_override:/usr/lib/python3/dist-packages/colcon_core/task/python/colcon_distutils_commands:/home/annette-robosync/new_ws/install/new_package/lib/python3.10/site-packages:${PYTHONPATH} /usr/bin/python3 -W ignore:setup.py install is deprecated -W ignore:easy_install command is deprecated setup.py egg_info --egg-base ../../build/new_package build --build-base /home/annette-robosync/new_ws/build/new_package/build install --record /home/annette-robosync/new_ws/build/new_package/install.log --single-version-externally-managed install_data
[5.856s] running egg_info
[5.859s] writing ../../build/new_package/new_package.egg-info/PKG-INFO
[5.861s] writing dependency_links to ../../build/new_package/new_package.egg-info/dependency_links.txt
[5.863s] writing entry points to ../../build/new_package/new_package.egg-info/entry_points.txt
[5.863s] writing requirements to ../../build/new_package/new_package.egg-info/requires.txt
[5.864s] writing top-level names to ../../build/new_package/new_package.egg-info/top_level.txt
[5.874s] reading manifest file '../../build/new_package/new_package.egg-info/SOURCES.txt'
[5.877s] writing manifest file '../../build/new_package/new_package.egg-info/SOURCES.txt'
[5.879s] running build
[5.880s] running build_py
[5.882s] running install
[5.883s] running install_lib
[5.891s] running install_data
[5.894s] running install_egg_info
[5.904s] removing '/home/annette-robosync/new_ws/install/new_package/lib/python3.10/site-packages/new_package-0.0.0-py3.10.egg-info' (and everything under it)
[5.911s] Copying ../../build/new_package/new_package.egg-info to /home/annette-robosync/new_ws/install/new_package/lib/python3.10/site-packages/new_package-0.0.0-py3.10.egg-info
[5.922s] running install_scripts
[6.031s] writing list of installed files to '/home/annette-robosync/new_ws/build/new_package/install.log'
[6.147s] Invoked command in '/home/annette-robosync/new_ws/src/new_package' returned '0': PYTHONPATH=/home/annette-robosync/new_ws/build/new_package/prefix_override:/usr/lib/python3/dist-packages/colcon_core/task/python/colcon_distutils_commands:/home/annette-robosync/new_ws/install/new_package/lib/python3.10/site-packages:${PYTHONPATH} /usr/bin/python3 -W ignore:setup.py install is deprecated -W ignore:easy_install command is deprecated setup.py egg_info --egg-base ../../build/new_package build --build-base /home/annette-robosync/new_ws/build/new_package/build install --record /home/annette-robosync/new_ws/build/new_package/install.log --single-version-externally-managed install_data
