-- Found ament_cmake: 1.3.12 (/opt/ros/humble/share/ament_cmake/cmake)
-- Found Python3: /usr/bin/python3 (found version "3.10.12") found components: Interpreter 
-- Override CMake install command with custom implementation using symlinks instead of copying resources
-- Found rclcpp: 16.0.15 (/opt/ros/humble/share/rclcpp/cmake)
-- Found rosidl_generator_c: 3.1.7 (/opt/ros/humble/share/rosidl_generator_c/cmake)
-- Found rosidl_adapter: 3.1.7 (/opt/ros/humble/share/rosidl_adapter/cmake)
-- Found rosidl_generator_cpp: 3.1.7 (/opt/ros/humble/share/rosidl_generator_cpp/cmake)
-- Using all available rosidl_typesupport_c: rosidl_typesupport_fastrtps_c;rosidl_typesupport_introspection_c
-- Using all available rosidl_typesupport_cpp: rosidl_typesupport_fastrtps_cpp;rosidl_typesupport_introspection_cpp
-- Found rmw_implementation_cmake: 6.1.2 (/opt/ros/humble/share/rmw_implementation_cmake/cmake)
-- Found rmw_fastrtps_cpp: 6.2.8 (/opt/ros/humble/share/rmw_fastrtps_cpp/cmake)
-- Using RMW implementation 'rmw_fastrtps_cpp' as default
-- Found rclpy: 3.3.17 (/opt/ros/humble/share/rclpy/cmake)
-- Found geometry_msgs: 4.9.0 (/opt/ros/humble/share/geometry_msgs/cmake)
-- Found sensor_msgs: 4.9.0 (/opt/ros/humble/share/sensor_msgs/cmake)
-- Found nav_msgs: 4.9.0 (/opt/ros/humble/share/nav_msgs/cmake)
-- Found tf2_ros: 0.25.16 (/opt/ros/humble/share/tf2_ros/cmake)
-- Found tf2_geometry_msgs: 0.25.16 (/opt/ros/humble/share/tf2_geometry_msgs/cmake)
-- Found eigen3_cmake_module: 0.1.1 (/opt/ros/humble/share/eigen3_cmake_module/cmake)
-- Ensuring Eigen3 include directory is part of orocos-kdl CMake target
-- Found controller_interface: 2.52.0 (/opt/ros/humble/share/controller_interface/cmake)
-- Found controller_manager: 2.52.0 (/opt/ros/humble/share/controller_manager/cmake)
-- Found diagnostic_updater: 4.0.6 (/opt/ros/humble/share/diagnostic_updater/cmake)
-- Found Python3: /usr/bin/python3 (found version "3.10.12") found components: Interpreter Development Development.Module Development.Embed 
-- Configuring done
-- Generating done
-- Build files have been written to: /root/Dojo/Dojo/build/robot_control
-- Install configuration: "Release"
-- Execute custom install script
-- Up-to-date symlink: /root/Dojo/Dojo/install/robot_control/share/robot_control/launch/control.launch.py
-- Up-to-date symlink: /root/Dojo/Dojo/install/robot_control/share/robot_control/launch/robot_control.launch.py
-- Up-to-date symlink: /root/Dojo/Dojo/install/robot_control/share/robot_control/config/arduino.yaml
-- Up-to-date symlink: /root/Dojo/Dojo/install/robot_control/share/robot_control/config/controllers.yaml
-- Up-to-date symlink: /root/Dojo/Dojo/install/robot_control/share/robot_control/config/robot_control_params.yaml
-- Up-to-date symlink: /root/Dojo/Dojo/install/robot_control/share/robot_control/config/twist_mux.yaml
-- Up-to-date symlink: /root/Dojo/Dojo/install/robot_control/share/robot_control/package.xml
-- Up-to-date symlink: /root/Dojo/Dojo/install/robot_control/share/robot_control/setup.py
-- Up-to-date symlink: /root/Dojo/Dojo/install/robot_control/share/robot_control/setup.cfg
-- Up-to-date symlink: /root/Dojo/Dojo/install/robot_control/share/ament_index/resource_index/package_run_dependencies/robot_control
-- Up-to-date symlink: /root/Dojo/Dojo/install/robot_control/share/ament_index/resource_index/parent_prefix_path/robot_control
-- Up-to-date symlink: /root/Dojo/Dojo/install/robot_control/share/robot_control/environment/ament_prefix_path.sh
-- Up-to-date symlink: /root/Dojo/Dojo/install/robot_control/share/robot_control/environment/ament_prefix_path.dsv
-- Up-to-date symlink: /root/Dojo/Dojo/install/robot_control/share/robot_control/environment/path.sh
-- Up-to-date symlink: /root/Dojo/Dojo/install/robot_control/share/robot_control/environment/path.dsv
-- Up-to-date symlink: /root/Dojo/Dojo/install/robot_control/share/robot_control/local_setup.bash
-- Up-to-date symlink: /root/Dojo/Dojo/install/robot_control/share/robot_control/local_setup.sh
-- Up-to-date symlink: /root/Dojo/Dojo/install/robot_control/share/robot_control/local_setup.zsh
-- Up-to-date symlink: /root/Dojo/Dojo/install/robot_control/share/robot_control/local_setup.dsv
-- Symlinking: /root/Dojo/Dojo/install/robot_control/share/robot_control/package.dsv
-- Up-to-date symlink: /root/Dojo/Dojo/install/robot_control/share/ament_index/resource_index/packages/robot_control
-- Up-to-date symlink: /root/Dojo/Dojo/install/robot_control/share/robot_control/cmake/robot_controlConfig.cmake
-- Up-to-date symlink: /root/Dojo/Dojo/install/robot_control/share/robot_control/cmake/robot_controlConfig-version.cmake
-- Up-to-date symlink: /root/Dojo/Dojo/install/robot_control/share/robot_control/package.xml
-- Up-to-date: /robot_control
-- Up-to-date: /robot_control/__init__.py
