[2.748s] Invoking command in '/root/Dojo/build/robot_hardware': PYTHONPATH=/root/Dojo/build/robot_hardware/prefix_override:/usr/lib/python3/dist-packages/colcon_core/task/python/colcon_distutils_commands:/root/Dojo/install/robot_hardware/lib/python3.10/site-packages:${PYTHONPATH} /usr/bin/python3 -W ignore:setup.py install is deprecated -W ignore:easy_install command is deprecated setup.py develop --editable --build-directory /root/Dojo/build/robot_hardware/build --no-deps symlink_data
[3.113s] running develop
[3.362s] running egg_info
[3.378s] writing robot_hardware.egg-info/PKG-INFO
[3.379s] writing dependency_links to robot_hardware.egg-info/dependency_links.txt
[3.379s] writing entry points to robot_hardware.egg-info/entry_points.txt
[3.379s] writing requirements to robot_hardware.egg-info/requires.txt
[3.379s] writing top-level names to robot_hardware.egg-info/top_level.txt
[3.412s] reading manifest file 'robot_hardware.egg-info/SOURCES.txt'
[3.413s] writing manifest file 'robot_hardware.egg-info/SOURCES.txt'
[3.433s] running build_ext
[3.434s] Creating /root/Dojo/install/robot_hardware/lib/python3.10/site-packages/robot-hardware.egg-link (link to .)
[3.435s] Installing arduino_driver script to /root/Dojo/install/robot_hardware/lib/robot_hardware
[3.435s] Installing camera_driver script to /root/Dojo/install/robot_hardware/lib/robot_hardware
[3.435s] Installing hardware_manager script to /root/Dojo/install/robot_hardware/lib/robot_hardware
[3.435s] Installing lidar_driver script to /root/Dojo/install/robot_hardware/lib/robot_hardware
[3.436s] 
[3.436s] Installed /root/Dojo/build/robot_hardware
[3.436s] running symlink_data
[3.543s] Invoked command in '/root/Dojo/build/robot_hardware' returned '0': PYTHONPATH=/root/Dojo/build/robot_hardware/prefix_override:/usr/lib/python3/dist-packages/colcon_core/task/python/colcon_distutils_commands:/root/Dojo/install/robot_hardware/lib/python3.10/site-packages:${PYTHONPATH} /usr/bin/python3 -W ignore:setup.py install is deprecated -W ignore:easy_install command is deprecated setup.py develop --editable --build-directory /root/Dojo/build/robot_hardware/build --no-deps symlink_data
