[2.900s] Invoking command in '/root/Dojo/Dojo/build/robot_hardware': PYTHONPATH=/root/Dojo/Dojo/build/robot_hardware/prefix_override:/usr/lib/python3/dist-packages/colcon_core/task/python/colcon_distutils_commands:/root/Dojo/Dojo/install/robot_hardware/lib/python3.10/site-packages:${PYTHONPATH} /usr/bin/python3 -W ignore:setup.py install is deprecated -W ignore:easy_install command is deprecated setup.py develop --editable --build-directory /root/Dojo/Dojo/build/robot_hardware/build --no-deps symlink_data
[3.250s] running develop
[3.490s] running egg_info
[3.503s] writing robot_hardware.egg-info/PKG-INFO
[3.504s] writing dependency_links to robot_hardware.egg-info/dependency_links.txt
[3.504s] writing entry points to robot_hardware.egg-info/entry_points.txt
[3.504s] writing requirements to robot_hardware.egg-info/requires.txt
[3.505s] writing top-level names to robot_hardware.egg-info/top_level.txt
[3.538s] reading manifest file 'robot_hardware.egg-info/SOURCES.txt'
[3.539s] writing manifest file 'robot_hardware.egg-info/SOURCES.txt'
[3.555s] running build_ext
[3.556s] Creating /root/Dojo/Dojo/install/robot_hardware/lib/python3.10/site-packages/robot-hardware.egg-link (link to .)
[3.556s] Installing arduino_driver script to /root/Dojo/Dojo/install/robot_hardware/lib/robot_hardware
[3.557s] Installing camera_driver script to /root/Dojo/Dojo/install/robot_hardware/lib/robot_hardware
[3.557s] Installing hardware_manager script to /root/Dojo/Dojo/install/robot_hardware/lib/robot_hardware
[3.557s] Installing lidar_driver script to /root/Dojo/Dojo/install/robot_hardware/lib/robot_hardware
[3.557s] 
[3.557s] Installed /root/Dojo/Dojo/build/robot_hardware
[3.558s] running symlink_data
[3.634s] Invoked command in '/root/Dojo/Dojo/build/robot_hardware' returned '0': PYTHONPATH=/root/Dojo/Dojo/build/robot_hardware/prefix_override:/usr/lib/python3/dist-packages/colcon_core/task/python/colcon_distutils_commands:/root/Dojo/Dojo/install/robot_hardware/lib/python3.10/site-packages:${PYTHONPATH} /usr/bin/python3 -W ignore:setup.py install is deprecated -W ignore:easy_install command is deprecated setup.py develop --editable --build-directory /root/Dojo/Dojo/build/robot_hardware/build --no-deps symlink_data
