[0.060s] Invoking command in '/home/annette-robosync/new_ws/build/new_package': CMAKE_PREFIX_PATH=${CMAKE_PREFIX_PATH}:/opt/ros/humble /usr/bin/cmake --build /home/annette-robosync/new_ws/build/new_package -- -j4 -l4
[0.201s] Invoked command in '/home/annette-robosync/new_ws/build/new_package' returned '0': CMAKE_PREFIX_PATH=${CMAKE_PREFIX_PATH}:/opt/ros/humble /usr/bin/cmake --build /home/annette-robosync/new_ws/build/new_package -- -j4 -l4
[0.229s] Invoking command in '/home/annette-robosync/new_ws/build/new_package': CMAKE_PREFIX_PATH=${CMAKE_PREFIX_PATH}:/opt/ros/humble /usr/bin/cmake --install /home/annette-robosync/new_ws/build/new_package
[0.252s] -- Install configuration: ""
[0.254s] -- Execute custom install script
[0.256s] -- Up-to-date symlink: /home/annette-robosync/new_ws/install/new_package/share/new_package/urdf/zeta.urdf.xacro
[0.258s] -- Up-to-date symlink: /home/annette-robosync/new_ws/install/new_package/share/new_package/launch/robot.launch.py
[0.259s] -- Up-to-date symlink: /home/annette-robosync/new_ws/install/new_package/share/new_package/launch/simulate.launch.py
[0.260s] -- Up-to-date symlink: /home/annette-robosync/new_ws/install/new_package/share/new_package/config/diff_drive_controllers.yaml
[0.261s] -- Up-to-date symlink: /home/annette-robosync/new_ws/install/new_package/share/new_package/config/zeta.rviz
[0.264s] -- Up-to-date symlink: /home/annette-robosync/new_ws/install/new_package/share/new_package/worlds/empty.world
[0.265s] -- Up-to-date symlink: /home/annette-robosync/new_ws/install/new_package/share/ament_index/resource_index/package_run_dependencies/new_package
[0.266s] -- Up-to-date symlink: /home/annette-robosync/new_ws/install/new_package/share/ament_index/resource_index/parent_prefix_path/new_package
[0.266s] -- Up-to-date symlink: /home/annette-robosync/new_ws/install/new_package/share/new_package/environment/ament_prefix_path.sh
[0.267s] -- Up-to-date symlink: /home/annette-robosync/new_ws/install/new_package/share/new_package/environment/ament_prefix_path.dsv
[0.267s] -- Up-to-date symlink: /home/annette-robosync/new_ws/install/new_package/share/new_package/environment/path.sh
[0.268s] -- Up-to-date symlink: /home/annette-robosync/new_ws/install/new_package/share/new_package/environment/path.dsv
[0.268s] -- Up-to-date symlink: /home/annette-robosync/new_ws/install/new_package/share/new_package/local_setup.bash
[0.268s] -- Up-to-date symlink: /home/annette-robosync/new_ws/install/new_package/share/new_package/local_setup.sh
[0.269s] -- Up-to-date symlink: /home/annette-robosync/new_ws/install/new_package/share/new_package/local_setup.zsh
[0.269s] -- Up-to-date symlink: /home/annette-robosync/new_ws/install/new_package/share/new_package/local_setup.dsv
[0.269s] -- Symlinking: /home/annette-robosync/new_ws/install/new_package/share/new_package/package.dsv
[0.294s] -- Up-to-date symlink: /home/annette-robosync/new_ws/install/new_package/share/ament_index/resource_index/packages/new_package
[0.296s] -- Up-to-date symlink: /home/annette-robosync/new_ws/install/new_package/share/new_package/cmake/ament_cmake_export_dependencies-extras.cmake
[0.296s] -- Up-to-date symlink: /home/annette-robosync/new_ws/install/new_package/share/new_package/cmake/new_packageConfig.cmake
[0.297s] -- Up-to-date symlink: /home/annette-robosync/new_ws/install/new_package/share/new_package/cmake/new_packageConfig-version.cmake
[0.297s] -- Up-to-date symlink: /home/annette-robosync/new_ws/install/new_package/share/new_package/package.xml
[0.302s] Invoked command in '/home/annette-robosync/new_ws/build/new_package' returned '0': CMAKE_PREFIX_PATH=${CMAKE_PREFIX_PATH}:/opt/ros/humble /usr/bin/cmake --install /home/annette-robosync/new_ws/build/new_package
