[0.069s] Invoking command in '/home/annette-robosync/new_ws/build/new_package': CMAKE_PREFIX_PATH=${CMAKE_PREFIX_PATH}:/opt/ros/humble /usr/bin/cmake --build /home/annette-robosync/new_ws/build/new_package -- -j4 -l4
[0.372s] Invoked command in '/home/annette-robosync/new_ws/build/new_package' returned '0': CMAKE_PREFIX_PATH=${CMAKE_PREFIX_PATH}:/opt/ros/humble /usr/bin/cmake --build /home/annette-robosync/new_ws/build/new_package -- -j4 -l4
[0.410s] Invoking command in '/home/annette-robosync/new_ws/build/new_package': CMAKE_PREFIX_PATH=${CMAKE_PREFIX_PATH}:/opt/ros/humble /usr/bin/cmake --install /home/annette-robosync/new_ws/build/new_package
[0.442s] -- Install configuration: ""
[0.446s] -- Execute custom install script
[0.448s] -- Up-to-date symlink: /home/annette-robosync/new_ws/install/new_package/share/new_package/urdf/zeta.urdf.xacro
[0.449s] -- Up-to-date symlink: /home/annette-robosync/new_ws/install/new_package/share/new_package/launch/robot.launch.py
[0.450s] -- Up-to-date symlink: /home/annette-robosync/new_ws/install/new_package/share/new_package/launch/simulate.launch.py
[0.451s] -- Up-to-date symlink: /home/annette-robosync/new_ws/install/new_package/share/new_package/config/diff_drive_controllers.yaml
[0.452s] -- Up-to-date symlink: /home/annette-robosync/new_ws/install/new_package/share/new_package/config/zeta.rviz
[0.453s] -- Up-to-date symlink: /home/annette-robosync/new_ws/install/new_package/share/ament_index/resource_index/package_run_dependencies/new_package
[0.455s] -- Up-to-date symlink: /home/annette-robosync/new_ws/install/new_package/share/ament_index/resource_index/parent_prefix_path/new_package
[0.455s] -- Up-to-date symlink: /home/annette-robosync/new_ws/install/new_package/share/new_package/environment/ament_prefix_path.sh
[0.456s] -- Up-to-date symlink: /home/annette-robosync/new_ws/install/new_package/share/new_package/environment/ament_prefix_path.dsv
[0.456s] -- Up-to-date symlink: /home/annette-robosync/new_ws/install/new_package/share/new_package/environment/path.sh
[0.457s] -- Up-to-date symlink: /home/annette-robosync/new_ws/install/new_package/share/new_package/environment/path.dsv
[0.458s] -- Up-to-date symlink: /home/annette-robosync/new_ws/install/new_package/share/new_package/local_setup.bash
[0.459s] -- Up-to-date symlink: /home/annette-robosync/new_ws/install/new_package/share/new_package/local_setup.sh
[0.459s] -- Up-to-date symlink: /home/annette-robosync/new_ws/install/new_package/share/new_package/local_setup.zsh
[0.460s] -- Up-to-date symlink: /home/annette-robosync/new_ws/install/new_package/share/new_package/local_setup.dsv
[0.460s] -- Symlinking: /home/annette-robosync/new_ws/install/new_package/share/new_package/package.dsv
[0.496s] -- Up-to-date symlink: /home/annette-robosync/new_ws/install/new_package/share/ament_index/resource_index/packages/new_package
[0.497s] -- Up-to-date symlink: /home/annette-robosync/new_ws/install/new_package/share/new_package/cmake/ament_cmake_export_dependencies-extras.cmake
[0.498s] -- Up-to-date symlink: /home/annette-robosync/new_ws/install/new_package/share/new_package/cmake/new_packageConfig.cmake
[0.499s] -- Up-to-date symlink: /home/annette-robosync/new_ws/install/new_package/share/new_package/cmake/new_packageConfig-version.cmake
[0.500s] -- Up-to-date symlink: /home/annette-robosync/new_ws/install/new_package/share/new_package/package.xml
[0.507s] Invoked command in '/home/annette-robosync/new_ws/build/new_package' returned '0': CMAKE_PREFIX_PATH=${CMAKE_PREFIX_PATH}:/opt/ros/humble /usr/bin/cmake --install /home/annette-robosync/new_ws/build/new_package
