[2.940s] Invoking command in '/root/Dojo/Dojo/build/robot_hardware': PYTHONPATH=/root/Dojo/Dojo/build/robot_hardware/prefix_override:/usr/lib/python3/dist-packages/colcon_core/task/python/colcon_distutils_commands:/root/Dojo/Dojo/install/robot_hardware/lib/python3.10/site-packages:${PYTHONPATH} /usr/bin/python3 -W ignore:setup.py install is deprecated -W ignore:easy_install command is deprecated setup.py develop --editable --build-directory /root/Dojo/Dojo/build/robot_hardware/build --no-deps symlink_data
[3.427s] running develop
[3.714s] running egg_info
[3.714s] creating robot_hardware.egg-info
[3.731s] writing robot_hardware.egg-info/PKG-INFO
[3.732s] writing dependency_links to robot_hardware.egg-info/dependency_links.txt
[3.732s] writing entry points to robot_hardware.egg-info/entry_points.txt
[3.732s] writing requirements to robot_hardware.egg-info/requires.txt
[3.733s] writing top-level names to robot_hardware.egg-info/top_level.txt
[3.733s] writing manifest file 'robot_hardware.egg-info/SOURCES.txt'
[3.772s] reading manifest file 'robot_hardware.egg-info/SOURCES.txt'
[3.772s] writing manifest file 'robot_hardware.egg-info/SOURCES.txt'
[3.794s] running build_ext
[3.794s] Creating /root/Dojo/Dojo/install/robot_hardware/lib/python3.10/site-packages/robot-hardware.egg-link (link to .)
[3.795s] Installing arduino_driver script to /root/Dojo/Dojo/install/robot_hardware/lib/robot_hardware
[3.795s] Installing camera_driver script to /root/Dojo/Dojo/install/robot_hardware/lib/robot_hardware
[3.795s] Installing hardware_manager script to /root/Dojo/Dojo/install/robot_hardware/lib/robot_hardware
[3.796s] Installing lidar_driver script to /root/Dojo/Dojo/install/robot_hardware/lib/robot_hardware
[3.796s] 
[3.796s] Installed /root/Dojo/Dojo/build/robot_hardware
[3.796s] running symlink_data
[3.796s] creating /root/Dojo/Dojo/install/robot_hardware/share/ament_index
[3.796s] creating /root/Dojo/Dojo/install/robot_hardware/share/ament_index/resource_index
[3.797s] creating /root/Dojo/Dojo/install/robot_hardware/share/ament_index/resource_index/packages
[3.797s] symbolically linking /root/Dojo/Dojo/build/robot_hardware/resource/robot_hardware -> /root/Dojo/Dojo/install/robot_hardware/share/ament_index/resource_index/packages
[3.797s] symbolically linking /root/Dojo/Dojo/build/robot_hardware/package.xml -> /root/Dojo/Dojo/install/robot_hardware/share/robot_hardware
[3.797s] creating /root/Dojo/Dojo/install/robot_hardware/share/robot_hardware/launch
[3.797s] symbolically linking /root/Dojo/Dojo/build/robot_hardware/launch/hardware.launch.py -> /root/Dojo/Dojo/install/robot_hardware/share/robot_hardware/launch
[3.797s] creating /root/Dojo/Dojo/install/robot_hardware/share/robot_hardware/config
[3.797s] symbolically linking /root/Dojo/Dojo/build/robot_hardware/config/hardware.yaml -> /root/Dojo/Dojo/install/robot_hardware/share/robot_hardware/config
[3.915s] Invoked command in '/root/Dojo/Dojo/build/robot_hardware' returned '0': PYTHONPATH=/root/Dojo/Dojo/build/robot_hardware/prefix_override:/usr/lib/python3/dist-packages/colcon_core/task/python/colcon_distutils_commands:/root/Dojo/Dojo/install/robot_hardware/lib/python3.10/site-packages:${PYTHONPATH} /usr/bin/python3 -W ignore:setup.py install is deprecated -W ignore:easy_install command is deprecated setup.py develop --editable --build-directory /root/Dojo/Dojo/build/robot_hardware/build --no-deps symlink_data
