[0.070s] Invoking command in '/home/annette-robosync/new_ws/build/new_package': /usr/bin/cmake --build /home/annette-robosync/new_ws/build/new_package -- -j4 -l4
[0.299s] Invoked command in '/home/annette-robosync/new_ws/build/new_package' returned '0': /usr/bin/cmake --build /home/annette-robosync/new_ws/build/new_package -- -j4 -l4
[0.365s] Invoking command in '/home/annette-robosync/new_ws/build/new_package': /usr/bin/cmake --install /home/annette-robosync/new_ws/build/new_package
[0.397s] -- Install configuration: ""
[0.401s] -- Up-to-date: /home/annette-robosync/new_ws/install/new_package/share/new_package/urdf
[0.402s] -- Up-to-date: /home/annette-robosync/new_ws/install/new_package/share/new_package/urdf/zeta.urdf.xacro
[0.403s] -- Up-to-date: /home/annette-robosync/new_ws/install/new_package/share/new_package/launch
[0.403s] -- Up-to-date: /home/annette-robosync/new_ws/install/new_package/share/new_package/launch/simulate.launch.py
[0.404s] -- Up-to-date: /home/annette-robosync/new_ws/install/new_package/share/new_package/launch/robot.launch.py
[0.404s] -- Up-to-date: /home/annette-robosync/new_ws/install/new_package/share/new_package/config
[0.407s] -- Up-to-date: /home/annette-robosync/new_ws/install/new_package/share/new_package/config/zeta.rviz
[0.410s] -- Up-to-date: /home/annette-robosync/new_ws/install/new_package/share/new_package/config/diff_drive_controllers.yaml
[0.413s] -- Up-to-date: /home/annette-robosync/new_ws/install/new_package/share/new_package/meshes
[0.414s] -- Up-to-date: /home/annette-robosync/new_ws/install/new_package/share/ament_index/resource_index/package_run_dependencies/new_package
[0.415s] -- Up-to-date: /home/annette-robosync/new_ws/install/new_package/share/ament_index/resource_index/parent_prefix_path/new_package
[0.416s] -- Up-to-date: /home/annette-robosync/new_ws/install/new_package/share/new_package/environment/ament_prefix_path.sh
[0.417s] -- Up-to-date: /home/annette-robosync/new_ws/install/new_package/share/new_package/environment/ament_prefix_path.dsv
[0.418s] -- Up-to-date: /home/annette-robosync/new_ws/install/new_package/share/new_package/environment/path.sh
[0.419s] -- Up-to-date: /home/annette-robosync/new_ws/install/new_package/share/new_package/environment/path.dsv
[0.420s] -- Up-to-date: /home/annette-robosync/new_ws/install/new_package/share/new_package/local_setup.bash
[0.421s] -- Up-to-date: /home/annette-robosync/new_ws/install/new_package/share/new_package/local_setup.sh
[0.421s] -- Up-to-date: /home/annette-robosync/new_ws/install/new_package/share/new_package/local_setup.zsh
[0.421s] -- Up-to-date: /home/annette-robosync/new_ws/install/new_package/share/new_package/local_setup.dsv
[0.422s] -- Up-to-date: /home/annette-robosync/new_ws/install/new_package/share/new_package/package.dsv
[0.427s] -- Up-to-date: /home/annette-robosync/new_ws/install/new_package/share/ament_index/resource_index/packages/new_package
[0.430s] -- Up-to-date: /home/annette-robosync/new_ws/install/new_package/share/new_package/cmake/ament_cmake_export_dependencies-extras.cmake
[0.430s] -- Up-to-date: /home/annette-robosync/new_ws/install/new_package/share/new_package/cmake/new_packageConfig.cmake
[0.431s] -- Up-to-date: /home/annette-robosync/new_ws/install/new_package/share/new_package/cmake/new_packageConfig-version.cmake
[0.431s] -- Up-to-date: /home/annette-robosync/new_ws/install/new_package/share/new_package/package.xml
[0.432s] Invoked command in '/home/annette-robosync/new_ws/build/new_package' returned '0': /usr/bin/cmake --install /home/annette-robosync/new_ws/build/new_package
