[0.041s] Invoking command in '/home/annette-robosync/new_ws/build/new_package': CMAKE_PREFIX_PATH=/opt/ros/humble /usr/bin/cmake --build /home/annette-robosync/new_ws/build/new_package -- -j4 -l4
[0.151s] Invoked command in '/home/annette-robosync/new_ws/build/new_package' returned '0': CMAKE_PREFIX_PATH=/opt/ros/humble /usr/bin/cmake --build /home/annette-robosync/new_ws/build/new_package -- -j4 -l4
[0.184s] Invoking command in '/home/annette-robosync/new_ws/build/new_package': CMAKE_PREFIX_PATH=/opt/ros/humble /usr/bin/cmake --install /home/annette-robosync/new_ws/build/new_package
[0.202s] -- Install configuration: ""
[0.203s] -- Up-to-date: /home/annette-robosync/new_ws/install/new_package/share/new_package/urdf
[0.203s] -- Up-to-date: /home/annette-robosync/new_ws/install/new_package/share/new_package/urdf/zeta.urdf.xacro
[0.204s] -- Up-to-date: /home/annette-robosync/new_ws/install/new_package/share/new_package/launch
[0.204s] -- Up-to-date: /home/annette-robosync/new_ws/install/new_package/share/new_package/launch/simulate.launch.py
[0.205s] -- Installing: /home/annette-robosync/new_ws/install/new_package/share/new_package/launch/robot.launch.py
[0.205s] -- Up-to-date: /home/annette-robosync/new_ws/install/new_package/share/new_package/config
[0.206s] -- Up-to-date: /home/annette-robosync/new_ws/install/new_package/share/new_package/config/zeta.rviz
[0.207s] -- Up-to-date: /home/annette-robosync/new_ws/install/new_package/share/new_package/config/diff_drive_controllers.yaml
[0.207s] -- Up-to-date: /home/annette-robosync/new_ws/install/new_package/share/new_package/meshes
[0.207s] -- Up-to-date: /home/annette-robosync/new_ws/install/new_package/share/ament_index/resource_index/package_run_dependencies/new_package
[0.207s] -- Up-to-date: /home/annette-robosync/new_ws/install/new_package/share/ament_index/resource_index/parent_prefix_path/new_package
[0.208s] -- Up-to-date: /home/annette-robosync/new_ws/install/new_package/share/new_package/environment/ament_prefix_path.sh
[0.208s] -- Up-to-date: /home/annette-robosync/new_ws/install/new_package/share/new_package/environment/ament_prefix_path.dsv
[0.208s] -- Up-to-date: /home/annette-robosync/new_ws/install/new_package/share/new_package/environment/path.sh
[0.208s] -- Up-to-date: /home/annette-robosync/new_ws/install/new_package/share/new_package/environment/path.dsv
[0.208s] -- Up-to-date: /home/annette-robosync/new_ws/install/new_package/share/new_package/local_setup.bash
[0.209s] -- Up-to-date: /home/annette-robosync/new_ws/install/new_package/share/new_package/local_setup.sh
[0.209s] -- Up-to-date: /home/annette-robosync/new_ws/install/new_package/share/new_package/local_setup.zsh
[0.210s] -- Up-to-date: /home/annette-robosync/new_ws/install/new_package/share/new_package/local_setup.dsv
[0.211s] -- Up-to-date: /home/annette-robosync/new_ws/install/new_package/share/new_package/package.dsv
[0.212s] -- Up-to-date: /home/annette-robosync/new_ws/install/new_package/share/ament_index/resource_index/packages/new_package
[0.212s] -- Up-to-date: /home/annette-robosync/new_ws/install/new_package/share/new_package/cmake/ament_cmake_export_dependencies-extras.cmake
[0.213s] -- Up-to-date: /home/annette-robosync/new_ws/install/new_package/share/new_package/cmake/new_packageConfig.cmake
[0.214s] -- Up-to-date: /home/annette-robosync/new_ws/install/new_package/share/new_package/cmake/new_packageConfig-version.cmake
[0.217s] -- Up-to-date: /home/annette-robosync/new_ws/install/new_package/share/new_package/package.xml
[0.218s] Invoked command in '/home/annette-robosync/new_ws/build/new_package' returned '0': CMAKE_PREFIX_PATH=/opt/ros/humble /usr/bin/cmake --install /home/annette-robosync/new_ws/build/new_package
