[3.454s] Invoking command in '/root/Dojo/build/vision_system': PYTHONPATH=/root/Dojo/build/vision_system/prefix_override:/usr/lib/python3/dist-packages/colcon_core/task/python/colcon_distutils_commands:/root/Dojo/install/vision_system/lib/python3.10/site-packages:${PYTHONPATH} /usr/bin/python3 -W ignore:setup.py install is deprecated -W ignore:easy_install command is deprecated setup.py develop --editable --build-directory /root/Dojo/build/vision_system/build --no-deps symlink_data
[3.973s] running develop
[4.336s] running egg_info
[4.336s] creating vision_system.egg-info
[4.365s] writing vision_system.egg-info/PKG-INFO
[4.365s] writing dependency_links to vision_system.egg-info/dependency_links.txt
[4.366s] writing entry points to vision_system.egg-info/entry_points.txt
[4.370s] writing requirements to vision_system.egg-info/requires.txt
[4.370s] writing top-level names to vision_system.egg-info/top_level.txt
[4.378s] writing manifest file 'vision_system.egg-info/SOURCES.txt'
[4.443s] reading manifest file 'vision_system.egg-info/SOURCES.txt'
[4.443s] writing manifest file 'vision_system.egg-info/SOURCES.txt'
[4.470s] running build_ext
[4.470s] Creating /root/Dojo/install/vision_system/lib/python3.10/site-packages/vision-system.egg-link (link to .)
[4.471s] Installing object_detector script to /root/Dojo/install/vision_system/lib/vision_system
[4.471s] 
[4.471s] Installed /root/Dojo/build/vision_system
[4.471s] running symlink_data
[4.471s] creating /root/Dojo/install/vision_system/share/ament_index
[4.471s] creating /root/Dojo/install/vision_system/share/ament_index/resource_index
[4.471s] creating /root/Dojo/install/vision_system/share/ament_index/resource_index/packages
[4.472s] symbolically linking /root/Dojo/build/vision_system/resource/vision_system -> /root/Dojo/install/vision_system/share/ament_index/resource_index/packages
[4.472s] symbolically linking /root/Dojo/build/vision_system/package.xml -> /root/Dojo/install/vision_system/share/vision_system
[4.472s] creating /root/Dojo/install/vision_system/share/vision_system/launch
[4.472s] symbolically linking /root/Dojo/build/vision_system/launch/vision_system.launch.py -> /root/Dojo/install/vision_system/share/vision_system/launch
[4.472s] creating /root/Dojo/install/vision_system/share/vision_system/config
[4.590s] Invoked command in '/root/Dojo/build/vision_system' returned '0': PYTHONPATH=/root/Dojo/build/vision_system/prefix_override:/usr/lib/python3/dist-packages/colcon_core/task/python/colcon_distutils_commands:/root/Dojo/install/vision_system/lib/python3.10/site-packages:${PYTHONPATH} /usr/bin/python3 -W ignore:setup.py install is deprecated -W ignore:easy_install command is deprecated setup.py develop --editable --build-directory /root/Dojo/build/vision_system/build --no-deps symlink_data
