[0.030s] Invoking command in '/root/Dojo/build/robot_gazebo': AMENT_PREFIX_PATH=/root/Dojo/install/robot_description:/root/Dojo/install/robot_control:${AMENT_PREFIX_PATH} CMAKE_PREFIX_PATH=/root/Dojo/install/robot_description:/root/Dojo/install/robot_control:/opt/ros/humble /usr/bin/cmake /root/Dojo/src/robot_gazebo -DCMAKE_BUILD_TYPE=Release -DBUILD_TESTING=OFF -DAMENT_CMAKE_SYMLINK_INSTALL=1 -DCMAKE_INSTALL_PREFIX=/root/Dojo/install/robot_gazebo
[0.175s] -- The C compiler identification is GNU 11.4.0
[0.327s] -- The CXX compiler identification is GNU 11.4.0
[0.345s] -- Detecting C compiler ABI info
[0.486s] -- Detecting C compiler ABI info - done
[0.501s] -- Check for working C compiler: /usr/bin/cc - skipped
[0.502s] -- Detecting C compile features
[0.503s] -- Detecting C compile features - done
[0.509s] -- Detecting CXX compiler ABI info
[0.731s] -- Detecting CXX compiler ABI info - done
[0.746s] -- Check for working CXX compiler: /usr/bin/c++ - skipped
[0.746s] -- Detecting CXX compile features
[0.747s] -- Detecting CXX compile features - done
[0.759s] -- Found ament_cmake: 1.3.12 (/opt/ros/humble/share/ament_cmake/cmake)
[1.994s] -- Found Python3: /usr/bin/python3 (found version "3.10.12") found components: Interpreter 
[2.087s] -- Override CMake install command with custom implementation using symlinks instead of copying resources
[2.171s] -- Found rclcpp: 16.0.14 (/opt/ros/humble/share/rclcpp/cmake)
[2.280s] -- Found rosidl_generator_c: 3.1.7 (/opt/ros/humble/share/rosidl_generator_c/cmake)
[2.296s] -- Found rosidl_adapter: 3.1.7 (/opt/ros/humble/share/rosidl_adapter/cmake)
[2.313s] -- Found rosidl_generator_cpp: 3.1.7 (/opt/ros/humble/share/rosidl_generator_cpp/cmake)
[2.341s] -- Using all available rosidl_typesupport_c: rosidl_typesupport_fastrtps_c;rosidl_typesupport_introspection_c
[2.379s] -- Using all available rosidl_typesupport_cpp: rosidl_typesupport_fastrtps_cpp;rosidl_typesupport_introspection_cpp
[2.454s] -- Found rmw_implementation_cmake: 6.1.2 (/opt/ros/humble/share/rmw_implementation_cmake/cmake)
[2.461s] -- Found rmw_fastrtps_cpp: 6.2.8 (/opt/ros/humble/share/rmw_fastrtps_cpp/cmake)
[2.616s] -- Found OpenSSL: /usr/lib/x86_64-linux-gnu/libcrypto.so (found version "3.0.2")  
[2.663s] -- Found FastRTPS: /opt/ros/humble/include  
[2.737s] -- Using RMW implementation 'rmw_fastrtps_cpp' as default
[2.756s] -- Looking for pthread.h
[2.906s] -- Looking for pthread.h - found
[2.907s] -- Performing Test CMAKE_HAVE_LIBC_PTHREAD
[2.998s] -- Performing Test CMAKE_HAVE_LIBC_PTHREAD - Success
[3.000s] -- Found Threads: TRUE  
[3.110s] -- Found rclpy: 3.3.17 (/opt/ros/humble/share/rclpy/cmake)
[3.114s] -- Found sensor_msgs: 4.9.0 (/opt/ros/humble/share/sensor_msgs/cmake)
[3.192s] -- Found nav_msgs: 4.9.0 (/opt/ros/humble/share/nav_msgs/cmake)
[3.242s] -- Found tf2_ros: 0.25.16 (/opt/ros/humble/share/tf2_ros/cmake)
[3.435s] -- Found tf2_geometry_msgs: 0.25.16 (/opt/ros/humble/share/tf2_geometry_msgs/cmake)
[3.465s] -- Found eigen3_cmake_module: 0.1.1 (/opt/ros/humble/share/eigen3_cmake_module/cmake)
[3.467s] -- Found Eigen3: TRUE (found version "3.4.0") 
[3.467s] -- Ensuring Eigen3 include directory is part of orocos-kdl CMake target
[3.473s] -- Found gazebo_ros: 3.9.0 (/opt/ros/humble/share/gazebo_ros/cmake)
[3.490s] -- Found PkgConfig: /usr/bin/pkg-config (found version "0.29.2") 
[3.492s] -- Checking for module 'bullet>=2.82'
[3.512s] --   Found bullet, version 3.05
[3.704s] -- Found fcl: /usr/include (found suitable version "0.7.0", minimum required is "0.5.0") 
[3.802s] -- Found assimp: /usr/include (found version "5.2.0") 
[3.856s] -- Found DART: /usr/include (Required is at least version "6.6") found components: dart 
[3.926s] -- Found Boost: /usr/lib/x86_64-linux-gnu/cmake/Boost-1.74.0/BoostConfig.cmake (found suitable version "1.74.0", minimum required is "1.40.0") found components: thread system filesystem program_options regex iostreams date_time 
[3.951s] -- Found Protobuf: /usr/lib/x86_64-linux-gnu/libprotobuf.so (found version "3.12.4") 
[3.968s] -- Looking for ignition-math6 -- found version 6.15.1
[3.983s] -- Searching for dependencies of ignition-math6
[3.985s] -- Looking for OGRE...
[3.986s] -- OGRE_PREFIX_WATCH changed.
[3.996s] -- Checking for module 'OGRE'
[4.025s] --   Found OGRE, version 1.9.0
[4.099s] -- Found Ogre Ghadamon (1.9.0)
[4.112s] -- Found OGRE: optimized;/usr/lib/x86_64-linux-gnu/libOgreMain.so;debug;/usr/lib/x86_64-linux-gnu/libOgreMain.so
[4.129s] -- Looking for OGRE_Paging...
[4.139s] -- Found OGRE_Paging: optimized;/usr/lib/x86_64-linux-gnu/libOgrePaging.so;debug;/usr/lib/x86_64-linux-gnu/libOgrePaging.so
[4.140s] -- Looking for OGRE_Terrain...
[4.148s] -- Found OGRE_Terrain: optimized;/usr/lib/x86_64-linux-gnu/libOgreTerrain.so;debug;/usr/lib/x86_64-linux-gnu/libOgreTerrain.so
[4.148s] -- Looking for OGRE_Property...
[4.156s] -- Found OGRE_Property: optimized;/usr/lib/x86_64-linux-gnu/libOgreProperty.so;debug;/usr/lib/x86_64-linux-gnu/libOgreProperty.so
[4.156s] -- Looking for OGRE_RTShaderSystem...
[4.165s] -- Found OGRE_RTShaderSystem: optimized;/usr/lib/x86_64-linux-gnu/libOgreRTShaderSystem.so;debug;/usr/lib/x86_64-linux-gnu/libOgreRTShaderSystem.so
[4.165s] -- Looking for OGRE_Volume...
[4.173s] -- Found OGRE_Volume: optimized;/usr/lib/x86_64-linux-gnu/libOgreVolume.so;debug;/usr/lib/x86_64-linux-gnu/libOgreVolume.so
[4.173s] -- Looking for OGRE_Overlay...
[4.181s] -- Found OGRE_Overlay: optimized;/usr/lib/x86_64-linux-gnu/libOgreOverlay.so;debug;/usr/lib/x86_64-linux-gnu/libOgreOverlay.so
[4.374s] -- Looking for ignition-math6 -- found version 6.15.1
[4.379s] -- Looking for ignition-transport8 -- found version 8.2.1
[4.381s] -- Searching for dependencies of ignition-transport8
[4.454s] -- Found Protobuf: /usr/lib/x86_64-linux-gnu/libprotobuf.so (found suitable version "3.12.4", minimum required is "3") 
[4.544s] -- Config-file not installed for ZeroMQ -- checking for pkg-config
[4.564s] -- Checking for module 'libzmq >= 4'
[4.637s] --   Found libzmq , version 4.3.4
[4.816s] -- Found ZeroMQ: TRUE (Required is at least version "4") 
[4.840s] -- Checking for module 'uuid'
[4.903s] --   Found uuid, version 2.37.2
[5.079s] -- Found UUID: TRUE  
[5.098s] -- Looking for ignition-msgs5 -- found version 5.8.1
[5.098s] -- Searching for dependencies of ignition-msgs5
[5.206s] -- Looking for ignition-math6 -- found version 6.15.1
[5.239s] -- Checking for module 'tinyxml2'
[5.338s] --   Found tinyxml2, version 9.0.0
[5.470s] -- Looking for ignition-msgs5 -- found version 5.8.1
[5.489s] -- Looking for ignition-common3 -- found version 3.14.0
[5.489s] -- Searching for dependencies of ignition-common3
[5.490s] -- Looking for dlfcn.h - found
[5.491s] -- Looking for libdl - found
[5.494s] -- Found DL: TRUE  
[5.520s] -- Found tinyobjloader: /usr/lib/x86_64-linux-gnu/cmake/tinyobjloader/tinyobjloader-config.cmake (found version "2.0.0") 
[5.521s] -- Searching for <ignition-common3> component [graphics]
[5.529s] -- Looking for ignition-common3-graphics -- found version 3.14.0
[5.530s] -- Searching for dependencies of ignition-common3-graphics
[5.530s] -- Looking for ignition-math6 -- found version 6.15.1
[5.540s] -- Looking for ignition-fuel_tools4 -- found version 4.4.0
[5.541s] -- Searching for dependencies of ignition-fuel_tools4
[5.917s] -- Found CURL: /usr/lib/x86_64-linux-gnu/libcurl.so (found version "7.81.0")  
[5.951s] -- Checking for module 'jsoncpp'
[6.008s] --   Found jsoncpp, version 1.9.5
[6.162s] -- Found JSONCPP: TRUE  
[6.181s] -- Checking for module 'libzip'
[6.243s] --   Found libzip, version 1.7.3
[6.418s] -- Found ZIP: TRUE  
[6.418s] -- Looking for ignition-common3 -- found version 3.14.0
[6.420s] -- Looking for ignition-math6 -- found version 6.15.1
[6.421s] -- Looking for ignition-msgs5 -- found version 5.8.1
[6.433s] -- Gazebo version: 11.10
[6.438s] -- Checking for module 'tbb'
[6.472s] --   Found tbb, version 2021.5.0
[6.627s] -- Found gazebo_ros2_control: 0.4.10 (/opt/ros/humble/share/gazebo_ros2_control/cmake)
[6.870s] -- Found gazebo_plugins: 3.9.0 (/opt/ros/humble/share/gazebo_plugins/cmake)
[6.908s] -- Found ros2_control: 2.51.0 (/opt/ros/humble/share/ros2_control/cmake)
[6.912s] -- Found ros2_controllers: 2.49.1 (/opt/ros/humble/share/ros2_controllers/cmake)
[6.917s] -- Found std_srvs: 4.9.0 (/opt/ros/humble/share/std_srvs/cmake)
[6.928s] -- Found robot_description: 1.0.0 (/root/Dojo/install/robot_description/share/robot_description/cmake)
[6.928s] -- Found robot_control: 1.0.0 (/root/Dojo/install/robot_control/share/robot_control/cmake)
[8.233s] -- Found Python3: /usr/bin/python3 (found version "3.10.12") found components: Interpreter Development Development.Module Development.Embed 
[8.317s] -- Configuring done
[8.331s] -- Generating done
[8.336s] -- Build files have been written to: /root/Dojo/build/robot_gazebo
[8.361s] Invoked command in '/root/Dojo/build/robot_gazebo' returned '0': AMENT_PREFIX_PATH=/root/Dojo/install/robot_description:/root/Dojo/install/robot_control:${AMENT_PREFIX_PATH} CMAKE_PREFIX_PATH=/root/Dojo/install/robot_description:/root/Dojo/install/robot_control:/opt/ros/humble /usr/bin/cmake /root/Dojo/src/robot_gazebo -DCMAKE_BUILD_TYPE=Release -DBUILD_TESTING=OFF -DAMENT_CMAKE_SYMLINK_INSTALL=1 -DCMAKE_INSTALL_PREFIX=/root/Dojo/install/robot_gazebo
[8.363s] Invoking command in '/root/Dojo/build/robot_gazebo': AMENT_PREFIX_PATH=/root/Dojo/install/robot_description:/root/Dojo/install/robot_control:${AMENT_PREFIX_PATH} CMAKE_PREFIX_PATH=/root/Dojo/install/robot_description:/root/Dojo/install/robot_control:/opt/ros/humble /usr/bin/cmake --build /root/Dojo/build/robot_gazebo -- -j16 -l16
[8.431s] Invoked command in '/root/Dojo/build/robot_gazebo' returned '0': AMENT_PREFIX_PATH=/root/Dojo/install/robot_description:/root/Dojo/install/robot_control:${AMENT_PREFIX_PATH} CMAKE_PREFIX_PATH=/root/Dojo/install/robot_description:/root/Dojo/install/robot_control:/opt/ros/humble /usr/bin/cmake --build /root/Dojo/build/robot_gazebo -- -j16 -l16
[8.433s] Invoking command in '/root/Dojo/build/robot_gazebo': AMENT_PREFIX_PATH=/root/Dojo/install/robot_description:/root/Dojo/install/robot_control:${AMENT_PREFIX_PATH} CMAKE_PREFIX_PATH=/root/Dojo/install/robot_description:/root/Dojo/install/robot_control:/opt/ros/humble /usr/bin/cmake --install /root/Dojo/build/robot_gazebo
[8.443s] -- Install configuration: "Release"
[8.444s] -- Execute custom install script
[8.445s] -- Symlinking: /root/Dojo/install/robot_gazebo/share/robot_gazebo/launch/gazebo.launch.py
[8.457s] -- Symlinking: /root/Dojo/install/robot_gazebo/share/robot_gazebo/launch/simulation.launch.py
[8.469s] -- Symlinking: /root/Dojo/install/robot_gazebo/share/robot_gazebo/launch/unified_simulation.launch.py
[8.482s] -- Symlinking: /root/Dojo/install/robot_gazebo/share/robot_gazebo/config/diff_drive_controller.yaml
[8.495s] -- Symlinking: /root/Dojo/install/robot_gazebo/share/robot_gazebo/config/ekf_config.yaml
[8.508s] -- Symlinking: /root/Dojo/install/robot_gazebo/share/robot_gazebo/config/gazebo_controllers.yaml
[8.521s] -- Symlinking: /root/Dojo/install/robot_gazebo/share/robot_gazebo/config/ros2_control.yaml
[8.533s] -- Symlinking: /root/Dojo/install/robot_gazebo/share/robot_gazebo/config/slam_config.yaml
[8.547s] -- Symlinking: /root/Dojo/install/robot_gazebo/share/robot_gazebo/worlds/agriculture.world
[8.561s] -- Symlinking: /root/Dojo/install/robot_gazebo/share/robot_gazebo/worlds/azcar.world
[8.573s] -- Symlinking: /root/Dojo/install/robot_gazebo/share/robot_gazebo/worlds/barrels.world
[8.586s] -- Symlinking: /root/Dojo/install/robot_gazebo/share/robot_gazebo/worlds/canyonview_field.world
[8.598s] -- Symlinking: /root/Dojo/install/robot_gazebo/share/robot_gazebo/worlds/city_osm_roundabout.world
[8.612s] -- Symlinking: /root/Dojo/install/robot_gazebo/share/robot_gazebo/worlds/city_osm_roundabout_combined.world
[8.625s] -- Symlinking: /root/Dojo/install/robot_gazebo/share/robot_gazebo/worlds/cyberzoo.world
[8.638s] -- Symlinking: /root/Dojo/install/robot_gazebo/share/robot_gazebo/worlds/cyberzoo2019_orange_poles.world
[8.650s] -- Symlinking: /root/Dojo/install/robot_gazebo/share/robot_gazebo/worlds/cyberzoo2019_orange_poles_panels.world
[8.664s] -- Symlinking: /root/Dojo/install/robot_gazebo/share/robot_gazebo/worlds/cyberzoo2019_orange_poles_panels_mats.world
[8.678s] -- Symlinking: /root/Dojo/install/robot_gazebo/share/robot_gazebo/worlds/cyberzoo2019_ralphthesis2020.world
[8.692s] -- Symlinking: /root/Dojo/install/robot_gazebo/share/robot_gazebo/worlds/cyberzoo_4_panels.world
[8.704s] -- Symlinking: /root/Dojo/install/robot_gazebo/share/robot_gazebo/worlds/cyberzoo_orange_poles.world
[8.717s] -- Symlinking: /root/Dojo/install/robot_gazebo/share/robot_gazebo/worlds/cyberzoo_panel.world
[8.732s] -- Symlinking: /root/Dojo/install/robot_gazebo/share/robot_gazebo/worlds/demo_world.world
[8.746s] -- Symlinking: /root/Dojo/install/robot_gazebo/share/robot_gazebo/worlds/dojo_world.world
[8.760s] -- Symlinking: /root/Dojo/install/robot_gazebo/share/robot_gazebo/worlds/drone_race_track_2018_actual.world
[8.773s] -- Symlinking: /root/Dojo/install/robot_gazebo/share/robot_gazebo/worlds/drone_race_track_2018_actual_with_gatepapers.world
[8.786s] -- Symlinking: /root/Dojo/install/robot_gazebo/share/robot_gazebo/worlds/empty.world
[8.799s] -- Symlinking: /root/Dojo/install/robot_gazebo/share/robot_gazebo/worlds/empty_aerial_manipulation.world
[8.813s] -- Symlinking: /root/Dojo/install/robot_gazebo/share/robot_gazebo/worlds/fetchit_challenge_arena_montreal2019.world
[8.826s] -- Symlinking: /root/Dojo/install/robot_gazebo/share/robot_gazebo/worlds/fetchit_challenge_arena_montreal2019_highlights.world
[8.839s] -- Symlinking: /root/Dojo/install/robot_gazebo/share/robot_gazebo/worlds/fetchit_challenge_arena_montreal2019_onlylights.world
[8.852s] -- Symlinking: /root/Dojo/install/robot_gazebo/share/robot_gazebo/worlds/fetchit_challenge_assembly.world
[8.866s] -- Symlinking: /root/Dojo/install/robot_gazebo/share/robot_gazebo/worlds/fetchit_challenge_atrezzo.world
[8.879s] -- Symlinking: /root/Dojo/install/robot_gazebo/share/robot_gazebo/worlds/fetchit_challenge_simple.world
[8.892s] -- Symlinking: /root/Dojo/install/robot_gazebo/share/robot_gazebo/worlds/fetchit_challenge_simple_highlights.world
[8.904s] -- Symlinking: /root/Dojo/install/robot_gazebo/share/robot_gazebo/worlds/fetchit_challenge_tests.world
[8.917s] -- Symlinking: /root/Dojo/install/robot_gazebo/share/robot_gazebo/worlds/fetchit_challenge_tests_lowlights.world
[8.930s] -- Symlinking: /root/Dojo/install/robot_gazebo/share/robot_gazebo/worlds/hemicyl.world
[8.943s] -- Symlinking: /root/Dojo/install/robot_gazebo/share/robot_gazebo/worlds/house.world
[8.956s] -- Symlinking: /root/Dojo/install/robot_gazebo/share/robot_gazebo/worlds/inspection.world
[8.970s] -- Symlinking: /root/Dojo/install/robot_gazebo/share/robot_gazebo/worlds/neighborhood.world
[8.983s] -- Symlinking: /root/Dojo/install/robot_gazebo/share/robot_gazebo/worlds/office_cpr.world
[8.998s] -- Symlinking: /root/Dojo/install/robot_gazebo/share/robot_gazebo/worlds/office_cpr_construction.world
[9.018s] -- Symlinking: /root/Dojo/install/robot_gazebo/share/robot_gazebo/worlds/office_earthquake.world
[9.034s] -- Symlinking: /root/Dojo/install/robot_gazebo/share/robot_gazebo/worlds/office_env_large.world
[9.050s] -- Symlinking: /root/Dojo/install/robot_gazebo/share/robot_gazebo/worlds/office_small.world
[9.064s] -- Symlinking: /root/Dojo/install/robot_gazebo/share/robot_gazebo/worlds/outdoor.world
[9.078s] -- Symlinking: /root/Dojo/install/robot_gazebo/share/robot_gazebo/worlds/powerplant.world
[9.093s] -- Symlinking: /root/Dojo/install/robot_gazebo/share/robot_gazebo/worlds/rubble.world
[9.107s] -- Symlinking: /root/Dojo/install/robot_gazebo/share/robot_gazebo/worlds/simple_env_1.world
[9.120s] -- Symlinking: /root/Dojo/install/robot_gazebo/share/robot_gazebo/worlds/simple_env_2.world
[9.133s] -- Symlinking: /root/Dojo/install/robot_gazebo/share/robot_gazebo/worlds/simple_env_3.world
[9.147s] -- Symlinking: /root/Dojo/install/robot_gazebo/share/robot_gazebo/worlds/skidpan.world
[9.161s] -- Symlinking: /root/Dojo/install/robot_gazebo/share/robot_gazebo/worlds/small_city.world
[9.174s] -- Symlinking: /root/Dojo/install/robot_gazebo/share/robot_gazebo/worlds/test_city.world
[9.187s] -- Symlinking: /root/Dojo/install/robot_gazebo/share/robot_gazebo/worlds/test_zone.world
[9.200s] -- Symlinking: /root/Dojo/install/robot_gazebo/share/robot_gazebo/worlds/wall_aerial_manipulation.world
[9.213s] -- Symlinking: /root/Dojo/install/robot_gazebo/share/robot_gazebo/worlds/warehouse.world
[9.228s] -- Symlinking: /root/Dojo/install/robot_gazebo/share/robot_gazebo/worlds/waypoint.world
[9.242s] -- Symlinking: /root/Dojo/install/robot_gazebo/share/robot_gazebo/worlds/workshop_example.world
[9.257s] -- Symlinking: /root/Dojo/install/robot_gazebo/share/robot_gazebo/worlds/yosemite.world
[9.276s] -- Symlinking: /root/Dojo/install/robot_gazebo/lib/robot_gazebo/spawn_robot.py
[9.289s] -- Symlinking: /root/Dojo/install/robot_gazebo/share/robot_gazebo/package.xml
[9.302s] -- Symlinking: /root/Dojo/install/robot_gazebo/share/robot_gazebo/setup.py
[9.315s] -- Symlinking: /root/Dojo/install/robot_gazebo/share/robot_gazebo/setup.cfg
[9.329s] -- Symlinking: /root/Dojo/install/robot_gazebo/share/ament_index/resource_index/package_run_dependencies/robot_gazebo
[9.343s] -- Symlinking: /root/Dojo/install/robot_gazebo/share/ament_index/resource_index/parent_prefix_path/robot_gazebo
[9.357s] -- Symlinking: /root/Dojo/install/robot_gazebo/share/robot_gazebo/environment/ament_prefix_path.sh
[9.370s] -- Symlinking: /root/Dojo/install/robot_gazebo/share/robot_gazebo/environment/ament_prefix_path.dsv
[9.383s] -- Symlinking: /root/Dojo/install/robot_gazebo/share/robot_gazebo/environment/path.sh
[9.397s] -- Symlinking: /root/Dojo/install/robot_gazebo/share/robot_gazebo/environment/path.dsv
[9.411s] -- Symlinking: /root/Dojo/install/robot_gazebo/share/robot_gazebo/local_setup.bash
[9.424s] -- Symlinking: /root/Dojo/install/robot_gazebo/share/robot_gazebo/local_setup.sh
[9.438s] -- Symlinking: /root/Dojo/install/robot_gazebo/share/robot_gazebo/local_setup.zsh
[9.451s] -- Symlinking: /root/Dojo/install/robot_gazebo/share/robot_gazebo/local_setup.dsv
[9.465s] -- Symlinking: /root/Dojo/install/robot_gazebo/share/robot_gazebo/package.dsv
[9.479s] -- Symlinking: /root/Dojo/install/robot_gazebo/share/ament_index/resource_index/packages/robot_gazebo
[9.492s] -- Symlinking: /root/Dojo/install/robot_gazebo/share/robot_gazebo/cmake/robot_gazebo-extras.cmake
[9.505s] -- Symlinking: /root/Dojo/install/robot_gazebo/share/robot_gazebo/cmake/ament_cmake_export_include_directories-extras.cmake
[9.518s] -- Symlinking: /root/Dojo/install/robot_gazebo/share/robot_gazebo/cmake/ament_cmake_export_dependencies-extras.cmake
[9.532s] -- Symlinking: /root/Dojo/install/robot_gazebo/share/robot_gazebo/cmake/robot_gazeboConfig.cmake
[9.545s] -- Symlinking: /root/Dojo/install/robot_gazebo/share/robot_gazebo/cmake/robot_gazeboConfig-version.cmake
[9.560s] -- Up-to-date symlink: /root/Dojo/install/robot_gazebo/share/robot_gazebo/package.xml
[9.560s] -- Up-to-date: /robot_gazebo
[9.560s] -- Up-to-date: /robot_gazebo/__init__.py
[9.560s] -- Up-to-date: /robot_gazebo/cmd_vel_relay.py
[9.563s] Invoked command in '/root/Dojo/build/robot_gazebo' returned '0': AMENT_PREFIX_PATH=/root/Dojo/install/robot_description:/root/Dojo/install/robot_control:${AMENT_PREFIX_PATH} CMAKE_PREFIX_PATH=/root/Dojo/install/robot_description:/root/Dojo/install/robot_control:/opt/ros/humble /usr/bin/cmake --install /root/Dojo/build/robot_gazebo
