[0.051s] Invoking command in '/root/Dojo/Dojo/build/robot_description': CMAKE_PREFIX_PATH=${CMAKE_PREFIX_PATH}:/root/Dojo/install/robot_hardware:/opt/ros/humble /usr/bin/cmake /root/Dojo/Dojo/src/robot_description -DCMAKE_BUILD_TYPE=Release -DBUILD_TESTING=OFF -DAMENT_CMAKE_SYMLINK_INSTALL=1 -DCMAKE_INSTALL_PREFIX=/root/Dojo/Dojo/install/robot_description
[1.782s] -- The C compiler identification is GNU 11.4.0
[1.782s] -- The CXX compiler identification is GNU 11.4.0
[1.782s] -- Detecting C compiler ABI info
[1.782s] -- Detecting C compiler ABI info - done
[1.782s] -- Check for working C compiler: /usr/bin/cc - skipped
[1.782s] -- Detecting C compile features
[1.782s] -- Detecting C compile features - done
[1.782s] -- Detecting CXX compiler ABI info
[1.782s] -- Detecting CXX compiler ABI info - done
[1.782s] -- Check for working CXX compiler: /usr/bin/c++ - skipped
[1.782s] -- Detecting CXX compile features
[1.783s] -- Detecting CXX compile features - done
[1.783s] -- Found ament_cmake: 1.3.12 (/opt/ros/humble/share/ament_cmake/cmake)
[1.783s] -- Found Python3: /usr/bin/python3 (found version "3.10.12") found components: Interpreter 
[1.783s] -- Override CMake install command with custom implementation using symlinks instead of copying resources
[1.783s] -- Found rclcpp: 16.0.15 (/opt/ros/humble/share/rclcpp/cmake)
[1.783s] -- Found rosidl_generator_c: 3.1.7 (/opt/ros/humble/share/rosidl_generator_c/cmake)
[1.783s] -- Found rosidl_adapter: 3.1.7 (/opt/ros/humble/share/rosidl_adapter/cmake)
[1.783s] -- Found rosidl_generator_cpp: 3.1.7 (/opt/ros/humble/share/rosidl_generator_cpp/cmake)
[1.784s] -- Using all available rosidl_typesupport_c: rosidl_typesupport_fastrtps_c;rosidl_typesupport_introspection_c
[1.784s] -- Using all available rosidl_typesupport_cpp: rosidl_typesupport_fastrtps_cpp;rosidl_typesupport_introspection_cpp
[1.784s] -- Found rmw_implementation_cmake: 6.1.2 (/opt/ros/humble/share/rmw_implementation_cmake/cmake)
[1.784s] -- Found rmw_fastrtps_cpp: 6.2.8 (/opt/ros/humble/share/rmw_fastrtps_cpp/cmake)
[1.784s] -- Found OpenSSL: /usr/lib/x86_64-linux-gnu/libcrypto.so (found version "3.0.2")  
[1.784s] -- Found FastRTPS: /opt/ros/humble/include  
[1.784s] -- Using RMW implementation 'rmw_fastrtps_cpp' as default
[1.784s] -- Looking for pthread.h
[1.784s] -- Looking for pthread.h - found
[1.784s] -- Performing Test CMAKE_HAVE_LIBC_PTHREAD
[1.784s] -- Performing Test CMAKE_HAVE_LIBC_PTHREAD - Success
[1.784s] -- Found Threads: TRUE  
[1.784s] -- Found geometry_msgs: 4.9.0 (/opt/ros/humble/share/geometry_msgs/cmake)
[1.784s] -- Found sensor_msgs: 4.9.0 (/opt/ros/humble/share/sensor_msgs/cmake)
[1.785s] -- Found tf2_ros: 0.25.16 (/opt/ros/humble/share/tf2_ros/cmake)
[1.798s] -- Found urdf: 2.6.1 (/opt/ros/humble/share/urdf/cmake)
[1.839s] -- Found xacro: 2.1.1 (/opt/ros/humble/share/xacro/cmake)
[1.842s] -- Found gazebo_ros2_control: 0.4.10 (/opt/ros/humble/share/gazebo_ros2_control/cmake)
[1.961s] -- Found PkgConfig: /usr/bin/pkg-config (found version "0.29.2") 
[1.962s] -- Checking for module 'bullet>=2.82'
[1.980s] --   Found bullet, version 3.05
[2.126s] -- Found fcl: /usr/include (found suitable version "0.7.0", minimum required is "0.5.0") 
[2.215s] -- Found assimp: /usr/include (found version "5.2.0") 
[2.251s] -- Found DART: /usr/include (Required is at least version "6.6") found components: dart 
[2.291s] -- Found Boost: /usr/lib/x86_64-linux-gnu/cmake/Boost-1.74.0/BoostConfig.cmake (found suitable version "1.74.0", minimum required is "1.40.0") found components: thread system filesystem program_options regex iostreams date_time 
[2.307s] -- Found Protobuf: /usr/lib/x86_64-linux-gnu/libprotobuf.so (found version "3.12.4") 
[2.318s] -- Looking for ignition-math6 -- found version 6.15.1
[2.327s] -- Searching for dependencies of ignition-math6
[2.329s] -- Looking for OGRE...
[2.329s] -- OGRE_PREFIX_WATCH changed.
[2.336s] -- Checking for module 'OGRE'
[2.356s] --   Found OGRE, version 1.9.0
[2.422s] -- Found Ogre Ghadamon (1.9.0)
[2.434s] -- Found OGRE: optimized;/usr/lib/x86_64-linux-gnu/libOgreMain.so;debug;/usr/lib/x86_64-linux-gnu/libOgreMain.so
[2.450s] -- Looking for OGRE_Paging...
[2.458s] -- Found OGRE_Paging: optimized;/usr/lib/x86_64-linux-gnu/libOgrePaging.so;debug;/usr/lib/x86_64-linux-gnu/libOgrePaging.so
[2.458s] -- Looking for OGRE_Terrain...
[2.466s] -- Found OGRE_Terrain: optimized;/usr/lib/x86_64-linux-gnu/libOgreTerrain.so;debug;/usr/lib/x86_64-linux-gnu/libOgreTerrain.so
[2.466s] -- Looking for OGRE_Property...
[2.473s] -- Found OGRE_Property: optimized;/usr/lib/x86_64-linux-gnu/libOgreProperty.so;debug;/usr/lib/x86_64-linux-gnu/libOgreProperty.so
[2.473s] -- Looking for OGRE_RTShaderSystem...
[2.482s] -- Found OGRE_RTShaderSystem: optimized;/usr/lib/x86_64-linux-gnu/libOgreRTShaderSystem.so;debug;/usr/lib/x86_64-linux-gnu/libOgreRTShaderSystem.so
[2.482s] -- Looking for OGRE_Volume...
[2.488s] -- Found OGRE_Volume: optimized;/usr/lib/x86_64-linux-gnu/libOgreVolume.so;debug;/usr/lib/x86_64-linux-gnu/libOgreVolume.so
[2.489s] -- Looking for OGRE_Overlay...
[2.495s] -- Found OGRE_Overlay: optimized;/usr/lib/x86_64-linux-gnu/libOgreOverlay.so;debug;/usr/lib/x86_64-linux-gnu/libOgreOverlay.so
[2.651s] -- Looking for ignition-math6 -- found version 6.15.1
[2.657s] -- Looking for ignition-transport8 -- found version 8.2.1
[2.658s] -- Searching for dependencies of ignition-transport8
[2.701s] -- Found Protobuf: /usr/lib/x86_64-linux-gnu/libprotobuf.so (found suitable version "3.12.4", minimum required is "3") 
[2.733s] -- Config-file not installed for ZeroMQ -- checking for pkg-config
[2.742s] -- Checking for module 'libzmq >= 4'
[2.771s] --   Found libzmq , version 4.3.4
[2.846s] -- Found ZeroMQ: TRUE (Required is at least version "4") 
[2.856s] -- Checking for module 'uuid'
[2.885s] --   Found uuid, version 2.37.2
[2.959s] -- Found UUID: TRUE  
[2.963s] -- Looking for ignition-msgs5 -- found version 5.8.1
[2.964s] -- Searching for dependencies of ignition-msgs5
[3.001s] -- Looking for ignition-math6 -- found version 6.15.1
[3.009s] -- Checking for module 'tinyxml2'
[3.036s] --   Found tinyxml2, version 9.0.0
[3.108s] -- Looking for ignition-msgs5 -- found version 5.8.1
[3.112s] -- Looking for ignition-common3 -- found version 3.14.0
[3.113s] -- Searching for dependencies of ignition-common3
[3.113s] -- Looking for dlfcn.h - found
[3.115s] -- Looking for libdl - found
[3.116s] -- Found DL: TRUE  
[3.134s] -- Found tinyobjloader: /usr/lib/x86_64-linux-gnu/cmake/tinyobjloader/tinyobjloader-config.cmake (found version "2.0.0") 
[3.134s] -- Searching for <ignition-common3> component [graphics]
[3.139s] -- Looking for ignition-common3-graphics -- found version 3.14.0
[3.139s] -- Searching for dependencies of ignition-common3-graphics
[3.140s] -- Looking for ignition-math6 -- found version 6.15.1
[3.145s] -- Looking for ignition-fuel_tools4 -- found version 4.4.0
[3.146s] -- Searching for dependencies of ignition-fuel_tools4
[3.287s] -- Found CURL: /usr/lib/x86_64-linux-gnu/libcurl.so (found version "7.81.0")  
[3.305s] -- Checking for module 'jsoncpp'
[3.334s] --   Found jsoncpp, version 1.9.5
[3.428s] -- Found JSONCPP: TRUE  
[3.438s] -- Checking for module 'libzip'
[3.466s] --   Found libzip, version 1.7.3
[3.537s] -- Found ZIP: TRUE  
[3.538s] -- Looking for ignition-common3 -- found version 3.14.0
[3.538s] -- Looking for ignition-math6 -- found version 6.15.1
[3.539s] -- Looking for ignition-msgs5 -- found version 5.8.1
[3.547s] -- Gazebo version: 11.10
[3.548s] -- Checking for module 'tbb'
[3.571s] --   Found tbb, version 2021.5.0
[3.737s] -- Configuring done
[3.750s] -- Generating done
[3.755s] -- Build files have been written to: /root/Dojo/Dojo/build/robot_description
[3.781s] Invoked command in '/root/Dojo/Dojo/build/robot_description' returned '0': CMAKE_PREFIX_PATH=${CMAKE_PREFIX_PATH}:/root/Dojo/install/robot_hardware:/opt/ros/humble /usr/bin/cmake /root/Dojo/Dojo/src/robot_description -DCMAKE_BUILD_TYPE=Release -DBUILD_TESTING=OFF -DAMENT_CMAKE_SYMLINK_INSTALL=1 -DCMAKE_INSTALL_PREFIX=/root/Dojo/Dojo/install/robot_description
[3.782s] Invoking command in '/root/Dojo/Dojo/build/robot_description': CMAKE_PREFIX_PATH=${CMAKE_PREFIX_PATH}:/root/Dojo/install/robot_hardware:/opt/ros/humble /usr/bin/cmake --build /root/Dojo/Dojo/build/robot_description -- -j16 -l16
[3.857s] Invoked command in '/root/Dojo/Dojo/build/robot_description' returned '0': CMAKE_PREFIX_PATH=${CMAKE_PREFIX_PATH}:/root/Dojo/install/robot_hardware:/opt/ros/humble /usr/bin/cmake --build /root/Dojo/Dojo/build/robot_description -- -j16 -l16
[3.859s] Invoking command in '/root/Dojo/Dojo/build/robot_description': CMAKE_PREFIX_PATH=${CMAKE_PREFIX_PATH}:/root/Dojo/install/robot_hardware:/opt/ros/humble /usr/bin/cmake --install /root/Dojo/Dojo/build/robot_description
[3.870s] -- Install configuration: "Release"
[3.871s] -- Execute custom install script
[3.871s] -- Symlinking: /root/Dojo/Dojo/install/robot_description/share/robot_description/launch/description.launch.py
[3.882s] -- Symlinking: /root/Dojo/Dojo/install/robot_description/share/robot_description/launch/display.launch.py
[3.893s] -- Symlinking: /root/Dojo/Dojo/install/robot_description/share/robot_description/launch/robot_state_publisher.launch.py
[3.905s] -- Symlinking: /root/Dojo/Dojo/install/robot_description/share/robot_description/config/robot_controllers.yaml
[3.917s] -- Symlinking: /root/Dojo/Dojo/install/robot_description/share/robot_description/common_properties.xacro
[3.929s] -- Symlinking: /root/Dojo/Dojo/install/robot_description/share/robot_description/dojo_robot.gazebo
[3.940s] -- Symlinking: /root/Dojo/Dojo/install/robot_description/share/robot_description/dojo_robot.urdf.xacro
[3.951s] -- Symlinking: /root/Dojo/Dojo/install/robot_description/share/robot_description/robot.urdf
[3.963s] -- Symlinking: /root/Dojo/Dojo/install/robot_description/share/robot_description/robot.urdf.xacro
[3.972s] -- Symlinking: /root/Dojo/Dojo/install/robot_description/share/robot_description/robot.urdf.xacro.clean
[3.983s] -- Symlinking: /root/Dojo/Dojo/install/robot_description/share/robot_description/sensors/rplidar.urdf.xacro
[3.992s] -- Symlinking: /root/Dojo/Dojo/install/robot_description/share/robot_description/display.rviz
[4.002s] -- Symlinking: /root/Dojo/Dojo/install/robot_description/share/robot_description/dojo_robot.rviz
[4.011s] -- Symlinking: /root/Dojo/Dojo/install/robot_description/share/robot_description/robot.rviz
[4.022s] -- Symlinking: /root/Dojo/Dojo/install/robot_description/lib/python3.10/site-packages/__init__.py
[4.031s] -- Symlinking: /root/Dojo/Dojo/install/robot_description/lib/python3.10/site-packages/robot_description/__init__.py
[4.040s] -- Symlinking: /root/Dojo/Dojo/install/robot_description/lib/robot_description/display_robot.py
[4.051s] -- Symlinking: /root/Dojo/Dojo/install/robot_description/share/robot_description/package.xml
[4.060s] -- Symlinking: /root/Dojo/Dojo/install/robot_description/share/robot_description/setup.py
[4.071s] -- Symlinking: /root/Dojo/Dojo/install/robot_description/share/robot_description/setup.cfg
[4.081s] -- Symlinking: /root/Dojo/Dojo/install/robot_description/share/ament_index/resource_index/package_run_dependencies/robot_description
[4.091s] -- Symlinking: /root/Dojo/Dojo/install/robot_description/share/ament_index/resource_index/parent_prefix_path/robot_description
[4.101s] -- Symlinking: /root/Dojo/Dojo/install/robot_description/share/robot_description/environment/ament_prefix_path.sh
[4.110s] -- Symlinking: /root/Dojo/Dojo/install/robot_description/share/robot_description/environment/ament_prefix_path.dsv
[4.122s] -- Symlinking: /root/Dojo/Dojo/install/robot_description/share/robot_description/environment/path.sh
[4.134s] -- Symlinking: /root/Dojo/Dojo/install/robot_description/share/robot_description/environment/path.dsv
[4.144s] -- Symlinking: /root/Dojo/Dojo/install/robot_description/share/robot_description/local_setup.bash
[4.154s] -- Symlinking: /root/Dojo/Dojo/install/robot_description/share/robot_description/local_setup.sh
[4.164s] -- Symlinking: /root/Dojo/Dojo/install/robot_description/share/robot_description/local_setup.zsh
[4.174s] -- Symlinking: /root/Dojo/Dojo/install/robot_description/share/robot_description/local_setup.dsv
[4.185s] -- Symlinking: /root/Dojo/Dojo/install/robot_description/share/robot_description/package.dsv
[4.194s] -- Symlinking: /root/Dojo/Dojo/install/robot_description/share/ament_index/resource_index/packages/robot_description
[4.203s] -- Symlinking: /root/Dojo/Dojo/install/robot_description/share/robot_description/cmake/robot_descriptionConfig.cmake
[4.214s] -- Symlinking: /root/Dojo/Dojo/install/robot_description/share/robot_description/cmake/robot_descriptionConfig-version.cmake
[4.223s] -- Up-to-date symlink: /root/Dojo/Dojo/install/robot_description/share/robot_description/package.xml
[4.225s] Invoked command in '/root/Dojo/Dojo/build/robot_description' returned '0': CMAKE_PREFIX_PATH=${CMAKE_PREFIX_PATH}:/root/Dojo/install/robot_hardware:/opt/ros/humble /usr/bin/cmake --install /root/Dojo/Dojo/build/robot_description
