[2.913s] Invoking command in '/root/Dojo/Dojo/build/robot_sensors': PYTHONPATH=/root/Dojo/Dojo/build/robot_sensors/prefix_override:/usr/lib/python3/dist-packages/colcon_core/task/python/colcon_distutils_commands:/root/Dojo/Dojo/install/robot_sensors/lib/python3.10/site-packages:${PYTHONPATH} /usr/bin/python3 -W ignore:setup.py install is deprecated -W ignore:easy_install command is deprecated setup.py develop --editable --build-directory /root/Dojo/Dojo/build/robot_sensors/build --no-deps symlink_data
[3.362s] running develop
[3.642s] running egg_info
[3.642s] creating robot_sensors.egg-info
[3.659s] writing robot_sensors.egg-info/PKG-INFO
[3.659s] writing dependency_links to robot_sensors.egg-info/dependency_links.txt
[3.659s] writing entry points to robot_sensors.egg-info/entry_points.txt
[3.659s] writing requirements to robot_sensors.egg-info/requires.txt
[3.660s] writing top-level names to robot_sensors.egg-info/top_level.txt
[3.660s] writing manifest file 'robot_sensors.egg-info/SOURCES.txt'
[3.694s] reading manifest file 'robot_sensors.egg-info/SOURCES.txt'
[3.695s] writing manifest file 'robot_sensors.egg-info/SOURCES.txt'
[3.715s] running build_ext
[3.715s] Creating /root/Dojo/Dojo/install/robot_sensors/lib/python3.10/site-packages/robot-sensors.egg-link (link to .)
[3.717s] Installing camera_node script to /root/Dojo/Dojo/install/robot_sensors/lib/robot_sensors
[3.718s] 
[3.718s] Installed /root/Dojo/Dojo/build/robot_sensors
[3.718s] running symlink_data
[3.718s] creating /root/Dojo/Dojo/install/robot_sensors/share/ament_index
[3.718s] creating /root/Dojo/Dojo/install/robot_sensors/share/ament_index/resource_index
[3.718s] creating /root/Dojo/Dojo/install/robot_sensors/share/ament_index/resource_index/packages
[3.721s] symbolically linking /root/Dojo/Dojo/build/robot_sensors/resource/robot_sensors -> /root/Dojo/Dojo/install/robot_sensors/share/ament_index/resource_index/packages
[3.721s] symbolically linking /root/Dojo/Dojo/build/robot_sensors/package.xml -> /root/Dojo/Dojo/install/robot_sensors/share/robot_sensors
[3.721s] creating /root/Dojo/Dojo/install/robot_sensors/share/robot_sensors/launch
[3.722s] symbolically linking /root/Dojo/Dojo/build/robot_sensors/launch/test_lidar.launch.py -> /root/Dojo/Dojo/install/robot_sensors/share/robot_sensors/launch
[3.722s] symbolically linking /root/Dojo/Dojo/build/robot_sensors/launch/sensors.launch.py -> /root/Dojo/Dojo/install/robot_sensors/share/robot_sensors/launch
[3.722s] symbolically linking /root/Dojo/Dojo/build/robot_sensors/launch/camera.launch.py -> /root/Dojo/Dojo/install/robot_sensors/share/robot_sensors/launch
[3.722s] creating /root/Dojo/Dojo/install/robot_sensors/share/robot_sensors/config
[3.722s] symbolically linking /root/Dojo/Dojo/build/robot_sensors/config/robot_sensors_params.yaml -> /root/Dojo/Dojo/install/robot_sensors/share/robot_sensors/config
[3.722s] symbolically linking /root/Dojo/Dojo/build/robot_sensors/config/laser_filter_config.yaml -> /root/Dojo/Dojo/install/robot_sensors/share/robot_sensors/config
[3.836s] Invoked command in '/root/Dojo/Dojo/build/robot_sensors' returned '0': PYTHONPATH=/root/Dojo/Dojo/build/robot_sensors/prefix_override:/usr/lib/python3/dist-packages/colcon_core/task/python/colcon_distutils_commands:/root/Dojo/Dojo/install/robot_sensors/lib/python3.10/site-packages:${PYTHONPATH} /usr/bin/python3 -W ignore:setup.py install is deprecated -W ignore:easy_install command is deprecated setup.py develop --editable --build-directory /root/Dojo/Dojo/build/robot_sensors/build --no-deps symlink_data
