[1.475s] DEBUG:colcon:Command line arguments: ['/usr/bin/colcon', 'build']
[1.476s] DEBUG:colcon:Parsed command line arguments: Namespace(log_base=None, log_level=None, verb_name='build', build_base='build', install_base='install', merge_install=False, symlink_install=False, test_result_base=None, continue_on_error=False, executor='parallel', parallel_workers=4, event_handlers=None, ignore_user_meta=False, metas=['./colcon.meta'], base_paths=['.'], packages_ignore=None, packages_ignore_regex=None, paths=None, packages_up_to=None, packages_up_to_regex=None, packages_above=None, packages_above_and_dependencies=None, packages_above_depth=None, packages_select_by_dep=None, packages_skip_by_dep=None, packages_skip_up_to=None, packages_select_build_failed=False, packages_skip_build_finished=False, packages_select_test_failures=False, packages_skip_test_passed=False, packages_select=None, packages_skip=None, packages_select_regex=None, packages_skip_regex=None, packages_start=None, packages_end=None, allow_overriding=[], cmake_args=None, cmake_target=None, cmake_target_skip_unavailable=False, cmake_clean_cache=False, cmake_clean_first=False, cmake_force_configure=False, ament_cmake_args=None, catkin_cmake_args=None, catkin_skip_building_tests=False, mixin_files=None, mixin=None, verb_parser=<colcon_mixin.mixin.mixin_argument.MixinArgumentDecorator object at 0x7f4f993460e0>, verb_extension=<colcon_core.verb.build.BuildVerb object at 0x7f4f994c2bf0>, main=<bound method BuildVerb.main of <colcon_core.verb.build.BuildVerb object at 0x7f4f994c2bf0>>, mixin_verb=('build',))
[2.893s] Level 1:colcon.colcon_core.package_discovery:discover_packages(colcon_meta) check parameters
[2.894s] Level 1:colcon.colcon_core.package_discovery:discover_packages(recursive) check parameters
[2.894s] Level 1:colcon.colcon_core.package_discovery:discover_packages(ignore) check parameters
[2.894s] Level 1:colcon.colcon_core.package_discovery:discover_packages(path) check parameters
[2.894s] Level 1:colcon.colcon_core.package_discovery:discover_packages(colcon_meta) discover
[2.895s] Level 1:colcon.colcon_core.package_discovery:discover_packages(recursive) discover
[2.895s] INFO:colcon.colcon_core.package_discovery:Crawling recursively for packages in '/home/annette-robosync/new_ws'
[2.896s] Level 1:colcon.colcon_core.package_identification:_identify(.) by extensions ['ignore', 'ignore_ament_install']
[2.897s] Level 1:colcon.colcon_core.package_identification:_identify(.) by extension 'ignore'
[2.897s] Level 1:colcon.colcon_core.package_identification:_identify(.) by extension 'ignore_ament_install'
[2.897s] Level 1:colcon.colcon_core.package_identification:_identify(.) by extensions ['colcon_pkg']
[2.897s] Level 1:colcon.colcon_core.package_identification:_identify(.) by extension 'colcon_pkg'
[2.898s] Level 1:colcon.colcon_core.package_identification:_identify(.) by extensions ['colcon_meta']
[2.898s] Level 1:colcon.colcon_core.package_identification:_identify(.) by extension 'colcon_meta'
[2.898s] Level 1:colcon.colcon_core.package_identification:_identify(.) by extensions ['ros']
[2.898s] Level 1:colcon.colcon_core.package_identification:_identify(.) by extension 'ros'
[2.960s] Level 1:colcon.colcon_core.package_identification:_identify(.) by extensions ['cmake', 'python']
[2.960s] Level 1:colcon.colcon_core.package_identification:_identify(.) by extension 'cmake'
[2.961s] Level 1:colcon.colcon_core.package_identification:_identify(.) by extension 'python'
[2.961s] Level 1:colcon.colcon_core.package_identification:_identify(.) by extensions ['python_setup_py']
[2.961s] Level 1:colcon.colcon_core.package_identification:_identify(.) by extension 'python_setup_py'
[2.962s] Level 1:colcon.colcon_core.package_identification:_identify(build) by extensions ['ignore', 'ignore_ament_install']
[2.962s] Level 1:colcon.colcon_core.package_identification:_identify(build) by extension 'ignore'
[2.962s] Level 1:colcon.colcon_core.package_identification:_identify(build) ignored
[2.963s] Level 1:colcon.colcon_core.package_identification:_identify(install) by extensions ['ignore', 'ignore_ament_install']
[2.963s] Level 1:colcon.colcon_core.package_identification:_identify(install) by extension 'ignore'
[2.964s] Level 1:colcon.colcon_core.package_identification:_identify(install) ignored
[2.964s] Level 1:colcon.colcon_core.package_identification:_identify(log) by extensions ['ignore', 'ignore_ament_install']
[2.965s] Level 1:colcon.colcon_core.package_identification:_identify(log) by extension 'ignore'
[2.965s] Level 1:colcon.colcon_core.package_identification:_identify(log) ignored
[2.965s] Level 1:colcon.colcon_core.package_identification:_identify(src) by extensions ['ignore', 'ignore_ament_install']
[2.966s] Level 1:colcon.colcon_core.package_identification:_identify(src) by extension 'ignore'
[2.966s] Level 1:colcon.colcon_core.package_identification:_identify(src) by extension 'ignore_ament_install'
[2.966s] Level 1:colcon.colcon_core.package_identification:_identify(src) by extensions ['colcon_pkg']
[2.966s] Level 1:colcon.colcon_core.package_identification:_identify(src) by extension 'colcon_pkg'
[2.966s] Level 1:colcon.colcon_core.package_identification:_identify(src) by extensions ['colcon_meta']
[2.967s] Level 1:colcon.colcon_core.package_identification:_identify(src) by extension 'colcon_meta'
[2.967s] Level 1:colcon.colcon_core.package_identification:_identify(src) by extensions ['ros']
[2.967s] Level 1:colcon.colcon_core.package_identification:_identify(src) by extension 'ros'
[2.967s] Level 1:colcon.colcon_core.package_identification:_identify(src) by extensions ['cmake', 'python']
[2.967s] Level 1:colcon.colcon_core.package_identification:_identify(src) by extension 'cmake'
[2.967s] Level 1:colcon.colcon_core.package_identification:_identify(src) by extension 'python'
[2.968s] Level 1:colcon.colcon_core.package_identification:_identify(src) by extensions ['python_setup_py']
[2.968s] Level 1:colcon.colcon_core.package_identification:_identify(src) by extension 'python_setup_py'
[2.968s] Level 1:colcon.colcon_core.package_identification:_identify(src/new_package) by extensions ['ignore', 'ignore_ament_install']
[2.968s] Level 1:colcon.colcon_core.package_identification:_identify(src/new_package) by extension 'ignore'
[2.969s] Level 1:colcon.colcon_core.package_identification:_identify(src/new_package) by extension 'ignore_ament_install'
[2.969s] Level 1:colcon.colcon_core.package_identification:_identify(src/new_package) by extensions ['colcon_pkg']
[2.969s] Level 1:colcon.colcon_core.package_identification:_identify(src/new_package) by extension 'colcon_pkg'
[2.969s] Level 1:colcon.colcon_core.package_identification:_identify(src/new_package) by extensions ['colcon_meta']
[2.969s] Level 1:colcon.colcon_core.package_identification:_identify(src/new_package) by extension 'colcon_meta'
[2.969s] Level 1:colcon.colcon_core.package_identification:_identify(src/new_package) by extensions ['ros']
[2.969s] Level 1:colcon.colcon_core.package_identification:_identify(src/new_package) by extension 'ros'
[2.987s] DEBUG:colcon.colcon_core.package_identification:Package 'src/new_package' with type 'ros.ament_cmake' and name 'new_package'
[2.988s] Level 1:colcon.colcon_core.package_discovery:discover_packages(recursive) using defaults
[2.988s] Level 1:colcon.colcon_core.package_discovery:discover_packages(ignore) discover
[2.988s] Level 1:colcon.colcon_core.package_discovery:discover_packages(ignore) using defaults
[2.988s] Level 1:colcon.colcon_core.package_discovery:discover_packages(path) discover
[2.988s] Level 1:colcon.colcon_core.package_discovery:discover_packages(path) using defaults
[3.141s] Level 1:colcon.colcon_core.package_discovery:discover_packages(prefix_path) check parameters
[3.141s] Level 1:colcon.colcon_core.package_discovery:discover_packages(prefix_path) discover
[3.149s] WARNING:colcon.colcon_core.prefix_path.colcon:The path '/home/annette-robosync/polo_ws/install' in the environment variable COLCON_PREFIX_PATH doesn't exist
[3.156s] DEBUG:colcon.colcon_installed_package_information.package_discovery:Found 1 installed packages in /home/annette-robosync/new_ws/install
[3.162s] DEBUG:colcon.colcon_installed_package_information.package_discovery:Found 1 installed packages in /home/annette-robosync/polo/install
[3.170s] DEBUG:colcon.colcon_installed_package_information.package_discovery:Found 335 installed packages in /opt/ros/humble
[3.178s] Level 1:colcon.colcon_core.package_discovery:discover_packages(prefix_path) using defaults
[3.583s] Level 5:colcon.colcon_core.verb:set package 'new_package' build argument 'cmake_args' from command line to 'None'
[3.584s] Level 5:colcon.colcon_core.verb:set package 'new_package' build argument 'cmake_target' from command line to 'None'
[3.584s] Level 5:colcon.colcon_core.verb:set package 'new_package' build argument 'cmake_target_skip_unavailable' from command line to 'False'
[3.584s] Level 5:colcon.colcon_core.verb:set package 'new_package' build argument 'cmake_clean_cache' from command line to 'False'
[3.584s] Level 5:colcon.colcon_core.verb:set package 'new_package' build argument 'cmake_clean_first' from command line to 'False'
[3.584s] Level 5:colcon.colcon_core.verb:set package 'new_package' build argument 'cmake_force_configure' from command line to 'False'
[3.585s] Level 5:colcon.colcon_core.verb:set package 'new_package' build argument 'ament_cmake_args' from command line to 'None'
[3.585s] Level 5:colcon.colcon_core.verb:set package 'new_package' build argument 'catkin_cmake_args' from command line to 'None'
[3.585s] Level 5:colcon.colcon_core.verb:set package 'new_package' build argument 'catkin_skip_building_tests' from command line to 'False'
[3.585s] DEBUG:colcon.colcon_core.verb:Building package 'new_package' with the following arguments: {'ament_cmake_args': None, 'build_base': '/home/annette-robosync/new_ws/build/new_package', 'catkin_cmake_args': None, 'catkin_skip_building_tests': False, 'cmake_args': None, 'cmake_clean_cache': False, 'cmake_clean_first': False, 'cmake_force_configure': False, 'cmake_target': None, 'cmake_target_skip_unavailable': False, 'install_base': '/home/annette-robosync/new_ws/install/new_package', 'merge_install': False, 'path': '/home/annette-robosync/new_ws/src/new_package', 'symlink_install': False, 'test_result_base': None}
[3.585s] INFO:colcon.colcon_core.executor:Executing jobs using 'parallel' executor
[3.590s] DEBUG:colcon.colcon_parallel_executor.executor.parallel:run_until_complete
[3.593s] INFO:colcon.colcon_ros.task.ament_cmake.build:Building ROS package in '/home/annette-robosync/new_ws/src/new_package' with build type 'ament_cmake'
[3.594s] INFO:colcon.colcon_cmake.task.cmake.build:Building CMake package in '/home/annette-robosync/new_ws/src/new_package'
[3.608s] INFO:colcon.colcon_core.plugin_system:Skipping extension 'colcon_core.shell.bat': Not used on non-Windows systems
[3.609s] INFO:colcon.colcon_core.shell:Skip shell extension 'powershell' for command environment: Not usable outside of PowerShell
[3.610s] DEBUG:colcon.colcon_core.shell:Skip shell extension 'dsv' for command environment
[3.676s] DEBUG:colcon.colcon_core.event_handler.log_command:Invoking command in '/home/annette-robosync/new_ws/build/new_package': /usr/bin/cmake --build /home/annette-robosync/new_ws/build/new_package -- -j4 -l4
[26.485s] DEBUG:colcon.colcon_core.event_handler.log_command:Invoked command in '/home/annette-robosync/new_ws/build/new_package' returned '0': /usr/bin/cmake --build /home/annette-robosync/new_ws/build/new_package -- -j4 -l4
[26.531s] DEBUG:colcon.colcon_core.event_handler.log_command:Invoking command in '/home/annette-robosync/new_ws/build/new_package': /usr/bin/cmake --install /home/annette-robosync/new_ws/build/new_package
[26.603s] Level 1:colcon.colcon_core.environment:create_environment_scripts_only(new_package)
[26.610s] DEBUG:colcon.colcon_core.event_handler.log_command:Invoked command in '/home/annette-robosync/new_ws/build/new_package' returned '0': /usr/bin/cmake --install /home/annette-robosync/new_ws/build/new_package
[26.627s] Level 1:colcon.colcon_core.environment:checking '/home/annette-robosync/new_ws/install/new_package' for CMake module files
[26.630s] Level 1:colcon.colcon_core.environment:checking '/home/annette-robosync/new_ws/install/new_package' for CMake config files
[26.634s] Level 1:colcon.colcon_core.shell:create_environment_hook('new_package', 'cmake_prefix_path')
[26.635s] INFO:colcon.colcon_core.shell:Creating environment hook '/home/annette-robosync/new_ws/install/new_package/share/new_package/hook/cmake_prefix_path.ps1'
[26.639s] INFO:colcon.colcon_core.shell:Creating environment descriptor '/home/annette-robosync/new_ws/install/new_package/share/new_package/hook/cmake_prefix_path.dsv'
[26.642s] INFO:colcon.colcon_core.shell:Creating environment hook '/home/annette-robosync/new_ws/install/new_package/share/new_package/hook/cmake_prefix_path.sh'
[26.646s] Level 1:colcon.colcon_core.environment:checking '/home/annette-robosync/new_ws/install/new_package/lib'
[26.647s] Level 1:colcon.colcon_core.environment:checking '/home/annette-robosync/new_ws/install/new_package/bin'
[26.647s] Level 1:colcon.colcon_core.environment:checking '/home/annette-robosync/new_ws/install/new_package/lib/pkgconfig/new_package.pc'
[26.649s] Level 1:colcon.colcon_core.environment:checking '/home/annette-robosync/new_ws/install/new_package/lib/python3.10/site-packages'
[26.649s] Level 1:colcon.colcon_core.shell:create_environment_hook('new_package', 'pythonpath')
[26.650s] INFO:colcon.colcon_core.shell:Creating environment hook '/home/annette-robosync/new_ws/install/new_package/share/new_package/hook/pythonpath.ps1'
[26.652s] INFO:colcon.colcon_core.shell:Creating environment descriptor '/home/annette-robosync/new_ws/install/new_package/share/new_package/hook/pythonpath.dsv'
[26.654s] INFO:colcon.colcon_core.shell:Creating environment hook '/home/annette-robosync/new_ws/install/new_package/share/new_package/hook/pythonpath.sh'
[26.656s] Level 1:colcon.colcon_core.environment:checking '/home/annette-robosync/new_ws/install/new_package/bin'
[26.658s] INFO:colcon.colcon_core.shell:Creating package script '/home/annette-robosync/new_ws/install/new_package/share/new_package/package.ps1'
[26.664s] INFO:colcon.colcon_core.shell:Creating package descriptor '/home/annette-robosync/new_ws/install/new_package/share/new_package/package.dsv'
[26.667s] INFO:colcon.colcon_core.shell:Creating package script '/home/annette-robosync/new_ws/install/new_package/share/new_package/package.sh'
[26.672s] INFO:colcon.colcon_core.shell:Creating package script '/home/annette-robosync/new_ws/install/new_package/share/new_package/package.bash'
[26.677s] INFO:colcon.colcon_core.shell:Creating package script '/home/annette-robosync/new_ws/install/new_package/share/new_package/package.zsh'
[26.680s] Level 1:colcon.colcon_core.environment:create_file_with_runtime_dependencies(/home/annette-robosync/new_ws/install/new_package/share/colcon-core/packages/new_package)
[26.683s] Level 1:colcon.colcon_core.environment:create_environment_scripts_only(new_package)
[26.684s] Level 1:colcon.colcon_core.environment:checking '/home/annette-robosync/new_ws/install/new_package' for CMake module files
[26.686s] Level 1:colcon.colcon_core.environment:checking '/home/annette-robosync/new_ws/install/new_package' for CMake config files
[26.687s] Level 1:colcon.colcon_core.shell:create_environment_hook('new_package', 'cmake_prefix_path')
[26.688s] INFO:colcon.colcon_core.shell:Creating environment hook '/home/annette-robosync/new_ws/install/new_package/share/new_package/hook/cmake_prefix_path.ps1'
[26.690s] INFO:colcon.colcon_core.shell:Creating environment descriptor '/home/annette-robosync/new_ws/install/new_package/share/new_package/hook/cmake_prefix_path.dsv'
[26.692s] INFO:colcon.colcon_core.shell:Creating environment hook '/home/annette-robosync/new_ws/install/new_package/share/new_package/hook/cmake_prefix_path.sh'
[26.694s] Level 1:colcon.colcon_core.environment:checking '/home/annette-robosync/new_ws/install/new_package/lib'
[26.694s] Level 1:colcon.colcon_core.environment:checking '/home/annette-robosync/new_ws/install/new_package/bin'
[26.695s] Level 1:colcon.colcon_core.environment:checking '/home/annette-robosync/new_ws/install/new_package/lib/pkgconfig/new_package.pc'
[26.696s] Level 1:colcon.colcon_core.environment:checking '/home/annette-robosync/new_ws/install/new_package/lib/python3.10/site-packages'
[26.696s] Level 1:colcon.colcon_core.shell:create_environment_hook('new_package', 'pythonpath')
[26.697s] INFO:colcon.colcon_core.shell:Creating environment hook '/home/annette-robosync/new_ws/install/new_package/share/new_package/hook/pythonpath.ps1'
[26.698s] INFO:colcon.colcon_core.shell:Creating environment descriptor '/home/annette-robosync/new_ws/install/new_package/share/new_package/hook/pythonpath.dsv'
[26.700s] INFO:colcon.colcon_core.shell:Creating environment hook '/home/annette-robosync/new_ws/install/new_package/share/new_package/hook/pythonpath.sh'
[26.702s] Level 1:colcon.colcon_core.environment:checking '/home/annette-robosync/new_ws/install/new_package/bin'
[26.704s] INFO:colcon.colcon_core.shell:Creating package script '/home/annette-robosync/new_ws/install/new_package/share/new_package/package.ps1'
[26.706s] INFO:colcon.colcon_core.shell:Creating package descriptor '/home/annette-robosync/new_ws/install/new_package/share/new_package/package.dsv'
[26.710s] INFO:colcon.colcon_core.shell:Creating package script '/home/annette-robosync/new_ws/install/new_package/share/new_package/package.sh'
[26.712s] INFO:colcon.colcon_core.shell:Creating package script '/home/annette-robosync/new_ws/install/new_package/share/new_package/package.bash'
[26.714s] INFO:colcon.colcon_core.shell:Creating package script '/home/annette-robosync/new_ws/install/new_package/share/new_package/package.zsh'
[26.716s] Level 1:colcon.colcon_core.environment:create_file_with_runtime_dependencies(/home/annette-robosync/new_ws/install/new_package/share/colcon-core/packages/new_package)
[26.718s] DEBUG:colcon.colcon_parallel_executor.executor.parallel:closing loop
[26.723s] DEBUG:colcon.colcon_parallel_executor.executor.parallel:loop closed
[26.724s] DEBUG:colcon.colcon_parallel_executor.executor.parallel:run_until_complete finished with '0'
[26.724s] DEBUG:colcon.colcon_core.event_reactor:joining thread
[26.841s] INFO:colcon.colcon_core.plugin_system:Skipping extension 'colcon_notification.desktop_notification.notify_send': Could not find 'notify-send'
[26.842s] INFO:colcon.colcon_core.plugin_system:Skipping extension 'colcon_notification.desktop_notification.terminal_notifier': Not used on non-Darwin systems
[26.842s] INFO:colcon.colcon_core.plugin_system:Skipping extension 'colcon_notification.desktop_notification.win32': Not used on non-Windows systems
[26.842s] INFO:colcon.colcon_notification.desktop_notification:Sending desktop notification using 'notify2'
[26.845s] DEBUG:colcon.colcon_notification.desktop_notification.notify2:Failed to initialize notify2: org.freedesktop.DBus.Error.FileNotFound: Failed to connect to socket /run/user/1000/bus: No such file or directory
[26.846s] DEBUG:colcon.colcon_core.event_reactor:joined thread
[26.848s] INFO:colcon.colcon_core.shell:Creating prefix script '/home/annette-robosync/new_ws/install/local_setup.ps1'
[26.854s] INFO:colcon.colcon_core.shell:Creating prefix util module '/home/annette-robosync/new_ws/install/_local_setup_util_ps1.py'
[26.869s] INFO:colcon.colcon_core.shell:Creating prefix chain script '/home/annette-robosync/new_ws/install/setup.ps1'
[26.876s] INFO:colcon.colcon_core.shell:Creating prefix script '/home/annette-robosync/new_ws/install/local_setup.sh'
[26.882s] INFO:colcon.colcon_core.shell:Creating prefix util module '/home/annette-robosync/new_ws/install/_local_setup_util_sh.py'
[26.886s] INFO:colcon.colcon_core.shell:Creating prefix chain script '/home/annette-robosync/new_ws/install/setup.sh'
[26.892s] INFO:colcon.colcon_core.shell:Creating prefix script '/home/annette-robosync/new_ws/install/local_setup.bash'
[26.896s] INFO:colcon.colcon_core.shell:Creating prefix chain script '/home/annette-robosync/new_ws/install/setup.bash'
[26.902s] INFO:colcon.colcon_core.shell:Creating prefix script '/home/annette-robosync/new_ws/install/local_setup.zsh'
[26.906s] INFO:colcon.colcon_core.shell:Creating prefix chain script '/home/annette-robosync/new_ws/install/setup.zsh'
