[2.757s] Invoking command in '/home/annette-robosync/new_ws/src/new_package': PYTHONPATH=/home/annette-robosync/new_ws/build/new_package/prefix_override:/usr/lib/python3/dist-packages/colcon_core/task/python/colcon_distutils_commands:/home/annette-robosync/new_ws/install/new_package/lib/python3.10/site-packages:${PYTHONPATH} /usr/bin/python3 -W ignore:setup.py install is deprecated -W ignore:easy_install command is deprecated setup.py egg_info --egg-base ../../build/new_package build --build-base /home/annette-robosync/new_ws/build/new_package/build install --record /home/annette-robosync/new_ws/build/new_package/install.log --single-version-externally-managed install_data
[3.451s] running egg_info
[3.453s] writing ../../build/new_package/new_package.egg-info/PKG-INFO
[3.456s] writing dependency_links to ../../build/new_package/new_package.egg-info/dependency_links.txt
[3.457s] writing entry points to ../../build/new_package/new_package.egg-info/entry_points.txt
[3.458s] writing requirements to ../../build/new_package/new_package.egg-info/requires.txt
[3.458s] writing top-level names to ../../build/new_package/new_package.egg-info/top_level.txt
[3.465s] reading manifest file '../../build/new_package/new_package.egg-info/SOURCES.txt'
[3.469s] writing manifest file '../../build/new_package/new_package.egg-info/SOURCES.txt'
[3.469s] running build
[3.469s] running build_py
[3.470s] running install
[3.471s] running install_lib
[3.476s] running install_data
[3.478s] running install_egg_info
[3.482s] removing '/home/annette-robosync/new_ws/install/new_package/lib/python3.10/site-packages/new_package-0.0.0-py3.10.egg-info' (and everything under it)
[3.485s] Copying ../../build/new_package/new_package.egg-info to /home/annette-robosync/new_ws/install/new_package/lib/python3.10/site-packages/new_package-0.0.0-py3.10.egg-info
[3.490s] running install_scripts
[3.548s] writing list of installed files to '/home/annette-robosync/new_ws/build/new_package/install.log'
[3.649s] Invoked command in '/home/annette-robosync/new_ws/src/new_package' returned '0': PYTHONPATH=/home/annette-robosync/new_ws/build/new_package/prefix_override:/usr/lib/python3/dist-packages/colcon_core/task/python/colcon_distutils_commands:/home/annette-robosync/new_ws/install/new_package/lib/python3.10/site-packages:${PYTHONPATH} /usr/bin/python3 -W ignore:setup.py install is deprecated -W ignore:easy_install command is deprecated setup.py egg_info --egg-base ../../build/new_package build --build-base /home/annette-robosync/new_ws/build/new_package/build install --record /home/annette-robosync/new_ws/build/new_package/install.log --single-version-externally-managed install_data
