-- Install configuration: "Release"
-- Execute custom install script
-- Up-to-date symlink: /root/Dojo/install/robot_control/share/robot_control/launch/control.launch.py
-- Up-to-date symlink: /root/Dojo/install/robot_control/share/robot_control/launch/robot_control.launch.py
-- Up-to-date symlink: /root/Dojo/install/robot_control/share/robot_control/config/arduino.yaml
-- Up-to-date symlink: /root/Dojo/install/robot_control/share/robot_control/config/controllers.yaml
-- Up-to-date symlink: /root/Dojo/install/robot_control/share/robot_control/config/robot_control_params.yaml
-- Up-to-date symlink: /root/Dojo/install/robot_control/share/robot_control/config/twist_mux.yaml
-- Up-to-date symlink: /root/Dojo/install/robot_control/share/robot_control/package.xml
-- Up-to-date symlink: /root/Dojo/install/robot_control/share/robot_control/setup.py
-- Up-to-date symlink: /root/Dojo/install/robot_control/share/robot_control/setup.cfg
-- Up-to-date symlink: /root/Dojo/install/robot_control/share/ament_index/resource_index/package_run_dependencies/robot_control
-- Up-to-date symlink: /root/Dojo/install/robot_control/share/ament_index/resource_index/parent_prefix_path/robot_control
-- Up-to-date symlink: /root/Dojo/install/robot_control/share/robot_control/environment/ament_prefix_path.sh
-- Up-to-date symlink: /root/Dojo/install/robot_control/share/robot_control/environment/ament_prefix_path.dsv
-- Up-to-date symlink: /root/Dojo/install/robot_control/share/robot_control/environment/path.sh
-- Up-to-date symlink: /root/Dojo/install/robot_control/share/robot_control/environment/path.dsv
-- Up-to-date symlink: /root/Dojo/install/robot_control/share/robot_control/local_setup.bash
-- Up-to-date symlink: /root/Dojo/install/robot_control/share/robot_control/local_setup.sh
-- Up-to-date symlink: /root/Dojo/install/robot_control/share/robot_control/local_setup.zsh
-- Up-to-date symlink: /root/Dojo/install/robot_control/share/robot_control/local_setup.dsv
-- Symlinking: /root/Dojo/install/robot_control/share/robot_control/package.dsv
-- Up-to-date symlink: /root/Dojo/install/robot_control/share/ament_index/resource_index/packages/robot_control
-- Up-to-date symlink: /root/Dojo/install/robot_control/share/robot_control/cmake/robot_controlConfig.cmake
-- Up-to-date symlink: /root/Dojo/install/robot_control/share/robot_control/cmake/robot_controlConfig-version.cmake
-- Up-to-date symlink: /root/Dojo/install/robot_control/share/robot_control/package.xml
-- Up-to-date: /robot_control
-- Up-to-date: /robot_control/__init__.py
