[0.053s] Invoking command in '/root/Dojo/build/robot_control': CMAKE_PREFIX_PATH=/opt/ros/humble /usr/bin/cmake --build /root/Dojo/build/robot_control -- -j16 -l16
[1.948s] Invoked command in '/root/Dojo/build/robot_control' returned '0': CMAKE_PREFIX_PATH=/opt/ros/humble /usr/bin/cmake --build /root/Dojo/build/robot_control -- -j16 -l16
[1.959s] Invoking command in '/root/Dojo/build/robot_control': CMAKE_PREFIX_PATH=/opt/ros/humble /usr/bin/cmake --install /root/Dojo/build/robot_control
[1.966s] -- Install configuration: "Release"
[1.967s] -- Execute custom install script
[1.968s] -- Up-to-date symlink: /root/Dojo/install/robot_control/share/robot_control/launch/control.launch.py
[1.968s] -- Up-to-date symlink: /root/Dojo/install/robot_control/share/robot_control/launch/robot_control.launch.py
[1.969s] -- Up-to-date symlink: /root/Dojo/install/robot_control/share/robot_control/config/arduino.yaml
[1.969s] -- Up-to-date symlink: /root/Dojo/install/robot_control/share/robot_control/config/controllers.yaml
[1.970s] -- Up-to-date symlink: /root/Dojo/install/robot_control/share/robot_control/config/robot_control_params.yaml
[1.971s] -- Up-to-date symlink: /root/Dojo/install/robot_control/share/robot_control/config/twist_mux.yaml
[1.971s] -- Up-to-date symlink: /root/Dojo/install/robot_control/share/robot_control/package.xml
[1.972s] -- Up-to-date symlink: /root/Dojo/install/robot_control/share/robot_control/setup.py
[1.972s] -- Up-to-date symlink: /root/Dojo/install/robot_control/share/robot_control/setup.cfg
[1.972s] -- Up-to-date symlink: /root/Dojo/install/robot_control/share/ament_index/resource_index/package_run_dependencies/robot_control
[1.976s] -- Up-to-date symlink: /root/Dojo/install/robot_control/share/ament_index/resource_index/parent_prefix_path/robot_control
[1.976s] -- Up-to-date symlink: /root/Dojo/install/robot_control/share/robot_control/environment/ament_prefix_path.sh
[1.977s] -- Up-to-date symlink: /root/Dojo/install/robot_control/share/robot_control/environment/ament_prefix_path.dsv
[1.989s] -- Up-to-date symlink: /root/Dojo/install/robot_control/share/robot_control/environment/path.sh
[1.989s] -- Up-to-date symlink: /root/Dojo/install/robot_control/share/robot_control/environment/path.dsv
[1.991s] -- Up-to-date symlink: /root/Dojo/install/robot_control/share/robot_control/local_setup.bash
[1.992s] -- Up-to-date symlink: /root/Dojo/install/robot_control/share/robot_control/local_setup.sh
[1.992s] -- Up-to-date symlink: /root/Dojo/install/robot_control/share/robot_control/local_setup.zsh
[1.992s] -- Up-to-date symlink: /root/Dojo/install/robot_control/share/robot_control/local_setup.dsv
[1.993s] -- Symlinking: /root/Dojo/install/robot_control/share/robot_control/package.dsv
[2.005s] -- Up-to-date symlink: /root/Dojo/install/robot_control/share/ament_index/resource_index/packages/robot_control
[2.005s] -- Up-to-date symlink: /root/Dojo/install/robot_control/share/robot_control/cmake/robot_controlConfig.cmake
[2.005s] -- Up-to-date symlink: /root/Dojo/install/robot_control/share/robot_control/cmake/robot_controlConfig-version.cmake
[2.005s] -- Up-to-date symlink: /root/Dojo/install/robot_control/share/robot_control/package.xml
[2.005s] -- Up-to-date: /robot_control
[2.006s] -- Up-to-date: /robot_control/__init__.py
[2.007s] Invoked command in '/root/Dojo/build/robot_control' returned '0': CMAKE_PREFIX_PATH=/opt/ros/humble /usr/bin/cmake --install /root/Dojo/build/robot_control
