[3.365s] Invoking command in '/root/Dojo/build/robot_sensors': PYTHONPATH=/root/Dojo/build/robot_sensors/prefix_override:/usr/lib/python3/dist-packages/colcon_core/task/python/colcon_distutils_commands:/root/Dojo/install/robot_sensors/lib/python3.10/site-packages:${PYTHONPATH} /usr/bin/python3 -W ignore:setup.py install is deprecated -W ignore:easy_install command is deprecated setup.py develop --editable --build-directory /root/Dojo/build/robot_sensors/build --no-deps symlink_data
[3.857s] running develop
[4.215s] running egg_info
[4.215s] creating robot_sensors.egg-info
[4.236s] writing robot_sensors.egg-info/PKG-INFO
[4.237s] writing dependency_links to robot_sensors.egg-info/dependency_links.txt
[4.237s] writing entry points to robot_sensors.egg-info/entry_points.txt
[4.237s] writing requirements to robot_sensors.egg-info/requires.txt
[4.238s] writing top-level names to robot_sensors.egg-info/top_level.txt
[4.238s] writing manifest file 'robot_sensors.egg-info/SOURCES.txt'
[4.281s] reading manifest file 'robot_sensors.egg-info/SOURCES.txt'
[4.285s] writing manifest file 'robot_sensors.egg-info/SOURCES.txt'
[4.306s] running build_ext
[4.306s] Creating /root/Dojo/install/robot_sensors/lib/python3.10/site-packages/robot-sensors.egg-link (link to .)
[4.307s] Installing camera_node script to /root/Dojo/install/robot_sensors/lib/robot_sensors
[4.308s] 
[4.308s] Installed /root/Dojo/build/robot_sensors
[4.308s] running symlink_data
[4.308s] creating /root/Dojo/install/robot_sensors/share/ament_index
[4.309s] creating /root/Dojo/install/robot_sensors/share/ament_index/resource_index
[4.309s] creating /root/Dojo/install/robot_sensors/share/ament_index/resource_index/packages
[4.310s] symbolically linking /root/Dojo/build/robot_sensors/resource/robot_sensors -> /root/Dojo/install/robot_sensors/share/ament_index/resource_index/packages
[4.310s] symbolically linking /root/Dojo/build/robot_sensors/package.xml -> /root/Dojo/install/robot_sensors/share/robot_sensors
[4.310s] creating /root/Dojo/install/robot_sensors/share/robot_sensors/launch
[4.310s] symbolically linking /root/Dojo/build/robot_sensors/launch/test_lidar.launch.py -> /root/Dojo/install/robot_sensors/share/robot_sensors/launch
[4.310s] symbolically linking /root/Dojo/build/robot_sensors/launch/sensors.launch.py -> /root/Dojo/install/robot_sensors/share/robot_sensors/launch
[4.310s] symbolically linking /root/Dojo/build/robot_sensors/launch/camera.launch.py -> /root/Dojo/install/robot_sensors/share/robot_sensors/launch
[4.311s] creating /root/Dojo/install/robot_sensors/share/robot_sensors/config
[4.311s] symbolically linking /root/Dojo/build/robot_sensors/config/robot_sensors_params.yaml -> /root/Dojo/install/robot_sensors/share/robot_sensors/config
[4.311s] symbolically linking /root/Dojo/build/robot_sensors/config/laser_filter_config.yaml -> /root/Dojo/install/robot_sensors/share/robot_sensors/config
[4.517s] Invoked command in '/root/Dojo/build/robot_sensors' returned '0': PYTHONPATH=/root/Dojo/build/robot_sensors/prefix_override:/usr/lib/python3/dist-packages/colcon_core/task/python/colcon_distutils_commands:/root/Dojo/install/robot_sensors/lib/python3.10/site-packages:${PYTHONPATH} /usr/bin/python3 -W ignore:setup.py install is deprecated -W ignore:easy_install command is deprecated setup.py develop --editable --build-directory /root/Dojo/build/robot_sensors/build --no-deps symlink_data
