[0.362s] Invoking command in '/root/Dojo/Dojo/build/robot_perception': /usr/bin/cmake --build /root/Dojo/Dojo/build/robot_perception -- -j16 -l16
[1.810s] Built target ament_cmake_python_copy_robot_perception_setup
[1.810s] Built target ament_cmake_python_copy_robot_perception
[1.810s] running egg_info
[1.810s] writing robot_perception.egg-info/PKG-INFO
[1.810s] writing dependency_links to robot_perception.egg-info/dependency_links.txt
[1.810s] writing top-level names to robot_perception.egg-info/top_level.txt
[1.810s] reading manifest file 'robot_perception.egg-info/SOURCES.txt'
[1.810s] writing manifest file 'robot_perception.egg-info/SOURCES.txt'
[1.810s] Built target ament_cmake_python_build_robot_perception_egg
[2.130s] Invoked command in '/root/Dojo/Dojo/build/robot_perception' returned '0': /usr/bin/cmake --build /root/Dojo/Dojo/build/robot_perception -- -j16 -l16
[2.131s] Invoking command in '/root/Dojo/Dojo/build/robot_perception': /usr/bin/cmake --install /root/Dojo/Dojo/build/robot_perception
[2.150s] -- Install configuration: "Release"
[2.155s] -- Up-to-date: /root/Dojo/Dojo/install/robot_perception/share/robot_perception/environment/pythonpath.sh
[2.155s] -- Up-to-date: /root/Dojo/Dojo/install/robot_perception/share/robot_perception/environment/pythonpath.dsv
[2.156s] -- Up-to-date: /root/Dojo/Dojo/install/robot_perception/local/lib/python3.10/dist-packages/robot_perception-0.2.0-py3.10.egg-info
[2.156s] -- Installing: /root/Dojo/Dojo/install/robot_perception/local/lib/python3.10/dist-packages/robot_perception-0.2.0-py3.10.egg-info/SOURCES.txt
[2.156s] -- Installing: /root/Dojo/Dojo/install/robot_perception/local/lib/python3.10/dist-packages/robot_perception-0.2.0-py3.10.egg-info/dependency_links.txt
[2.156s] -- Installing: /root/Dojo/Dojo/install/robot_perception/local/lib/python3.10/dist-packages/robot_perception-0.2.0-py3.10.egg-info/PKG-INFO
[2.156s] -- Installing: /root/Dojo/Dojo/install/robot_perception/local/lib/python3.10/dist-packages/robot_perception-0.2.0-py3.10.egg-info/top_level.txt
[2.160s] -- Up-to-date: /root/Dojo/Dojo/install/robot_perception/local/lib/python3.10/dist-packages/robot_perception
[2.161s] -- Up-to-date: /root/Dojo/Dojo/install/robot_perception/local/lib/python3.10/dist-packages/robot_perception/yolov8n.pt
[2.161s] -- Up-to-date: /root/Dojo/Dojo/install/robot_perception/local/lib/python3.10/dist-packages/robot_perception/utils
[2.162s] -- Up-to-date: /root/Dojo/Dojo/install/robot_perception/local/lib/python3.10/dist-packages/robot_perception/utils/common.py
[2.162s] -- Up-to-date: /root/Dojo/Dojo/install/robot_perception/local/lib/python3.10/dist-packages/robot_perception/utils/__init__.py
[2.163s] -- Up-to-date: /root/Dojo/Dojo/install/robot_perception/local/lib/python3.10/dist-packages/robot_perception/utils/config.py
[2.164s] -- Up-to-date: /root/Dojo/Dojo/install/robot_perception/local/lib/python3.10/dist-packages/robot_perception/nodes
[2.164s] -- Up-to-date: /root/Dojo/Dojo/install/robot_perception/local/lib/python3.10/dist-packages/robot_perception/nodes/object_detector.py
[2.164s] -- Up-to-date: /root/Dojo/Dojo/install/robot_perception/local/lib/python3.10/dist-packages/robot_perception/nodes/perception_integrator.py
[2.165s] -- Up-to-date: /root/Dojo/Dojo/install/robot_perception/local/lib/python3.10/dist-packages/robot_perception/nodes/lidar_processor.py
[2.165s] -- Up-to-date: /root/Dojo/Dojo/install/robot_perception/local/lib/python3.10/dist-packages/robot_perception/nodes/camera_processor.py
[2.166s] -- Up-to-date: /root/Dojo/Dojo/install/robot_perception/local/lib/python3.10/dist-packages/robot_perception/nodes/__init__.py
[2.166s] -- Up-to-date: /root/Dojo/Dojo/install/robot_perception/local/lib/python3.10/dist-packages/robot_perception/__init__.py
[2.228s] Listing '/root/Dojo/Dojo/install/robot_perception/local/lib/python3.10/dist-packages/robot_perception'...
[2.228s] Listing '/root/Dojo/Dojo/install/robot_perception/local/lib/python3.10/dist-packages/robot_perception/nodes'...
[2.228s] Listing '/root/Dojo/Dojo/install/robot_perception/local/lib/python3.10/dist-packages/robot_perception/utils'...
[2.234s] -- Up-to-date: /root/Dojo/Dojo/install/robot_perception/share/robot_perception/launch
[2.234s] -- Up-to-date: /root/Dojo/Dojo/install/robot_perception/share/robot_perception/launch/robot_perception.launch.py
[2.235s] -- Up-to-date: /root/Dojo/Dojo/install/robot_perception/share/robot_perception/launch/perception.launch.py
[2.239s] -- Up-to-date: /root/Dojo/Dojo/install/robot_perception/share/robot_perception/launch/perception_integration.launch.py
[2.240s] -- Up-to-date: /root/Dojo/Dojo/install/robot_perception/share/robot_perception/launch/object_detector.launch.py
[2.241s] -- Up-to-date: /root/Dojo/Dojo/install/robot_perception/share/robot_perception/launch/perception_system.launch.py
[2.241s] -- Up-to-date: /root/Dojo/Dojo/install/robot_perception/share/robot_perception/config
[2.241s] -- Up-to-date: /root/Dojo/Dojo/install/robot_perception/share/robot_perception/config/robot_perception_params.yaml
[2.242s] -- Up-to-date: /root/Dojo/Dojo/install/robot_perception/share/robot_perception/config/perception_params.yaml
[2.243s] -- Up-to-date: /root/Dojo/Dojo/install/robot_perception/share/robot_perception/rviz
[2.243s] -- Up-to-date: /root/Dojo/Dojo/install/robot_perception/share/robot_perception/rviz/object_detection.rviz
[2.244s] -- Up-to-date: /root/Dojo/Dojo/install/robot_perception/share/robot_perception/rviz/perception_integration.rviz
[2.245s] -- Up-to-date: /root/Dojo/Dojo/install/robot_perception/share/robot_perception/resource
[2.245s] -- Up-to-date: /root/Dojo/Dojo/install/robot_perception/share/robot_perception/resource/robot_perception
[2.245s] -- Up-to-date: /root/Dojo/Dojo/install/robot_perception/share/robot_perception/CMakeLists.txt
[2.245s] -- Up-to-date: /root/Dojo/Dojo/install/robot_perception/share/robot_perception/package.xml
[2.245s] -- Up-to-date: /root/Dojo/Dojo/install/robot_perception/lib/local/lib/python3.10/dist-packages/robot_perception/setup.py
[2.246s] -- Up-to-date: /root/Dojo/Dojo/install/robot_perception/share/ament_index/resource_index/package_run_dependencies/robot_perception
[2.246s] -- Up-to-date: /root/Dojo/Dojo/install/robot_perception/share/ament_index/resource_index/parent_prefix_path/robot_perception
[2.246s] -- Up-to-date: /root/Dojo/Dojo/install/robot_perception/share/robot_perception/environment/ament_prefix_path.sh
[2.246s] -- Up-to-date: /root/Dojo/Dojo/install/robot_perception/share/robot_perception/environment/ament_prefix_path.dsv
[2.246s] -- Up-to-date: /root/Dojo/Dojo/install/robot_perception/share/robot_perception/environment/path.sh
[2.247s] -- Up-to-date: /root/Dojo/Dojo/install/robot_perception/share/robot_perception/environment/path.dsv
[2.247s] -- Up-to-date: /root/Dojo/Dojo/install/robot_perception/share/robot_perception/local_setup.bash
[2.247s] -- Up-to-date: /root/Dojo/Dojo/install/robot_perception/share/robot_perception/local_setup.sh
[2.247s] -- Up-to-date: /root/Dojo/Dojo/install/robot_perception/share/robot_perception/local_setup.zsh
[2.247s] -- Up-to-date: /root/Dojo/Dojo/install/robot_perception/share/robot_perception/local_setup.dsv
[2.247s] -- Installing: /root/Dojo/Dojo/install/robot_perception/share/robot_perception/package.dsv
[2.248s] -- Up-to-date: /root/Dojo/Dojo/install/robot_perception/share/ament_index/resource_index/packages/robot_perception
[2.250s] -- Up-to-date: /root/Dojo/Dojo/install/robot_perception/share/robot_perception/cmake/ament_cmake_export_dependencies-extras.cmake
[2.250s] -- Up-to-date: /root/Dojo/Dojo/install/robot_perception/share/robot_perception/cmake/robot_perceptionConfig.cmake
[2.254s] -- Up-to-date: /root/Dojo/Dojo/install/robot_perception/share/robot_perception/cmake/robot_perceptionConfig-version.cmake
[2.254s] -- Up-to-date: /root/Dojo/Dojo/install/robot_perception/share/robot_perception/package.xml
[2.270s] Invoked command in '/root/Dojo/Dojo/build/robot_perception' returned '0': /usr/bin/cmake --install /root/Dojo/Dojo/build/robot_perception
