[0.131s] Invoking command in '/home/annette-robosync/new_ws/build/new_package': CMAKE_PREFIX_PATH=/home/annette-robosync/new_ws/install/new_package:/opt/ros/humble /usr/bin/cmake --build /home/annette-robosync/new_ws/build/new_package -- -j4 -l4
[0.644s] -- Found ament_cmake: 1.3.12 (/opt/ros/humble/share/ament_cmake/cmake)
[1.426s] -- Found rclcpp: 16.0.14 (/opt/ros/humble/share/rclcpp/cmake)
[2.040s] -- Found rosidl_generator_c: 3.1.7 (/opt/ros/humble/share/rosidl_generator_c/cmake)
[2.065s] -- Found rosidl_adapter: 3.1.7 (/opt/ros/humble/share/rosidl_adapter/cmake)
[2.107s] -- Found rosidl_generator_cpp: 3.1.7 (/opt/ros/humble/share/rosidl_generator_cpp/cmake)
[2.159s] -- Using all available rosidl_typesupport_c: rosidl_typesupport_fastrtps_c;rosidl_typesupport_introspection_c
[2.230s] -- Using all available rosidl_typesupport_cpp: rosidl_typesupport_fastrtps_cpp;rosidl_typesupport_introspection_cpp
[2.398s] -- Found rmw_implementation_cmake: 6.1.2 (/opt/ros/humble/share/rmw_implementation_cmake/cmake)
[2.413s] -- Found rmw_fastrtps_cpp: 6.2.8 (/opt/ros/humble/share/rmw_fastrtps_cpp/cmake)
[10.952s] -- Using RMW implementation 'rmw_fastrtps_cpp' as default
[11.148s] -- Found xacro: 2.0.13 (/opt/ros/humble/share/xacro/cmake)
[11.163s] -- Found controller_manager: 2.52.0 (/opt/ros/humble/share/controller_manager/cmake)
[14.160s] -- Found diff_drive_controller: 2.50.0 (/opt/ros/humble/share/diff_drive_controller/cmake)
[14.761s] -- Found joint_state_broadcaster: 2.50.0 (/opt/ros/humble/share/joint_state_broadcaster/cmake)
[14.836s] -- Found robot_state_publisher: 3.0.3 (/opt/ros/humble/share/robot_state_publisher/cmake)
[15.003s] -- Found eigen3_cmake_module: 0.1.1 (/opt/ros/humble/share/eigen3_cmake_module/cmake)
[15.015s] -- Found Eigen3: TRUE (found version "3.4.0") 
[15.016s] -- Ensuring Eigen3 include directory is part of orocos-kdl CMake target
[17.674s] [31mCMake Error at CMakeLists.txt:19 (find_package):
[17.675s]   By not providing "Findros_ign_gazebo.cmake" in CMAKE_MODULE_PATH this
[17.675s]   project has asked CMake to find a package configuration file provided by
[17.675s]   "ros_ign_gazebo", but CMake did not find one.
[17.675s] 
[17.676s]   Could not find a package configuration file provided by "ros_ign_gazebo"
[17.676s]   with any of the following names:
[17.676s] 
[17.676s]     ros_ign_gazeboConfig.cmake
[17.677s]     ros_ign_gazebo-config.cmake
[17.677s] 
[17.677s]   Add the installation prefix of "ros_ign_gazebo" to CMAKE_PREFIX_PATH or set
[17.677s]   "ros_ign_gazebo_DIR" to a directory containing one of the above files.  If
[17.678s]   "ros_ign_gazebo" provides a separate development package or SDK, be sure it
[17.678s]   has been installed.
[17.678s] 
[17.678s] [0m
[17.679s] -- Configuring incomplete, errors occurred!
[17.679s] See also "/home/annette-robosync/new_ws/build/new_package/CMakeFiles/CMakeOutput.log".
[17.728s] gmake: *** [Makefile:226: cmake_check_build_system] Error 1
[17.736s] Invoked command in '/home/annette-robosync/new_ws/build/new_package' returned '2': CMAKE_PREFIX_PATH=/home/annette-robosync/new_ws/install/new_package:/opt/ros/humble /usr/bin/cmake --build /home/annette-robosync/new_ws/build/new_package -- -j4 -l4
