[0.380s] Invoking command in '/root/Dojo/Dojo/build/robot_perception': /usr/bin/cmake /root/Dojo/Dojo/src/robot_perception -DCMAKE_INSTALL_PREFIX=/root/Dojo/Dojo/install/robot_perception
[1.782s] -- Found ament_cmake: 1.3.12 (/opt/ros/humble/share/ament_cmake/cmake)
[1.782s] -- Configuring done
[1.782s] -- Generating done
[1.782s] -- Build files have been written to: /root/Dojo/Dojo/build/robot_perception
[2.105s] Invoked command in '/root/Dojo/Dojo/build/robot_perception' returned '0': /usr/bin/cmake /root/Dojo/Dojo/src/robot_perception -DCMAKE_INSTALL_PREFIX=/root/Dojo/Dojo/install/robot_perception
[2.107s] Invoking command in '/root/Dojo/Dojo/build/robot_perception': /usr/bin/cmake --build /root/Dojo/Dojo/build/robot_perception -- -j16 -l16
[2.176s] Built target ament_cmake_python_copy_robot_perception_setup
[2.192s] Built target ament_cmake_python_copy_robot_perception
[2.685s] running egg_info
[2.702s] writing robot_perception.egg-info/PKG-INFO
[2.702s] writing dependency_links to robot_perception.egg-info/dependency_links.txt
[2.703s] writing top-level names to robot_perception.egg-info/top_level.txt
[2.756s] reading manifest file 'robot_perception.egg-info/SOURCES.txt'
[2.757s] writing manifest file 'robot_perception.egg-info/SOURCES.txt'
[2.828s] Built target ament_cmake_python_build_robot_perception_egg
[2.844s] Invoked command in '/root/Dojo/Dojo/build/robot_perception' returned '0': /usr/bin/cmake --build /root/Dojo/Dojo/build/robot_perception -- -j16 -l16
[2.846s] Invoking command in '/root/Dojo/Dojo/build/robot_perception': /usr/bin/cmake --install /root/Dojo/Dojo/build/robot_perception
[2.858s] -- Install configuration: "Release"
[2.859s] -- Up-to-date: /root/Dojo/Dojo/install/robot_perception/share/robot_perception/environment/pythonpath.sh
[2.859s] -- Installing: /root/Dojo/Dojo/install/robot_perception/share/robot_perception/environment/pythonpath.dsv
[2.860s] -- Up-to-date: /root/Dojo/Dojo/install/robot_perception/local/lib/python3.10/dist-packages/robot_perception-0.2.0-py3.10.egg-info
[2.860s] -- Installing: /root/Dojo/Dojo/install/robot_perception/local/lib/python3.10/dist-packages/robot_perception-0.2.0-py3.10.egg-info/SOURCES.txt
[2.860s] -- Installing: /root/Dojo/Dojo/install/robot_perception/local/lib/python3.10/dist-packages/robot_perception-0.2.0-py3.10.egg-info/dependency_links.txt
[2.861s] -- Installing: /root/Dojo/Dojo/install/robot_perception/local/lib/python3.10/dist-packages/robot_perception-0.2.0-py3.10.egg-info/PKG-INFO
[2.861s] -- Installing: /root/Dojo/Dojo/install/robot_perception/local/lib/python3.10/dist-packages/robot_perception-0.2.0-py3.10.egg-info/top_level.txt
[2.862s] -- Up-to-date: /root/Dojo/Dojo/install/robot_perception/local/lib/python3.10/dist-packages/robot_perception
[2.862s] -- Up-to-date: /root/Dojo/Dojo/install/robot_perception/local/lib/python3.10/dist-packages/robot_perception/yolov8n.pt
[2.862s] -- Up-to-date: /root/Dojo/Dojo/install/robot_perception/local/lib/python3.10/dist-packages/robot_perception/utils
[2.862s] -- Up-to-date: /root/Dojo/Dojo/install/robot_perception/local/lib/python3.10/dist-packages/robot_perception/utils/common.py
[2.862s] -- Up-to-date: /root/Dojo/Dojo/install/robot_perception/local/lib/python3.10/dist-packages/robot_perception/utils/__init__.py
[2.862s] -- Up-to-date: /root/Dojo/Dojo/install/robot_perception/local/lib/python3.10/dist-packages/robot_perception/utils/config.py
[2.863s] -- Up-to-date: /root/Dojo/Dojo/install/robot_perception/local/lib/python3.10/dist-packages/robot_perception/nodes
[2.863s] -- Up-to-date: /root/Dojo/Dojo/install/robot_perception/local/lib/python3.10/dist-packages/robot_perception/nodes/object_detector.py
[2.863s] -- Up-to-date: /root/Dojo/Dojo/install/robot_perception/local/lib/python3.10/dist-packages/robot_perception/nodes/perception_integrator.py
[2.863s] -- Up-to-date: /root/Dojo/Dojo/install/robot_perception/local/lib/python3.10/dist-packages/robot_perception/nodes/lidar_processor.py
[2.863s] -- Up-to-date: /root/Dojo/Dojo/install/robot_perception/local/lib/python3.10/dist-packages/robot_perception/nodes/camera_processor.py
[2.863s] -- Up-to-date: /root/Dojo/Dojo/install/robot_perception/local/lib/python3.10/dist-packages/robot_perception/nodes/__init__.py
[2.863s] -- Up-to-date: /root/Dojo/Dojo/install/robot_perception/local/lib/python3.10/dist-packages/robot_perception/__init__.py
[2.920s] Listing '/root/Dojo/Dojo/install/robot_perception/local/lib/python3.10/dist-packages/robot_perception'...
[2.922s] Listing '/root/Dojo/Dojo/install/robot_perception/local/lib/python3.10/dist-packages/robot_perception/nodes'...
[2.923s] Listing '/root/Dojo/Dojo/install/robot_perception/local/lib/python3.10/dist-packages/robot_perception/utils'...
[2.932s] -- Up-to-date: /root/Dojo/Dojo/install/robot_perception/share/robot_perception/launch
[2.932s] -- Up-to-date: /root/Dojo/Dojo/install/robot_perception/share/robot_perception/launch/robot_perception.launch.py
[2.934s] -- Up-to-date: /root/Dojo/Dojo/install/robot_perception/share/robot_perception/launch/perception.launch.py
[2.934s] -- Up-to-date: /root/Dojo/Dojo/install/robot_perception/share/robot_perception/launch/perception_integration.launch.py
[2.936s] -- Up-to-date: /root/Dojo/Dojo/install/robot_perception/share/robot_perception/launch/object_detector.launch.py
[2.936s] -- Up-to-date: /root/Dojo/Dojo/install/robot_perception/share/robot_perception/launch/perception_system.launch.py
[2.936s] -- Up-to-date: /root/Dojo/Dojo/install/robot_perception/share/robot_perception/config
[2.936s] -- Up-to-date: /root/Dojo/Dojo/install/robot_perception/share/robot_perception/config/robot_perception_params.yaml
[2.936s] -- Up-to-date: /root/Dojo/Dojo/install/robot_perception/share/robot_perception/config/perception_params.yaml
[2.936s] -- Up-to-date: /root/Dojo/Dojo/install/robot_perception/share/robot_perception/rviz
[2.937s] -- Up-to-date: /root/Dojo/Dojo/install/robot_perception/share/robot_perception/rviz/object_detection.rviz
[2.937s] -- Up-to-date: /root/Dojo/Dojo/install/robot_perception/share/robot_perception/rviz/perception_integration.rviz
[2.937s] -- Up-to-date: /root/Dojo/Dojo/install/robot_perception/share/robot_perception/resource
[2.937s] -- Up-to-date: /root/Dojo/Dojo/install/robot_perception/share/robot_perception/resource/robot_perception
[2.940s] -- Up-to-date: /root/Dojo/Dojo/install/robot_perception/share/robot_perception/CMakeLists.txt
[2.940s] -- Up-to-date: /root/Dojo/Dojo/install/robot_perception/share/robot_perception/package.xml
[2.940s] -- Up-to-date: /root/Dojo/Dojo/install/robot_perception/lib/local/lib/python3.10/dist-packages/robot_perception/setup.py
[2.941s] -- Up-to-date: /root/Dojo/Dojo/install/robot_perception/share/ament_index/resource_index/package_run_dependencies/robot_perception
[2.941s] -- Up-to-date: /root/Dojo/Dojo/install/robot_perception/share/ament_index/resource_index/parent_prefix_path/robot_perception
[2.941s] -- Up-to-date: /root/Dojo/Dojo/install/robot_perception/share/robot_perception/environment/ament_prefix_path.sh
[2.941s] -- Installing: /root/Dojo/Dojo/install/robot_perception/share/robot_perception/environment/ament_prefix_path.dsv
[2.941s] -- Up-to-date: /root/Dojo/Dojo/install/robot_perception/share/robot_perception/environment/path.sh
[2.941s] -- Installing: /root/Dojo/Dojo/install/robot_perception/share/robot_perception/environment/path.dsv
[2.941s] -- Up-to-date: /root/Dojo/Dojo/install/robot_perception/share/robot_perception/local_setup.bash
[2.941s] -- Up-to-date: /root/Dojo/Dojo/install/robot_perception/share/robot_perception/local_setup.sh
[2.941s] -- Up-to-date: /root/Dojo/Dojo/install/robot_perception/share/robot_perception/local_setup.zsh
[2.941s] -- Installing: /root/Dojo/Dojo/install/robot_perception/share/robot_perception/local_setup.dsv
[2.942s] -- Installing: /root/Dojo/Dojo/install/robot_perception/share/robot_perception/package.dsv
[2.942s] -- Up-to-date: /root/Dojo/Dojo/install/robot_perception/share/ament_index/resource_index/packages/robot_perception
[2.942s] -- Up-to-date: /root/Dojo/Dojo/install/robot_perception/share/robot_perception/cmake/ament_cmake_export_dependencies-extras.cmake
[2.942s] -- Up-to-date: /root/Dojo/Dojo/install/robot_perception/share/robot_perception/cmake/robot_perceptionConfig.cmake
[2.945s] -- Up-to-date: /root/Dojo/Dojo/install/robot_perception/share/robot_perception/cmake/robot_perceptionConfig-version.cmake
[2.945s] -- Up-to-date: /root/Dojo/Dojo/install/robot_perception/share/robot_perception/package.xml
[2.946s] Invoked command in '/root/Dojo/Dojo/build/robot_perception' returned '0': /usr/bin/cmake --install /root/Dojo/Dojo/build/robot_perception
