[0.054s] Invoking command in '/root/Dojo/Dojo/build/robot_control': CMAKE_PREFIX_PATH=${CMAKE_PREFIX_PATH}:/root/Dojo/install/robot_hardware:/opt/ros/humble /usr/bin/cmake /root/Dojo/Dojo/src/robot_control -DCMAKE_BUILD_TYPE=Release -DBUILD_TESTING=OFF -DAMENT_CMAKE_SYMLINK_INSTALL=1 -DCMAKE_INSTALL_PREFIX=/root/Dojo/Dojo/install/robot_control
[1.783s] -- The C compiler identification is GNU 11.4.0
[1.784s] -- The CXX compiler identification is GNU 11.4.0
[1.784s] -- Detecting C compiler ABI info
[1.785s] -- Detecting C compiler ABI info - done
[1.785s] -- Check for working C compiler: /usr/bin/cc - skipped
[1.785s] -- Detecting C compile features
[1.785s] -- Detecting C compile features - done
[1.785s] -- Detecting CXX compiler ABI info
[1.785s] -- Detecting CXX compiler ABI info - done
[1.785s] -- Check for working CXX compiler: /usr/bin/c++ - skipped
[1.786s] -- Detecting CXX compile features
[1.786s] -- Detecting CXX compile features - done
[1.786s] -- Found ament_cmake: 1.3.12 (/opt/ros/humble/share/ament_cmake/cmake)
[1.786s] -- Found Python3: /usr/bin/python3 (found version "3.10.12") found components: Interpreter 
[1.786s] -- Override CMake install command with custom implementation using symlinks instead of copying resources
[1.786s] -- Found rclcpp: 16.0.15 (/opt/ros/humble/share/rclcpp/cmake)
[1.786s] -- Found rosidl_generator_c: 3.1.7 (/opt/ros/humble/share/rosidl_generator_c/cmake)
[1.786s] -- Found rosidl_adapter: 3.1.7 (/opt/ros/humble/share/rosidl_adapter/cmake)
[1.787s] -- Found rosidl_generator_cpp: 3.1.7 (/opt/ros/humble/share/rosidl_generator_cpp/cmake)
[1.787s] -- Using all available rosidl_typesupport_c: rosidl_typesupport_fastrtps_c;rosidl_typesupport_introspection_c
[1.787s] -- Using all available rosidl_typesupport_cpp: rosidl_typesupport_fastrtps_cpp;rosidl_typesupport_introspection_cpp
[1.787s] -- Found rmw_implementation_cmake: 6.1.2 (/opt/ros/humble/share/rmw_implementation_cmake/cmake)
[1.787s] -- Found rmw_fastrtps_cpp: 6.2.8 (/opt/ros/humble/share/rmw_fastrtps_cpp/cmake)
[1.787s] -- Found OpenSSL: /usr/lib/x86_64-linux-gnu/libcrypto.so (found version "3.0.2")  
[1.787s] -- Found FastRTPS: /opt/ros/humble/include  
[1.787s] -- Using RMW implementation 'rmw_fastrtps_cpp' as default
[1.787s] -- Looking for pthread.h
[1.787s] -- Looking for pthread.h - found
[1.788s] -- Performing Test CMAKE_HAVE_LIBC_PTHREAD
[1.788s] -- Performing Test CMAKE_HAVE_LIBC_PTHREAD - Success
[1.788s] -- Found Threads: TRUE  
[1.788s] -- Found rclpy: 3.3.17 (/opt/ros/humble/share/rclpy/cmake)
[1.788s] -- Found geometry_msgs: 4.9.0 (/opt/ros/humble/share/geometry_msgs/cmake)
[1.788s] -- Found sensor_msgs: 4.9.0 (/opt/ros/humble/share/sensor_msgs/cmake)
[1.788s] -- Found nav_msgs: 4.9.0 (/opt/ros/humble/share/nav_msgs/cmake)
[1.789s] -- Found tf2_ros: 0.25.16 (/opt/ros/humble/share/tf2_ros/cmake)
[1.841s] -- Found tf2_geometry_msgs: 0.25.16 (/opt/ros/humble/share/tf2_geometry_msgs/cmake)
[1.865s] -- Found eigen3_cmake_module: 0.1.1 (/opt/ros/humble/share/eigen3_cmake_module/cmake)
[1.866s] -- Found Eigen3: TRUE (found version "3.4.0") 
[1.866s] -- Ensuring Eigen3 include directory is part of orocos-kdl CMake target
[1.870s] -- Found controller_interface: 2.52.0 (/opt/ros/humble/share/controller_interface/cmake)
[1.971s] -- Found controller_manager: 2.52.0 (/opt/ros/humble/share/controller_manager/cmake)
[1.998s] -- Found diagnostic_updater: 4.0.6 (/opt/ros/humble/share/diagnostic_updater/cmake)
[3.531s] -- Found Python3: /usr/bin/python3 (found version "3.10.12") found components: Interpreter Development Development.Module Development.Embed 
[3.643s] -- Configuring done
[3.652s] -- Generating done
[3.656s] -- Build files have been written to: /root/Dojo/Dojo/build/robot_control
[3.673s] Invoked command in '/root/Dojo/Dojo/build/robot_control' returned '0': CMAKE_PREFIX_PATH=${CMAKE_PREFIX_PATH}:/root/Dojo/install/robot_hardware:/opt/ros/humble /usr/bin/cmake /root/Dojo/Dojo/src/robot_control -DCMAKE_BUILD_TYPE=Release -DBUILD_TESTING=OFF -DAMENT_CMAKE_SYMLINK_INSTALL=1 -DCMAKE_INSTALL_PREFIX=/root/Dojo/Dojo/install/robot_control
[3.674s] Invoking command in '/root/Dojo/Dojo/build/robot_control': CMAKE_PREFIX_PATH=${CMAKE_PREFIX_PATH}:/root/Dojo/install/robot_hardware:/opt/ros/humble /usr/bin/cmake --build /root/Dojo/Dojo/build/robot_control -- -j16 -l16
[3.751s] Invoked command in '/root/Dojo/Dojo/build/robot_control' returned '0': CMAKE_PREFIX_PATH=${CMAKE_PREFIX_PATH}:/root/Dojo/install/robot_hardware:/opt/ros/humble /usr/bin/cmake --build /root/Dojo/Dojo/build/robot_control -- -j16 -l16
[3.757s] Invoking command in '/root/Dojo/Dojo/build/robot_control': CMAKE_PREFIX_PATH=${CMAKE_PREFIX_PATH}:/root/Dojo/install/robot_hardware:/opt/ros/humble /usr/bin/cmake --install /root/Dojo/Dojo/build/robot_control
[3.766s] -- Install configuration: "Release"
[3.767s] -- Execute custom install script
[3.767s] -- Symlinking: /root/Dojo/Dojo/install/robot_control/share/robot_control/launch/control.launch.py
[3.785s] -- Symlinking: /root/Dojo/Dojo/install/robot_control/share/robot_control/launch/robot_control.launch.py
[3.798s] -- Symlinking: /root/Dojo/Dojo/install/robot_control/share/robot_control/config/arduino.yaml
[3.812s] -- Symlinking: /root/Dojo/Dojo/install/robot_control/share/robot_control/config/controllers.yaml
[3.824s] -- Symlinking: /root/Dojo/Dojo/install/robot_control/share/robot_control/config/robot_control_params.yaml
[3.837s] -- Symlinking: /root/Dojo/Dojo/install/robot_control/share/robot_control/config/twist_mux.yaml
[3.849s] -- Symlinking: /root/Dojo/Dojo/install/robot_control/share/robot_control/package.xml
[3.864s] -- Symlinking: /root/Dojo/Dojo/install/robot_control/share/robot_control/setup.py
[3.878s] -- Symlinking: /root/Dojo/Dojo/install/robot_control/share/robot_control/setup.cfg
[3.890s] -- Symlinking: /root/Dojo/Dojo/install/robot_control/share/ament_index/resource_index/package_run_dependencies/robot_control
[3.901s] -- Symlinking: /root/Dojo/Dojo/install/robot_control/share/ament_index/resource_index/parent_prefix_path/robot_control
[3.912s] -- Symlinking: /root/Dojo/Dojo/install/robot_control/share/robot_control/environment/ament_prefix_path.sh
[3.924s] -- Symlinking: /root/Dojo/Dojo/install/robot_control/share/robot_control/environment/ament_prefix_path.dsv
[3.936s] -- Symlinking: /root/Dojo/Dojo/install/robot_control/share/robot_control/environment/path.sh
[3.947s] -- Symlinking: /root/Dojo/Dojo/install/robot_control/share/robot_control/environment/path.dsv
[3.959s] -- Symlinking: /root/Dojo/Dojo/install/robot_control/share/robot_control/local_setup.bash
[3.970s] -- Symlinking: /root/Dojo/Dojo/install/robot_control/share/robot_control/local_setup.sh
[3.980s] -- Symlinking: /root/Dojo/Dojo/install/robot_control/share/robot_control/local_setup.zsh
[3.990s] -- Symlinking: /root/Dojo/Dojo/install/robot_control/share/robot_control/local_setup.dsv
[3.999s] -- Symlinking: /root/Dojo/Dojo/install/robot_control/share/robot_control/package.dsv
[4.009s] -- Symlinking: /root/Dojo/Dojo/install/robot_control/share/ament_index/resource_index/packages/robot_control
[4.019s] -- Symlinking: /root/Dojo/Dojo/install/robot_control/share/robot_control/cmake/robot_controlConfig.cmake
[4.028s] -- Symlinking: /root/Dojo/Dojo/install/robot_control/share/robot_control/cmake/robot_controlConfig-version.cmake
[4.039s] -- Up-to-date symlink: /root/Dojo/Dojo/install/robot_control/share/robot_control/package.xml
[4.039s] -- Up-to-date: /robot_control
[4.039s] -- Up-to-date: /robot_control/__init__.py
[4.041s] Invoked command in '/root/Dojo/Dojo/build/robot_control' returned '0': CMAKE_PREFIX_PATH=${CMAKE_PREFIX_PATH}:/root/Dojo/install/robot_hardware:/opt/ros/humble /usr/bin/cmake --install /root/Dojo/Dojo/build/robot_control
