[0.980s] Invoking command in '/root/Dojo/Dojo/build/robot_interfaces': CMAKE_PREFIX_PATH=${CMAKE_PREFIX_PATH}:/root/Dojo/install/robot_hardware:/opt/ros/humble /usr/bin/cmake --build /root/Dojo/Dojo/build/robot_interfaces -- -j16 -l16
[1.611s] [  1%] Built target robot_interfaces__cpp
[1.611s] [ 12%] Built target robot_interfaces__rosidl_generator_c
[1.611s] [ 12%] Built target ament_cmake_python_symlink_robot_interfaces
[1.611s] [ 69%] Built target robot_interfaces__rosidl_typesupport_fastrtps_cpp
[1.611s] [ 69%] Built target robot_interfaces__rosidl_typesupport_cpp
[1.611s] [ 69%] Built target robot_interfaces__rosidl_typesupport_introspection_cpp
[1.611s] [ 69%] Built target robot_interfaces__rosidl_typesupport_introspection_c
[1.611s] [ 69%] Built target robot_interfaces__rosidl_typesupport_c
[1.611s] [ 81%] Built target robot_interfaces__rosidl_typesupport_fastrtps_c
[1.612s] [ 81%] Built target robot_interfaces
[1.612s] [ 82%] Built target robot_interfaces__py
[1.612s] [ 92%] Built target robot_interfaces__rosidl_generator_py
[1.612s] [100%] Built target robot_interfaces__rosidl_typesupport_c__pyext
[1.612s] [100%] Built target robot_interfaces__rosidl_typesupport_introspection_c__pyext
[1.612s] [100%] Built target robot_interfaces__rosidl_typesupport_fastrtps_c__pyext
[1.612s] running egg_info
[1.612s] writing robot_interfaces.egg-info/PKG-INFO
[1.612s] writing dependency_links to robot_interfaces.egg-info/dependency_links.txt
[1.612s] writing top-level names to robot_interfaces.egg-info/top_level.txt
[1.612s] reading manifest file 'robot_interfaces.egg-info/SOURCES.txt'
[1.612s] writing manifest file 'robot_interfaces.egg-info/SOURCES.txt'
[1.613s] [100%] Built target ament_cmake_python_build_robot_interfaces_egg
[1.929s] Invoked command in '/root/Dojo/Dojo/build/robot_interfaces' returned '0': CMAKE_PREFIX_PATH=${CMAKE_PREFIX_PATH}:/root/Dojo/install/robot_hardware:/opt/ros/humble /usr/bin/cmake --build /root/Dojo/Dojo/build/robot_interfaces -- -j16 -l16
[1.930s] Invoking command in '/root/Dojo/Dojo/build/robot_interfaces': CMAKE_PREFIX_PATH=${CMAKE_PREFIX_PATH}:/root/Dojo/install/robot_hardware:/opt/ros/humble /usr/bin/cmake --install /root/Dojo/Dojo/build/robot_interfaces
[1.969s] -- Install configuration: "Release"
[1.970s] -- Execute custom install script
[1.976s] -- Up-to-date symlink: /root/Dojo/Dojo/install/robot_interfaces/share/ament_index/resource_index/rosidl_interfaces/robot_interfaces
[1.976s] -- Up-to-date symlink: /root/Dojo/Dojo/install/robot_interfaces/include/robot_interfaces/robot_interfaces/action/detail/navigation__functions.h
[1.976s] -- Up-to-date symlink: /root/Dojo/Dojo/install/robot_interfaces/include/robot_interfaces/robot_interfaces/action/detail/navigation__struct.h
[1.977s] -- Up-to-date symlink: /root/Dojo/Dojo/install/robot_interfaces/include/robot_interfaces/robot_interfaces/action/detail/navigation__type_support.h
[1.977s] -- Up-to-date symlink: /root/Dojo/Dojo/install/robot_interfaces/include/robot_interfaces/robot_interfaces/action/navigation.h
[1.978s] -- Up-to-date symlink: /root/Dojo/Dojo/install/robot_interfaces/include/robot_interfaces/robot_interfaces/msg/detail/hardware_status__functions.h
[1.978s] -- Up-to-date symlink: /root/Dojo/Dojo/install/robot_interfaces/include/robot_interfaces/robot_interfaces/msg/detail/hardware_status__struct.h
[1.979s] -- Up-to-date symlink: /root/Dojo/Dojo/install/robot_interfaces/include/robot_interfaces/robot_interfaces/msg/detail/hardware_status__type_support.h
[1.980s] -- Up-to-date symlink: /root/Dojo/Dojo/install/robot_interfaces/include/robot_interfaces/robot_interfaces/msg/detail/motor_command__functions.h
[1.980s] -- Up-to-date symlink: /root/Dojo/Dojo/install/robot_interfaces/include/robot_interfaces/robot_interfaces/msg/detail/motor_command__struct.h
[1.981s] -- Up-to-date symlink: /root/Dojo/Dojo/install/robot_interfaces/include/robot_interfaces/robot_interfaces/msg/detail/motor_command__type_support.h
[1.981s] -- Up-to-date symlink: /root/Dojo/Dojo/install/robot_interfaces/include/robot_interfaces/robot_interfaces/msg/detail/robot_state__functions.h
[1.982s] -- Up-to-date symlink: /root/Dojo/Dojo/install/robot_interfaces/include/robot_interfaces/robot_interfaces/msg/detail/robot_state__struct.h
[1.982s] -- Up-to-date symlink: /root/Dojo/Dojo/install/robot_interfaces/include/robot_interfaces/robot_interfaces/msg/detail/robot_state__type_support.h
[1.982s] -- Up-to-date symlink: /root/Dojo/Dojo/install/robot_interfaces/include/robot_interfaces/robot_interfaces/msg/detail/sensor_data__functions.h
[1.983s] -- Up-to-date symlink: /root/Dojo/Dojo/install/robot_interfaces/include/robot_interfaces/robot_interfaces/msg/detail/sensor_data__struct.h
[1.984s] -- Up-to-date symlink: /root/Dojo/Dojo/install/robot_interfaces/include/robot_interfaces/robot_interfaces/msg/detail/sensor_data__type_support.h
[1.984s] -- Up-to-date symlink: /root/Dojo/Dojo/install/robot_interfaces/include/robot_interfaces/robot_interfaces/msg/hardware_status.h
[1.985s] -- Up-to-date symlink: /root/Dojo/Dojo/install/robot_interfaces/include/robot_interfaces/robot_interfaces/msg/motor_command.h
[1.986s] -- Up-to-date symlink: /root/Dojo/Dojo/install/robot_interfaces/include/robot_interfaces/robot_interfaces/msg/robot_state.h
[1.986s] -- Up-to-date symlink: /root/Dojo/Dojo/install/robot_interfaces/include/robot_interfaces/robot_interfaces/msg/rosidl_generator_c__visibility_control.h
[1.986s] -- Up-to-date symlink: /root/Dojo/Dojo/install/robot_interfaces/include/robot_interfaces/robot_interfaces/msg/sensor_data.h
[1.987s] -- Up-to-date symlink: /root/Dojo/Dojo/install/robot_interfaces/include/robot_interfaces/robot_interfaces/srv/calibration.h
[1.987s] -- Up-to-date symlink: /root/Dojo/Dojo/install/robot_interfaces/include/robot_interfaces/robot_interfaces/srv/detail/calibration__functions.h
[1.987s] -- Up-to-date symlink: /root/Dojo/Dojo/install/robot_interfaces/include/robot_interfaces/robot_interfaces/srv/detail/calibration__struct.h
[1.987s] -- Up-to-date symlink: /root/Dojo/Dojo/install/robot_interfaces/include/robot_interfaces/robot_interfaces/srv/detail/calibration__type_support.h
[1.987s] -- Up-to-date symlink: /root/Dojo/Dojo/install/robot_interfaces/include/robot_interfaces/robot_interfaces/srv/detail/set_mode__functions.h
[1.987s] -- Up-to-date symlink: /root/Dojo/Dojo/install/robot_interfaces/include/robot_interfaces/robot_interfaces/srv/detail/set_mode__struct.h
[1.988s] -- Up-to-date symlink: /root/Dojo/Dojo/install/robot_interfaces/include/robot_interfaces/robot_interfaces/srv/detail/set_mode__type_support.h
[1.988s] -- Up-to-date symlink: /root/Dojo/Dojo/install/robot_interfaces/include/robot_interfaces/robot_interfaces/srv/set_mode.h
[1.989s] -- Up-to-date symlink: /root/Dojo/Dojo/install/robot_interfaces/share/robot_interfaces/environment/library_path.sh
[1.989s] -- Up-to-date symlink: /root/Dojo/Dojo/install/robot_interfaces/share/robot_interfaces/environment/library_path.dsv
[1.990s] -- Up-to-date symlink: /root/Dojo/Dojo/install/robot_interfaces/include/robot_interfaces/robot_interfaces/action/detail/navigation__rosidl_typesupport_fastrtps_c.h
[1.990s] -- Up-to-date symlink: /root/Dojo/Dojo/install/robot_interfaces/include/robot_interfaces/robot_interfaces/msg/detail/hardware_status__rosidl_typesupport_fastrtps_c.h
[1.990s] -- Up-to-date symlink: /root/Dojo/Dojo/install/robot_interfaces/include/robot_interfaces/robot_interfaces/msg/detail/motor_command__rosidl_typesupport_fastrtps_c.h
[1.990s] -- Up-to-date symlink: /root/Dojo/Dojo/install/robot_interfaces/include/robot_interfaces/robot_interfaces/msg/detail/robot_state__rosidl_typesupport_fastrtps_c.h
[1.991s] -- Up-to-date symlink: /root/Dojo/Dojo/install/robot_interfaces/include/robot_interfaces/robot_interfaces/msg/detail/sensor_data__rosidl_typesupport_fastrtps_c.h
[1.991s] -- Up-to-date symlink: /root/Dojo/Dojo/install/robot_interfaces/include/robot_interfaces/robot_interfaces/msg/rosidl_typesupport_fastrtps_c__visibility_control.h
[1.991s] -- Up-to-date symlink: /root/Dojo/Dojo/install/robot_interfaces/include/robot_interfaces/robot_interfaces/srv/detail/calibration__rosidl_typesupport_fastrtps_c.h
[1.992s] -- Up-to-date symlink: /root/Dojo/Dojo/install/robot_interfaces/include/robot_interfaces/robot_interfaces/srv/detail/set_mode__rosidl_typesupport_fastrtps_c.h
[1.993s] -- Up-to-date symlink: /root/Dojo/Dojo/install/robot_interfaces/include/robot_interfaces/robot_interfaces/action/detail/navigation__builder.hpp
[1.993s] -- Up-to-date symlink: /root/Dojo/Dojo/install/robot_interfaces/include/robot_interfaces/robot_interfaces/action/detail/navigation__struct.hpp
[1.994s] -- Up-to-date symlink: /root/Dojo/Dojo/install/robot_interfaces/include/robot_interfaces/robot_interfaces/action/detail/navigation__traits.hpp
[1.994s] -- Up-to-date symlink: /root/Dojo/Dojo/install/robot_interfaces/include/robot_interfaces/robot_interfaces/action/detail/navigation__type_support.hpp
[1.995s] -- Up-to-date symlink: /root/Dojo/Dojo/install/robot_interfaces/include/robot_interfaces/robot_interfaces/action/navigation.hpp
[1.996s] -- Up-to-date symlink: /root/Dojo/Dojo/install/robot_interfaces/include/robot_interfaces/robot_interfaces/msg/detail/hardware_status__builder.hpp
[1.996s] -- Up-to-date symlink: /root/Dojo/Dojo/install/robot_interfaces/include/robot_interfaces/robot_interfaces/msg/detail/hardware_status__struct.hpp
[1.997s] -- Up-to-date symlink: /root/Dojo/Dojo/install/robot_interfaces/include/robot_interfaces/robot_interfaces/msg/detail/hardware_status__traits.hpp
[1.997s] -- Up-to-date symlink: /root/Dojo/Dojo/install/robot_interfaces/include/robot_interfaces/robot_interfaces/msg/detail/hardware_status__type_support.hpp
[1.997s] -- Up-to-date symlink: /root/Dojo/Dojo/install/robot_interfaces/include/robot_interfaces/robot_interfaces/msg/detail/motor_command__builder.hpp
[1.998s] -- Up-to-date symlink: /root/Dojo/Dojo/install/robot_interfaces/include/robot_interfaces/robot_interfaces/msg/detail/motor_command__struct.hpp
[1.998s] -- Up-to-date symlink: /root/Dojo/Dojo/install/robot_interfaces/include/robot_interfaces/robot_interfaces/msg/detail/motor_command__traits.hpp
[1.998s] -- Up-to-date symlink: /root/Dojo/Dojo/install/robot_interfaces/include/robot_interfaces/robot_interfaces/msg/detail/motor_command__type_support.hpp
[1.998s] -- Up-to-date symlink: /root/Dojo/Dojo/install/robot_interfaces/include/robot_interfaces/robot_interfaces/msg/detail/robot_state__builder.hpp
[1.999s] -- Up-to-date symlink: /root/Dojo/Dojo/install/robot_interfaces/include/robot_interfaces/robot_interfaces/msg/detail/robot_state__struct.hpp
[2.000s] -- Up-to-date symlink: /root/Dojo/Dojo/install/robot_interfaces/include/robot_interfaces/robot_interfaces/msg/detail/robot_state__traits.hpp
[2.000s] -- Up-to-date symlink: /root/Dojo/Dojo/install/robot_interfaces/include/robot_interfaces/robot_interfaces/msg/detail/robot_state__type_support.hpp
[2.001s] -- Up-to-date symlink: /root/Dojo/Dojo/install/robot_interfaces/include/robot_interfaces/robot_interfaces/msg/detail/sensor_data__builder.hpp
[2.001s] -- Up-to-date symlink: /root/Dojo/Dojo/install/robot_interfaces/include/robot_interfaces/robot_interfaces/msg/detail/sensor_data__struct.hpp
[2.001s] -- Up-to-date symlink: /root/Dojo/Dojo/install/robot_interfaces/include/robot_interfaces/robot_interfaces/msg/detail/sensor_data__traits.hpp
[2.001s] -- Up-to-date symlink: /root/Dojo/Dojo/install/robot_interfaces/include/robot_interfaces/robot_interfaces/msg/detail/sensor_data__type_support.hpp
[2.002s] -- Up-to-date symlink: /root/Dojo/Dojo/install/robot_interfaces/include/robot_interfaces/robot_interfaces/msg/hardware_status.hpp
[2.002s] -- Up-to-date symlink: /root/Dojo/Dojo/install/robot_interfaces/include/robot_interfaces/robot_interfaces/msg/motor_command.hpp
[2.002s] -- Up-to-date symlink: /root/Dojo/Dojo/install/robot_interfaces/include/robot_interfaces/robot_interfaces/msg/robot_state.hpp
[2.002s] -- Up-to-date symlink: /root/Dojo/Dojo/install/robot_interfaces/include/robot_interfaces/robot_interfaces/msg/rosidl_generator_cpp__visibility_control.hpp
[2.002s] -- Up-to-date symlink: /root/Dojo/Dojo/install/robot_interfaces/include/robot_interfaces/robot_interfaces/msg/sensor_data.hpp
[2.002s] -- Up-to-date symlink: /root/Dojo/Dojo/install/robot_interfaces/include/robot_interfaces/robot_interfaces/srv/calibration.hpp
[2.003s] -- Up-to-date symlink: /root/Dojo/Dojo/install/robot_interfaces/include/robot_interfaces/robot_interfaces/srv/detail/calibration__builder.hpp
[2.003s] -- Up-to-date symlink: /root/Dojo/Dojo/install/robot_interfaces/include/robot_interfaces/robot_interfaces/srv/detail/calibration__struct.hpp
[2.003s] -- Up-to-date symlink: /root/Dojo/Dojo/install/robot_interfaces/include/robot_interfaces/robot_interfaces/srv/detail/calibration__traits.hpp
[2.003s] -- Up-to-date symlink: /root/Dojo/Dojo/install/robot_interfaces/include/robot_interfaces/robot_interfaces/srv/detail/calibration__type_support.hpp
[2.003s] -- Up-to-date symlink: /root/Dojo/Dojo/install/robot_interfaces/include/robot_interfaces/robot_interfaces/srv/detail/set_mode__builder.hpp
[2.004s] -- Up-to-date symlink: /root/Dojo/Dojo/install/robot_interfaces/include/robot_interfaces/robot_interfaces/srv/detail/set_mode__struct.hpp
[2.004s] -- Up-to-date symlink: /root/Dojo/Dojo/install/robot_interfaces/include/robot_interfaces/robot_interfaces/srv/detail/set_mode__traits.hpp
[2.005s] -- Up-to-date symlink: /root/Dojo/Dojo/install/robot_interfaces/include/robot_interfaces/robot_interfaces/srv/detail/set_mode__type_support.hpp
[2.005s] -- Up-to-date symlink: /root/Dojo/Dojo/install/robot_interfaces/include/robot_interfaces/robot_interfaces/srv/set_mode.hpp
[2.005s] -- Up-to-date symlink: /root/Dojo/Dojo/install/robot_interfaces/include/robot_interfaces/robot_interfaces/action/detail/navigation__rosidl_typesupport_fastrtps_cpp.hpp
[2.005s] -- Up-to-date symlink: /root/Dojo/Dojo/install/robot_interfaces/include/robot_interfaces/robot_interfaces/msg/detail/hardware_status__rosidl_typesupport_fastrtps_cpp.hpp
[2.006s] -- Up-to-date symlink: /root/Dojo/Dojo/install/robot_interfaces/include/robot_interfaces/robot_interfaces/msg/detail/motor_command__rosidl_typesupport_fastrtps_cpp.hpp
[2.006s] -- Up-to-date symlink: /root/Dojo/Dojo/install/robot_interfaces/include/robot_interfaces/robot_interfaces/msg/detail/robot_state__rosidl_typesupport_fastrtps_cpp.hpp
[2.006s] -- Up-to-date symlink: /root/Dojo/Dojo/install/robot_interfaces/include/robot_interfaces/robot_interfaces/msg/detail/sensor_data__rosidl_typesupport_fastrtps_cpp.hpp
[2.007s] -- Up-to-date symlink: /root/Dojo/Dojo/install/robot_interfaces/include/robot_interfaces/robot_interfaces/msg/rosidl_typesupport_fastrtps_cpp__visibility_control.h
[2.007s] -- Up-to-date symlink: /root/Dojo/Dojo/install/robot_interfaces/include/robot_interfaces/robot_interfaces/srv/detail/calibration__rosidl_typesupport_fastrtps_cpp.hpp
[2.007s] -- Up-to-date symlink: /root/Dojo/Dojo/install/robot_interfaces/include/robot_interfaces/robot_interfaces/srv/detail/set_mode__rosidl_typesupport_fastrtps_cpp.hpp
[2.007s] -- Up-to-date symlink: /root/Dojo/Dojo/install/robot_interfaces/include/robot_interfaces/robot_interfaces/action/detail/navigation__rosidl_typesupport_introspection_c.h
[2.008s] -- Up-to-date symlink: /root/Dojo/Dojo/install/robot_interfaces/include/robot_interfaces/robot_interfaces/msg/detail/hardware_status__rosidl_typesupport_introspection_c.h
[2.008s] -- Up-to-date symlink: /root/Dojo/Dojo/install/robot_interfaces/include/robot_interfaces/robot_interfaces/msg/detail/motor_command__rosidl_typesupport_introspection_c.h
[2.009s] -- Up-to-date symlink: /root/Dojo/Dojo/install/robot_interfaces/include/robot_interfaces/robot_interfaces/msg/detail/robot_state__rosidl_typesupport_introspection_c.h
[2.009s] -- Up-to-date symlink: /root/Dojo/Dojo/install/robot_interfaces/include/robot_interfaces/robot_interfaces/msg/detail/sensor_data__rosidl_typesupport_introspection_c.h
[2.009s] -- Up-to-date symlink: /root/Dojo/Dojo/install/robot_interfaces/include/robot_interfaces/robot_interfaces/msg/rosidl_typesupport_introspection_c__visibility_control.h
[2.010s] -- Up-to-date symlink: /root/Dojo/Dojo/install/robot_interfaces/include/robot_interfaces/robot_interfaces/srv/detail/calibration__rosidl_typesupport_introspection_c.h
[2.010s] -- Up-to-date symlink: /root/Dojo/Dojo/install/robot_interfaces/include/robot_interfaces/robot_interfaces/srv/detail/set_mode__rosidl_typesupport_introspection_c.h
[2.010s] -- Up-to-date symlink: /root/Dojo/Dojo/install/robot_interfaces/include/robot_interfaces/robot_interfaces/action/detail/navigation__rosidl_typesupport_introspection_cpp.hpp
[2.011s] -- Up-to-date symlink: /root/Dojo/Dojo/install/robot_interfaces/include/robot_interfaces/robot_interfaces/msg/detail/hardware_status__rosidl_typesupport_introspection_cpp.hpp
[2.012s] -- Up-to-date symlink: /root/Dojo/Dojo/install/robot_interfaces/include/robot_interfaces/robot_interfaces/msg/detail/motor_command__rosidl_typesupport_introspection_cpp.hpp
[2.012s] -- Up-to-date symlink: /root/Dojo/Dojo/install/robot_interfaces/include/robot_interfaces/robot_interfaces/msg/detail/robot_state__rosidl_typesupport_introspection_cpp.hpp
[2.013s] -- Up-to-date symlink: /root/Dojo/Dojo/install/robot_interfaces/include/robot_interfaces/robot_interfaces/msg/detail/sensor_data__rosidl_typesupport_introspection_cpp.hpp
[2.013s] -- Up-to-date symlink: /root/Dojo/Dojo/install/robot_interfaces/include/robot_interfaces/robot_interfaces/srv/detail/calibration__rosidl_typesupport_introspection_cpp.hpp
[2.014s] -- Up-to-date symlink: /root/Dojo/Dojo/install/robot_interfaces/include/robot_interfaces/robot_interfaces/srv/detail/set_mode__rosidl_typesupport_introspection_cpp.hpp
[2.014s] -- Up-to-date symlink: /root/Dojo/Dojo/install/robot_interfaces/share/robot_interfaces/environment/pythonpath.sh
[2.014s] -- Up-to-date symlink: /root/Dojo/Dojo/install/robot_interfaces/share/robot_interfaces/environment/pythonpath.dsv
[2.015s] -- Up-to-date symlink: /root/Dojo/Dojo/install/robot_interfaces/local/lib/python3.10/dist-packages/robot_interfaces-1.0.0-py3.10.egg-info/PKG-INFO
[2.015s] -- Up-to-date symlink: /root/Dojo/Dojo/install/robot_interfaces/local/lib/python3.10/dist-packages/robot_interfaces-1.0.0-py3.10.egg-info/SOURCES.txt
[2.015s] -- Up-to-date symlink: /root/Dojo/Dojo/install/robot_interfaces/local/lib/python3.10/dist-packages/robot_interfaces-1.0.0-py3.10.egg-info/dependency_links.txt
[2.016s] -- Up-to-date symlink: /root/Dojo/Dojo/install/robot_interfaces/local/lib/python3.10/dist-packages/robot_interfaces-1.0.0-py3.10.egg-info/top_level.txt
[2.016s] -- Up-to-date symlink: /root/Dojo/Dojo/install/robot_interfaces/local/lib/python3.10/dist-packages/robot_interfaces/__init__.py
[2.017s] -- Up-to-date symlink: /root/Dojo/Dojo/install/robot_interfaces/local/lib/python3.10/dist-packages/robot_interfaces/_robot_interfaces_s.ep.rosidl_typesupport_c.c
[2.018s] -- Up-to-date symlink: /root/Dojo/Dojo/install/robot_interfaces/local/lib/python3.10/dist-packages/robot_interfaces/_robot_interfaces_s.ep.rosidl_typesupport_fastrtps_c.c
[2.018s] -- Up-to-date symlink: /root/Dojo/Dojo/install/robot_interfaces/local/lib/python3.10/dist-packages/robot_interfaces/_robot_interfaces_s.ep.rosidl_typesupport_introspection_c.c
[2.018s] -- Up-to-date symlink: /root/Dojo/Dojo/install/robot_interfaces/local/lib/python3.10/dist-packages/robot_interfaces/action/__init__.py
[2.018s] -- Up-to-date symlink: /root/Dojo/Dojo/install/robot_interfaces/local/lib/python3.10/dist-packages/robot_interfaces/action/_navigation.py
[2.019s] -- Up-to-date symlink: /root/Dojo/Dojo/install/robot_interfaces/local/lib/python3.10/dist-packages/robot_interfaces/action/_navigation_s.c
[2.019s] -- Up-to-date symlink: /root/Dojo/Dojo/install/robot_interfaces/local/lib/python3.10/dist-packages/robot_interfaces/librobot_interfaces__rosidl_generator_py.so
[2.020s] -- Up-to-date symlink: /root/Dojo/Dojo/install/robot_interfaces/local/lib/python3.10/dist-packages/robot_interfaces/msg/__init__.py
[2.020s] -- Up-to-date symlink: /root/Dojo/Dojo/install/robot_interfaces/local/lib/python3.10/dist-packages/robot_interfaces/msg/_hardware_status.py
[2.020s] -- Up-to-date symlink: /root/Dojo/Dojo/install/robot_interfaces/local/lib/python3.10/dist-packages/robot_interfaces/msg/_hardware_status_s.c
[2.020s] -- Up-to-date symlink: /root/Dojo/Dojo/install/robot_interfaces/local/lib/python3.10/dist-packages/robot_interfaces/msg/_motor_command.py
[2.021s] -- Up-to-date symlink: /root/Dojo/Dojo/install/robot_interfaces/local/lib/python3.10/dist-packages/robot_interfaces/msg/_motor_command_s.c
[2.021s] -- Up-to-date symlink: /root/Dojo/Dojo/install/robot_interfaces/local/lib/python3.10/dist-packages/robot_interfaces/msg/_robot_state.py
[2.021s] -- Up-to-date symlink: /root/Dojo/Dojo/install/robot_interfaces/local/lib/python3.10/dist-packages/robot_interfaces/msg/_robot_state_s.c
[2.021s] -- Up-to-date symlink: /root/Dojo/Dojo/install/robot_interfaces/local/lib/python3.10/dist-packages/robot_interfaces/msg/_sensor_data.py
[2.021s] -- Up-to-date symlink: /root/Dojo/Dojo/install/robot_interfaces/local/lib/python3.10/dist-packages/robot_interfaces/msg/_sensor_data_s.c
[2.021s] -- Up-to-date symlink: /root/Dojo/Dojo/install/robot_interfaces/local/lib/python3.10/dist-packages/robot_interfaces/robot_interfaces_s__rosidl_typesupport_c.cpython-310-x86_64-linux-gnu.so
[2.021s] -- Up-to-date symlink: /root/Dojo/Dojo/install/robot_interfaces/local/lib/python3.10/dist-packages/robot_interfaces/robot_interfaces_s__rosidl_typesupport_fastrtps_c.cpython-310-x86_64-linux-gnu.so
[2.021s] -- Up-to-date symlink: /root/Dojo/Dojo/install/robot_interfaces/local/lib/python3.10/dist-packages/robot_interfaces/robot_interfaces_s__rosidl_typesupport_introspection_c.cpython-310-x86_64-linux-gnu.so
[2.022s] -- Up-to-date symlink: /root/Dojo/Dojo/install/robot_interfaces/local/lib/python3.10/dist-packages/robot_interfaces/srv/__init__.py
[2.022s] -- Up-to-date symlink: /root/Dojo/Dojo/install/robot_interfaces/local/lib/python3.10/dist-packages/robot_interfaces/srv/_calibration.py
[2.022s] -- Up-to-date symlink: /root/Dojo/Dojo/install/robot_interfaces/local/lib/python3.10/dist-packages/robot_interfaces/srv/_calibration_s.c
[2.023s] -- Up-to-date symlink: /root/Dojo/Dojo/install/robot_interfaces/local/lib/python3.10/dist-packages/robot_interfaces/srv/_set_mode.py
[2.023s] -- Up-to-date symlink: /root/Dojo/Dojo/install/robot_interfaces/local/lib/python3.10/dist-packages/robot_interfaces/srv/_set_mode_s.c
[2.023s] -- Up-to-date symlink: /root/Dojo/Dojo/install/robot_interfaces/local/lib/python3.10/dist-packages/robot_interfaces/robot_interfaces_s__rosidl_typesupport_fastrtps_c.cpython-310-x86_64-linux-gnu.so
[2.024s] -- Up-to-date symlink: /root/Dojo/Dojo/install/robot_interfaces/local/lib/python3.10/dist-packages/robot_interfaces/robot_interfaces_s__rosidl_typesupport_introspection_c.cpython-310-x86_64-linux-gnu.so
[2.024s] -- Up-to-date symlink: /root/Dojo/Dojo/install/robot_interfaces/local/lib/python3.10/dist-packages/robot_interfaces/robot_interfaces_s__rosidl_typesupport_c.cpython-310-x86_64-linux-gnu.so
[2.024s] -- Up-to-date symlink: /root/Dojo/Dojo/install/robot_interfaces/share/robot_interfaces/msg/HardwareStatus.idl
[2.024s] -- Up-to-date symlink: /root/Dojo/Dojo/install/robot_interfaces/share/robot_interfaces/msg/SensorData.idl
[2.024s] -- Up-to-date symlink: /root/Dojo/Dojo/install/robot_interfaces/share/robot_interfaces/msg/MotorCommand.idl
[2.024s] -- Up-to-date symlink: /root/Dojo/Dojo/install/robot_interfaces/share/robot_interfaces/msg/RobotState.idl
[2.025s] -- Up-to-date symlink: /root/Dojo/Dojo/install/robot_interfaces/share/robot_interfaces/srv/Calibration.idl
[2.025s] -- Up-to-date symlink: /root/Dojo/Dojo/install/robot_interfaces/share/robot_interfaces/srv/SetMode.idl
[2.025s] -- Up-to-date symlink: /root/Dojo/Dojo/install/robot_interfaces/share/robot_interfaces/action/Navigation.idl
[2.025s] -- Up-to-date symlink: /root/Dojo/Dojo/install/robot_interfaces/share/robot_interfaces/msg/HardwareStatus.msg
[2.026s] -- Up-to-date symlink: /root/Dojo/Dojo/install/robot_interfaces/share/robot_interfaces/msg/SensorData.msg
[2.026s] -- Up-to-date symlink: /root/Dojo/Dojo/install/robot_interfaces/share/robot_interfaces/msg/MotorCommand.msg
[2.026s] -- Up-to-date symlink: /root/Dojo/Dojo/install/robot_interfaces/share/robot_interfaces/msg/RobotState.msg
[2.026s] -- Up-to-date symlink: /root/Dojo/Dojo/install/robot_interfaces/share/robot_interfaces/srv/Calibration.srv
[2.027s] -- Up-to-date symlink: /root/Dojo/Dojo/install/robot_interfaces/share/robot_interfaces/srv/Calibration_Request.msg
[2.027s] -- Up-to-date symlink: /root/Dojo/Dojo/install/robot_interfaces/share/robot_interfaces/srv/Calibration_Response.msg
[2.027s] -- Up-to-date symlink: /root/Dojo/Dojo/install/robot_interfaces/share/robot_interfaces/srv/SetMode.srv
[2.027s] -- Up-to-date symlink: /root/Dojo/Dojo/install/robot_interfaces/share/robot_interfaces/srv/SetMode_Request.msg
[2.028s] -- Up-to-date symlink: /root/Dojo/Dojo/install/robot_interfaces/share/robot_interfaces/srv/SetMode_Response.msg
[2.028s] -- Up-to-date symlink: /root/Dojo/Dojo/install/robot_interfaces/share/robot_interfaces/action/Navigation.action
[2.029s] -- Up-to-date symlink: /root/Dojo/Dojo/install/robot_interfaces/share/ament_index/resource_index/package_run_dependencies/robot_interfaces
[2.029s] -- Up-to-date symlink: /root/Dojo/Dojo/install/robot_interfaces/share/ament_index/resource_index/parent_prefix_path/robot_interfaces
[2.029s] -- Up-to-date symlink: /root/Dojo/Dojo/install/robot_interfaces/share/robot_interfaces/environment/ament_prefix_path.sh
[2.029s] -- Up-to-date symlink: /root/Dojo/Dojo/install/robot_interfaces/share/robot_interfaces/environment/ament_prefix_path.dsv
[2.031s] -- Up-to-date symlink: /root/Dojo/Dojo/install/robot_interfaces/share/robot_interfaces/environment/path.sh
[2.031s] -- Up-to-date symlink: /root/Dojo/Dojo/install/robot_interfaces/share/robot_interfaces/environment/path.dsv
[2.032s] -- Up-to-date symlink: /root/Dojo/Dojo/install/robot_interfaces/share/robot_interfaces/local_setup.bash
[2.032s] -- Up-to-date symlink: /root/Dojo/Dojo/install/robot_interfaces/share/robot_interfaces/local_setup.sh
[2.032s] -- Up-to-date symlink: /root/Dojo/Dojo/install/robot_interfaces/share/robot_interfaces/local_setup.zsh
[2.033s] -- Up-to-date symlink: /root/Dojo/Dojo/install/robot_interfaces/share/robot_interfaces/local_setup.dsv
[2.033s] -- Symlinking: /root/Dojo/Dojo/install/robot_interfaces/share/robot_interfaces/package.dsv
[2.035s] -- Up-to-date symlink: /root/Dojo/Dojo/install/robot_interfaces/share/ament_index/resource_index/packages/robot_interfaces
[2.035s] -- Up-to-date symlink: /root/Dojo/Dojo/install/robot_interfaces/share/robot_interfaces/cmake/rosidl_cmake-extras.cmake
[2.035s] -- Up-to-date symlink: /root/Dojo/Dojo/install/robot_interfaces/share/robot_interfaces/cmake/ament_cmake_export_dependencies-extras.cmake
[2.036s] -- Up-to-date symlink: /root/Dojo/Dojo/install/robot_interfaces/share/robot_interfaces/cmake/ament_cmake_export_include_directories-extras.cmake
[2.037s] -- Up-to-date symlink: /root/Dojo/Dojo/install/robot_interfaces/share/robot_interfaces/cmake/ament_cmake_export_libraries-extras.cmake
[2.037s] -- Up-to-date symlink: /root/Dojo/Dojo/install/robot_interfaces/share/robot_interfaces/cmake/ament_cmake_export_targets-extras.cmake
[2.037s] -- Up-to-date symlink: /root/Dojo/Dojo/install/robot_interfaces/share/robot_interfaces/cmake/rosidl_cmake_export_typesupport_targets-extras.cmake
[2.038s] -- Up-to-date symlink: /root/Dojo/Dojo/install/robot_interfaces/share/robot_interfaces/cmake/rosidl_cmake_export_typesupport_libraries-extras.cmake
[2.038s] -- Up-to-date symlink: /root/Dojo/Dojo/install/robot_interfaces/share/robot_interfaces/cmake/robot_interfacesConfig.cmake
[2.047s] -- Up-to-date symlink: /root/Dojo/Dojo/install/robot_interfaces/share/robot_interfaces/cmake/robot_interfacesConfig-version.cmake
[2.047s] -- Up-to-date symlink: /root/Dojo/Dojo/install/robot_interfaces/share/robot_interfaces/package.xml
[2.048s] -- Up-to-date: /root/Dojo/Dojo/install/robot_interfaces/lib/librobot_interfaces__rosidl_generator_c.so
[2.049s] -- Up-to-date: /root/Dojo/Dojo/install/robot_interfaces/lib/librobot_interfaces__rosidl_typesupport_fastrtps_c.so
[2.051s] -- Up-to-date: /root/Dojo/Dojo/install/robot_interfaces/lib/librobot_interfaces__rosidl_typesupport_fastrtps_cpp.so
[2.051s] -- Up-to-date: /root/Dojo/Dojo/install/robot_interfaces/lib/librobot_interfaces__rosidl_typesupport_introspection_c.so
[2.051s] -- Up-to-date: /root/Dojo/Dojo/install/robot_interfaces/lib/librobot_interfaces__rosidl_typesupport_c.so
[2.051s] -- Up-to-date: /root/Dojo/Dojo/install/robot_interfaces/lib/librobot_interfaces__rosidl_typesupport_introspection_cpp.so
[2.051s] -- Up-to-date: /root/Dojo/Dojo/install/robot_interfaces/lib/librobot_interfaces__rosidl_typesupport_cpp.so
[2.052s] Listing '/root/Dojo/Dojo/install/robot_interfaces/local/lib/python3.10/dist-packages/robot_interfaces'...
[2.053s] Listing '/root/Dojo/Dojo/install/robot_interfaces/local/lib/python3.10/dist-packages/robot_interfaces/action'...
[2.053s] Listing '/root/Dojo/Dojo/install/robot_interfaces/local/lib/python3.10/dist-packages/robot_interfaces/msg'...
[2.053s] Listing '/root/Dojo/Dojo/install/robot_interfaces/local/lib/python3.10/dist-packages/robot_interfaces/srv'...
[2.053s] -- Up-to-date: /root/Dojo/Dojo/install/robot_interfaces/lib/librobot_interfaces__rosidl_generator_py.so
[2.053s] -- Up-to-date: /root/Dojo/Dojo/install/robot_interfaces/share/robot_interfaces/cmake/export_robot_interfaces__rosidl_generator_cExport.cmake
[2.054s] -- Up-to-date: /root/Dojo/Dojo/install/robot_interfaces/share/robot_interfaces/cmake/export_robot_interfaces__rosidl_generator_cExport-release.cmake
[2.054s] -- Up-to-date: /root/Dojo/Dojo/install/robot_interfaces/share/robot_interfaces/cmake/export_robot_interfaces__rosidl_typesupport_fastrtps_cExport.cmake
[2.054s] -- Up-to-date: /root/Dojo/Dojo/install/robot_interfaces/share/robot_interfaces/cmake/export_robot_interfaces__rosidl_typesupport_fastrtps_cExport-release.cmake
[2.054s] -- Up-to-date: /root/Dojo/Dojo/install/robot_interfaces/share/robot_interfaces/cmake/export_robot_interfaces__rosidl_generator_cppExport.cmake
[2.055s] -- Up-to-date: /root/Dojo/Dojo/install/robot_interfaces/share/robot_interfaces/cmake/export_robot_interfaces__rosidl_typesupport_fastrtps_cppExport.cmake
[2.055s] -- Up-to-date: /root/Dojo/Dojo/install/robot_interfaces/share/robot_interfaces/cmake/export_robot_interfaces__rosidl_typesupport_fastrtps_cppExport-release.cmake
[2.055s] -- Up-to-date: /root/Dojo/Dojo/install/robot_interfaces/share/robot_interfaces/cmake/robot_interfaces__rosidl_typesupport_introspection_cExport.cmake
[2.055s] -- Up-to-date: /root/Dojo/Dojo/install/robot_interfaces/share/robot_interfaces/cmake/robot_interfaces__rosidl_typesupport_introspection_cExport-release.cmake
[2.055s] -- Up-to-date: /root/Dojo/Dojo/install/robot_interfaces/share/robot_interfaces/cmake/robot_interfaces__rosidl_typesupport_cExport.cmake
[2.055s] -- Up-to-date: /root/Dojo/Dojo/install/robot_interfaces/share/robot_interfaces/cmake/robot_interfaces__rosidl_typesupport_cExport-release.cmake
[2.056s] -- Up-to-date: /root/Dojo/Dojo/install/robot_interfaces/share/robot_interfaces/cmake/robot_interfaces__rosidl_typesupport_introspection_cppExport.cmake
[2.056s] -- Up-to-date: /root/Dojo/Dojo/install/robot_interfaces/share/robot_interfaces/cmake/robot_interfaces__rosidl_typesupport_introspection_cppExport-release.cmake
[2.056s] -- Up-to-date: /root/Dojo/Dojo/install/robot_interfaces/share/robot_interfaces/cmake/robot_interfaces__rosidl_typesupport_cppExport.cmake
[2.057s] -- Up-to-date: /root/Dojo/Dojo/install/robot_interfaces/share/robot_interfaces/cmake/robot_interfaces__rosidl_typesupport_cppExport-release.cmake
[2.057s] -- Up-to-date: /root/Dojo/Dojo/install/robot_interfaces/share/robot_interfaces/cmake/export_robot_interfaces__rosidl_generator_pyExport.cmake
[2.057s] -- Up-to-date: /root/Dojo/Dojo/install/robot_interfaces/share/robot_interfaces/cmake/export_robot_interfaces__rosidl_generator_pyExport-release.cmake
[2.074s] Invoked command in '/root/Dojo/Dojo/build/robot_interfaces' returned '0': CMAKE_PREFIX_PATH=${CMAKE_PREFIX_PATH}:/root/Dojo/install/robot_hardware:/opt/ros/humble /usr/bin/cmake --install /root/Dojo/Dojo/build/robot_interfaces
