[0.014s] Invoking command in '/root/Dojo/build/robot_bringup': AMENT_PREFIX_PATH=/root/Dojo/install/robot_navigation:/root/Dojo/install/robot_hardware:/root/Dojo/install/robot_description:/root/Dojo/install/robot_control:${AMENT_PREFIX_PATH} CMAKE_PREFIX_PATH=/root/Dojo/install/robot_navigation:/root/Dojo/install/robot_perception:/root/Dojo/install/robot_description:/root/Dojo/install/robot_control:/opt/ros/humble PYTHONPATH=/root/Dojo/build/robot_hardware:/root/Dojo/install/robot_hardware/lib/python3.10/site-packages:${PYTHONPATH} /usr/bin/cmake --build /root/Dojo/build/robot_bringup -- -j16 -l16
[0.345s] Invoked command in '/root/Dojo/build/robot_bringup' returned '0': AMENT_PREFIX_PATH=/root/Dojo/install/robot_navigation:/root/Dojo/install/robot_hardware:/root/Dojo/install/robot_description:/root/Dojo/install/robot_control:${AMENT_PREFIX_PATH} CMAKE_PREFIX_PATH=/root/Dojo/install/robot_navigation:/root/Dojo/install/robot_perception:/root/Dojo/install/robot_description:/root/Dojo/install/robot_control:/opt/ros/humble PYTHONPATH=/root/Dojo/build/robot_hardware:/root/Dojo/install/robot_hardware/lib/python3.10/site-packages:${PYTHONPATH} /usr/bin/cmake --build /root/Dojo/build/robot_bringup -- -j16 -l16
[0.346s] Invoking command in '/root/Dojo/build/robot_bringup': AMENT_PREFIX_PATH=/root/Dojo/install/robot_navigation:/root/Dojo/install/robot_hardware:/root/Dojo/install/robot_description:/root/Dojo/install/robot_control:${AMENT_PREFIX_PATH} CMAKE_PREFIX_PATH=/root/Dojo/install/robot_navigation:/root/Dojo/install/robot_perception:/root/Dojo/install/robot_description:/root/Dojo/install/robot_control:/opt/ros/humble PYTHONPATH=/root/Dojo/build/robot_hardware:/root/Dojo/install/robot_hardware/lib/python3.10/site-packages:${PYTHONPATH} /usr/bin/cmake --install /root/Dojo/build/robot_bringup
[0.353s] -- Install configuration: "Release"
[0.353s] -- Execute custom install script
[0.353s] -- Up-to-date symlink: /root/Dojo/install/robot_bringup/share/robot_bringup/launch/bringup.launch.py
[0.354s] -- Up-to-date symlink: /root/Dojo/install/robot_bringup/share/robot_bringup/launch/bringup.launch.py.backup
[0.354s] -- Up-to-date symlink: /root/Dojo/install/robot_bringup/share/robot_bringup/launch/rviz.launch.py
[0.354s] -- Up-to-date symlink: /root/Dojo/install/robot_bringup/share/ament_index/resource_index/package_run_dependencies/robot_bringup
[0.354s] -- Up-to-date symlink: /root/Dojo/install/robot_bringup/share/ament_index/resource_index/parent_prefix_path/robot_bringup
[0.354s] -- Up-to-date symlink: /root/Dojo/install/robot_bringup/share/robot_bringup/environment/ament_prefix_path.sh
[0.354s] -- Up-to-date symlink: /root/Dojo/install/robot_bringup/share/robot_bringup/environment/ament_prefix_path.dsv
[0.355s] -- Up-to-date symlink: /root/Dojo/install/robot_bringup/share/robot_bringup/environment/path.sh
[0.355s] -- Up-to-date symlink: /root/Dojo/install/robot_bringup/share/robot_bringup/environment/path.dsv
[0.355s] -- Up-to-date symlink: /root/Dojo/install/robot_bringup/share/robot_bringup/local_setup.bash
[0.355s] -- Up-to-date symlink: /root/Dojo/install/robot_bringup/share/robot_bringup/local_setup.sh
[0.355s] -- Up-to-date symlink: /root/Dojo/install/robot_bringup/share/robot_bringup/local_setup.zsh
[0.355s] -- Up-to-date symlink: /root/Dojo/install/robot_bringup/share/robot_bringup/local_setup.dsv
[0.355s] -- Symlinking: /root/Dojo/install/robot_bringup/share/robot_bringup/package.dsv
[0.366s] -- Up-to-date symlink: /root/Dojo/install/robot_bringup/share/ament_index/resource_index/packages/robot_bringup
[0.366s] -- Up-to-date symlink: /root/Dojo/install/robot_bringup/share/robot_bringup/cmake/robot_bringupConfig.cmake
[0.366s] -- Up-to-date symlink: /root/Dojo/install/robot_bringup/share/robot_bringup/cmake/robot_bringupConfig-version.cmake
[0.366s] -- Up-to-date symlink: /root/Dojo/install/robot_bringup/share/robot_bringup/package.xml
[0.368s] Invoked command in '/root/Dojo/build/robot_bringup' returned '0': AMENT_PREFIX_PATH=/root/Dojo/install/robot_navigation:/root/Dojo/install/robot_hardware:/root/Dojo/install/robot_description:/root/Dojo/install/robot_control:${AMENT_PREFIX_PATH} CMAKE_PREFIX_PATH=/root/Dojo/install/robot_navigation:/root/Dojo/install/robot_perception:/root/Dojo/install/robot_description:/root/Dojo/install/robot_control:/opt/ros/humble PYTHONPATH=/root/Dojo/build/robot_hardware:/root/Dojo/install/robot_hardware/lib/python3.10/site-packages:${PYTHONPATH} /usr/bin/cmake --install /root/Dojo/build/robot_bringup
