[3.433s] Invoking command in '/root/Dojo/build/nv21_converter_pkg': PYTHONPATH=/root/Dojo/build/nv21_converter_pkg/prefix_override:/usr/lib/python3/dist-packages/colcon_core/task/python/colcon_distutils_commands:/root/Dojo/install/nv21_converter_pkg/lib/python3.10/site-packages:${PYTHONPATH} /usr/bin/python3 -W ignore:setup.py install is deprecated -W ignore:easy_install command is deprecated setup.py develop --editable --build-directory /root/Dojo/build/nv21_converter_pkg/build --no-deps symlink_data
[3.923s] running develop
[4.257s] running egg_info
[4.258s] creating nv21_converter_pkg.egg-info
[4.280s] writing nv21_converter_pkg.egg-info/PKG-INFO
[4.281s] writing dependency_links to nv21_converter_pkg.egg-info/dependency_links.txt
[4.281s] writing entry points to nv21_converter_pkg.egg-info/entry_points.txt
[4.282s] writing requirements to nv21_converter_pkg.egg-info/requires.txt
[4.282s] writing top-level names to nv21_converter_pkg.egg-info/top_level.txt
[4.282s] writing manifest file 'nv21_converter_pkg.egg-info/SOURCES.txt'
[4.341s] reading manifest file 'nv21_converter_pkg.egg-info/SOURCES.txt'
[4.342s] writing manifest file 'nv21_converter_pkg.egg-info/SOURCES.txt'
[4.371s] running build_ext
[4.371s] Creating /root/Dojo/install/nv21_converter_pkg/lib/python3.10/site-packages/nv21-converter-pkg.egg-link (link to .)
[4.371s] Installing nv21_converter script to /root/Dojo/install/nv21_converter_pkg/lib/nv21_converter_pkg
[4.380s] 
[4.381s] Installed /root/Dojo/build/nv21_converter_pkg
[4.382s] running symlink_data
[4.382s] creating /root/Dojo/install/nv21_converter_pkg/share/ament_index
[4.382s] creating /root/Dojo/install/nv21_converter_pkg/share/ament_index/resource_index
[4.383s] creating /root/Dojo/install/nv21_converter_pkg/share/ament_index/resource_index/packages
[4.383s] symbolically linking /root/Dojo/build/nv21_converter_pkg/resource/nv21_converter_pkg -> /root/Dojo/install/nv21_converter_pkg/share/ament_index/resource_index/packages
[4.387s] symbolically linking /root/Dojo/build/nv21_converter_pkg/package.xml -> /root/Dojo/install/nv21_converter_pkg/share/nv21_converter_pkg
[4.523s] Invoked command in '/root/Dojo/build/nv21_converter_pkg' returned '0': PYTHONPATH=/root/Dojo/build/nv21_converter_pkg/prefix_override:/usr/lib/python3/dist-packages/colcon_core/task/python/colcon_distutils_commands:/root/Dojo/install/nv21_converter_pkg/lib/python3.10/site-packages:${PYTHONPATH} /usr/bin/python3 -W ignore:setup.py install is deprecated -W ignore:easy_install command is deprecated setup.py develop --editable --build-directory /root/Dojo/build/nv21_converter_pkg/build --no-deps symlink_data
