[3.294s] Invoking command in '/home/annette-robosync/new_ws/src/new_package': PYTHONPATH=/home/annette-robosync/new_ws/build/new_package/prefix_override:/usr/lib/python3/dist-packages/colcon_core/task/python/colcon_distutils_commands:/home/annette-robosync/new_ws/install/new_package/lib/python3.10/site-packages:${PYTHONPATH} /usr/bin/python3 -W ignore:setup.py install is deprecated -W ignore:easy_install command is deprecated setup.py egg_info --egg-base ../../build/new_package build --build-base /home/annette-robosync/new_ws/build/new_package/build install --record /home/annette-robosync/new_ws/build/new_package/install.log --single-version-externally-managed install_data
[4.718s] running egg_info
[4.720s] writing ../../build/new_package/new_package.egg-info/PKG-INFO
[4.723s] writing dependency_links to ../../build/new_package/new_package.egg-info/dependency_links.txt
[4.729s] writing entry points to ../../build/new_package/new_package.egg-info/entry_points.txt
[4.730s] writing requirements to ../../build/new_package/new_package.egg-info/requires.txt
[4.730s] writing top-level names to ../../build/new_package/new_package.egg-info/top_level.txt
[4.738s] reading manifest file '../../build/new_package/new_package.egg-info/SOURCES.txt'
[4.742s] writing manifest file '../../build/new_package/new_package.egg-info/SOURCES.txt'
[4.744s] running build
[4.744s] running build_py
[4.745s] running install
[4.746s] running install_lib
[4.753s] running install_data
[4.754s] running install_egg_info
[4.761s] removing '/home/annette-robosync/new_ws/install/new_package/lib/python3.10/site-packages/new_package-0.0.0-py3.10.egg-info' (and everything under it)
[4.766s] Copying ../../build/new_package/new_package.egg-info to /home/annette-robosync/new_ws/install/new_package/lib/python3.10/site-packages/new_package-0.0.0-py3.10.egg-info
[4.773s] running install_scripts
[4.883s] writing list of installed files to '/home/annette-robosync/new_ws/build/new_package/install.log'
[5.016s] Invoked command in '/home/annette-robosync/new_ws/src/new_package' returned '0': PYTHONPATH=/home/annette-robosync/new_ws/build/new_package/prefix_override:/usr/lib/python3/dist-packages/colcon_core/task/python/colcon_distutils_commands:/home/annette-robosync/new_ws/install/new_package/lib/python3.10/site-packages:${PYTHONPATH} /usr/bin/python3 -W ignore:setup.py install is deprecated -W ignore:easy_install command is deprecated setup.py egg_info --egg-base ../../build/new_package build --build-base /home/annette-robosync/new_ws/build/new_package/build install --record /home/annette-robosync/new_ws/build/new_package/install.log --single-version-externally-managed install_data
