[0.406s] DEBUG:colcon:Command line arguments: ['/usr/bin/colcon', 'build']
[0.406s] DEBUG:colcon:Parsed command line arguments: Namespace(log_base=None, log_level=None, verb_name='build', build_base='build', install_base='install', merge_install=False, symlink_install=False, test_result_base=None, continue_on_error=False, executor='parallel', parallel_workers=4, event_handlers=None, ignore_user_meta=False, metas=['./colcon.meta'], base_paths=['.'], packages_ignore=None, packages_ignore_regex=None, paths=None, packages_up_to=None, packages_up_to_regex=None, packages_above=None, packages_above_and_dependencies=None, packages_above_depth=None, packages_select_by_dep=None, packages_skip_by_dep=None, packages_skip_up_to=None, packages_select_build_failed=False, packages_skip_build_finished=False, packages_select_test_failures=False, packages_skip_test_passed=False, packages_select=None, packages_skip=None, packages_select_regex=None, packages_skip_regex=None, packages_start=None, packages_end=None, allow_overriding=[], cmake_args=None, cmake_target=None, cmake_target_skip_unavailable=False, cmake_clean_cache=False, cmake_clean_first=False, cmake_force_configure=False, ament_cmake_args=None, catkin_cmake_args=None, catkin_skip_building_tests=False, mixin_files=None, mixin=None, verb_parser=<colcon_mixin.mixin.mixin_argument.MixinArgumentDecorator object at 0x7007def45f00>, verb_extension=<colcon_core.verb.build.BuildVerb object at 0x7007df0bea10>, main=<bound method BuildVerb.main of <colcon_core.verb.build.BuildVerb object at 0x7007df0bea10>>, mixin_verb=('build',))
[0.889s] Level 1:colcon.colcon_core.package_discovery:discover_packages(colcon_meta) check parameters
[0.889s] Level 1:colcon.colcon_core.package_discovery:discover_packages(recursive) check parameters
[0.889s] Level 1:colcon.colcon_core.package_discovery:discover_packages(ignore) check parameters
[0.889s] Level 1:colcon.colcon_core.package_discovery:discover_packages(path) check parameters
[0.889s] Level 1:colcon.colcon_core.package_discovery:discover_packages(colcon_meta) discover
[0.890s] Level 1:colcon.colcon_core.package_discovery:discover_packages(recursive) discover
[0.890s] INFO:colcon.colcon_core.package_discovery:Crawling recursively for packages in '/home/annette-robosync/new_ws'
[0.890s] Level 1:colcon.colcon_core.package_identification:_identify(.) by extensions ['ignore', 'ignore_ament_install']
[0.890s] Level 1:colcon.colcon_core.package_identification:_identify(.) by extension 'ignore'
[0.891s] Level 1:colcon.colcon_core.package_identification:_identify(.) by extension 'ignore_ament_install'
[0.891s] Level 1:colcon.colcon_core.package_identification:_identify(.) by extensions ['colcon_pkg']
[0.891s] Level 1:colcon.colcon_core.package_identification:_identify(.) by extension 'colcon_pkg'
[0.891s] Level 1:colcon.colcon_core.package_identification:_identify(.) by extensions ['colcon_meta']
[0.891s] Level 1:colcon.colcon_core.package_identification:_identify(.) by extension 'colcon_meta'
[0.891s] Level 1:colcon.colcon_core.package_identification:_identify(.) by extensions ['ros']
[0.891s] Level 1:colcon.colcon_core.package_identification:_identify(.) by extension 'ros'
[0.924s] Level 1:colcon.colcon_core.package_identification:_identify(.) by extensions ['cmake', 'python']
[0.925s] Level 1:colcon.colcon_core.package_identification:_identify(.) by extension 'cmake'
[0.925s] Level 1:colcon.colcon_core.package_identification:_identify(.) by extension 'python'
[0.925s] Level 1:colcon.colcon_core.package_identification:_identify(.) by extensions ['python_setup_py']
[0.925s] Level 1:colcon.colcon_core.package_identification:_identify(.) by extension 'python_setup_py'
[0.925s] Level 1:colcon.colcon_core.package_identification:_identify(build) by extensions ['ignore', 'ignore_ament_install']
[0.926s] Level 1:colcon.colcon_core.package_identification:_identify(build) by extension 'ignore'
[0.926s] Level 1:colcon.colcon_core.package_identification:_identify(build) ignored
[0.926s] Level 1:colcon.colcon_core.package_identification:_identify(install) by extensions ['ignore', 'ignore_ament_install']
[0.927s] Level 1:colcon.colcon_core.package_identification:_identify(install) by extension 'ignore'
[0.927s] Level 1:colcon.colcon_core.package_identification:_identify(install) ignored
[0.927s] Level 1:colcon.colcon_core.package_identification:_identify(log) by extensions ['ignore', 'ignore_ament_install']
[0.927s] Level 1:colcon.colcon_core.package_identification:_identify(log) by extension 'ignore'
[0.928s] Level 1:colcon.colcon_core.package_identification:_identify(log) ignored
[0.928s] Level 1:colcon.colcon_core.package_identification:_identify(src) by extensions ['ignore', 'ignore_ament_install']
[0.928s] Level 1:colcon.colcon_core.package_identification:_identify(src) by extension 'ignore'
[0.928s] Level 1:colcon.colcon_core.package_identification:_identify(src) by extension 'ignore_ament_install'
[0.928s] Level 1:colcon.colcon_core.package_identification:_identify(src) by extensions ['colcon_pkg']
[0.928s] Level 1:colcon.colcon_core.package_identification:_identify(src) by extension 'colcon_pkg'
[0.929s] Level 1:colcon.colcon_core.package_identification:_identify(src) by extensions ['colcon_meta']
[0.929s] Level 1:colcon.colcon_core.package_identification:_identify(src) by extension 'colcon_meta'
[0.929s] Level 1:colcon.colcon_core.package_identification:_identify(src) by extensions ['ros']
[0.929s] Level 1:colcon.colcon_core.package_identification:_identify(src) by extension 'ros'
[0.929s] Level 1:colcon.colcon_core.package_identification:_identify(src) by extensions ['cmake', 'python']
[0.929s] Level 1:colcon.colcon_core.package_identification:_identify(src) by extension 'cmake'
[0.929s] Level 1:colcon.colcon_core.package_identification:_identify(src) by extension 'python'
[0.929s] Level 1:colcon.colcon_core.package_identification:_identify(src) by extensions ['python_setup_py']
[0.929s] Level 1:colcon.colcon_core.package_identification:_identify(src) by extension 'python_setup_py'
[0.930s] Level 1:colcon.colcon_core.package_identification:_identify(src/new_package) by extensions ['ignore', 'ignore_ament_install']
[0.930s] Level 1:colcon.colcon_core.package_identification:_identify(src/new_package) by extension 'ignore'
[0.930s] Level 1:colcon.colcon_core.package_identification:_identify(src/new_package) by extension 'ignore_ament_install'
[0.930s] Level 1:colcon.colcon_core.package_identification:_identify(src/new_package) by extensions ['colcon_pkg']
[0.930s] Level 1:colcon.colcon_core.package_identification:_identify(src/new_package) by extension 'colcon_pkg'
[0.930s] Level 1:colcon.colcon_core.package_identification:_identify(src/new_package) by extensions ['colcon_meta']
[0.930s] Level 1:colcon.colcon_core.package_identification:_identify(src/new_package) by extension 'colcon_meta'
[0.931s] Level 1:colcon.colcon_core.package_identification:_identify(src/new_package) by extensions ['ros']
[0.931s] Level 1:colcon.colcon_core.package_identification:_identify(src/new_package) by extension 'ros'
[0.938s] DEBUG:colcon.colcon_core.package_identification:Package 'src/new_package' with type 'ros.ament_cmake' and name 'new_package'
[0.938s] Level 1:colcon.colcon_core.package_discovery:discover_packages(recursive) using defaults
[0.938s] Level 1:colcon.colcon_core.package_discovery:discover_packages(ignore) discover
[0.938s] Level 1:colcon.colcon_core.package_discovery:discover_packages(ignore) using defaults
[0.938s] Level 1:colcon.colcon_core.package_discovery:discover_packages(path) discover
[0.938s] Level 1:colcon.colcon_core.package_discovery:discover_packages(path) using defaults
[1.012s] Level 1:colcon.colcon_core.package_discovery:discover_packages(prefix_path) check parameters
[1.012s] Level 1:colcon.colcon_core.package_discovery:discover_packages(prefix_path) discover
[1.016s] DEBUG:colcon.colcon_installed_package_information.package_discovery:Found 1 installed packages in /home/annette-robosync/new_ws/install
[1.017s] DEBUG:colcon.colcon_installed_package_information.package_discovery:Found 1 installed packages in /home/annette-robosync/polo/install
[1.021s] DEBUG:colcon.colcon_installed_package_information.package_discovery:Found 340 installed packages in /opt/ros/humble
[1.025s] Level 1:colcon.colcon_core.package_discovery:discover_packages(prefix_path) using defaults
[1.166s] Level 5:colcon.colcon_core.verb:set package 'new_package' build argument 'cmake_args' from command line to 'None'
[1.166s] Level 5:colcon.colcon_core.verb:set package 'new_package' build argument 'cmake_target' from command line to 'None'
[1.166s] Level 5:colcon.colcon_core.verb:set package 'new_package' build argument 'cmake_target_skip_unavailable' from command line to 'False'
[1.166s] Level 5:colcon.colcon_core.verb:set package 'new_package' build argument 'cmake_clean_cache' from command line to 'False'
[1.166s] Level 5:colcon.colcon_core.verb:set package 'new_package' build argument 'cmake_clean_first' from command line to 'False'
[1.166s] Level 5:colcon.colcon_core.verb:set package 'new_package' build argument 'cmake_force_configure' from command line to 'False'
[1.166s] Level 5:colcon.colcon_core.verb:set package 'new_package' build argument 'ament_cmake_args' from command line to 'None'
[1.166s] Level 5:colcon.colcon_core.verb:set package 'new_package' build argument 'catkin_cmake_args' from command line to 'None'
[1.167s] Level 5:colcon.colcon_core.verb:set package 'new_package' build argument 'catkin_skip_building_tests' from command line to 'False'
[1.167s] DEBUG:colcon.colcon_core.verb:Building package 'new_package' with the following arguments: {'ament_cmake_args': None, 'build_base': '/home/annette-robosync/new_ws/build/new_package', 'catkin_cmake_args': None, 'catkin_skip_building_tests': False, 'cmake_args': None, 'cmake_clean_cache': False, 'cmake_clean_first': False, 'cmake_force_configure': False, 'cmake_target': None, 'cmake_target_skip_unavailable': False, 'install_base': '/home/annette-robosync/new_ws/install/new_package', 'merge_install': False, 'path': '/home/annette-robosync/new_ws/src/new_package', 'symlink_install': False, 'test_result_base': None}
[1.167s] INFO:colcon.colcon_core.executor:Executing jobs using 'parallel' executor
[1.170s] DEBUG:colcon.colcon_parallel_executor.executor.parallel:run_until_complete
[1.172s] INFO:colcon.colcon_ros.task.ament_cmake.build:Building ROS package in '/home/annette-robosync/new_ws/src/new_package' with build type 'ament_cmake'
[1.173s] INFO:colcon.colcon_cmake.task.cmake.build:Building CMake package in '/home/annette-robosync/new_ws/src/new_package'
[1.193s] INFO:colcon.colcon_core.plugin_system:Skipping extension 'colcon_core.shell.bat': Not used on non-Windows systems
[1.193s] INFO:colcon.colcon_core.shell:Skip shell extension 'powershell' for command environment: Not usable outside of PowerShell
[1.193s] DEBUG:colcon.colcon_core.shell:Skip shell extension 'dsv' for command environment
[1.237s] DEBUG:colcon.colcon_core.event_handler.log_command:Invoking command in '/home/annette-robosync/new_ws/build/new_package': CMAKE_PREFIX_PATH=${CMAKE_PREFIX_PATH}:/opt/ros/humble /usr/bin/cmake --build /home/annette-robosync/new_ws/build/new_package -- -j4 -l4
[13.950s] DEBUG:colcon.colcon_core.event_handler.log_command:Invoked command in '/home/annette-robosync/new_ws/build/new_package' returned '2': CMAKE_PREFIX_PATH=${CMAKE_PREFIX_PATH}:/opt/ros/humble /usr/bin/cmake --build /home/annette-robosync/new_ws/build/new_package -- -j4 -l4
[13.955s] Level 1:colcon.colcon_core.environment:create_environment_scripts_only(new_package)
[13.976s] Level 1:colcon.colcon_core.environment:checking '/home/annette-robosync/new_ws/install/new_package' for CMake module files
[13.978s] Level 1:colcon.colcon_core.environment:checking '/home/annette-robosync/new_ws/install/new_package' for CMake config files
[13.982s] Level 1:colcon.colcon_core.shell:create_environment_hook('new_package', 'cmake_prefix_path')
[13.985s] INFO:colcon.colcon_core.shell:Creating environment hook '/home/annette-robosync/new_ws/install/new_package/share/new_package/hook/cmake_prefix_path.ps1'
[13.989s] INFO:colcon.colcon_core.shell:Creating environment descriptor '/home/annette-robosync/new_ws/install/new_package/share/new_package/hook/cmake_prefix_path.dsv'
[13.990s] INFO:colcon.colcon_core.shell:Creating environment hook '/home/annette-robosync/new_ws/install/new_package/share/new_package/hook/cmake_prefix_path.sh'
[13.993s] Level 1:colcon.colcon_core.environment:checking '/home/annette-robosync/new_ws/install/new_package/lib'
[13.994s] Level 1:colcon.colcon_core.environment:checking '/home/annette-robosync/new_ws/install/new_package/bin'
[13.994s] Level 1:colcon.colcon_core.environment:checking '/home/annette-robosync/new_ws/install/new_package/lib/pkgconfig/new_package.pc'
[13.995s] Level 1:colcon.colcon_core.environment:checking '/home/annette-robosync/new_ws/install/new_package/lib/python3.10/site-packages'
[13.995s] Level 1:colcon.colcon_core.shell:create_environment_hook('new_package', 'pythonpath')
[13.996s] INFO:colcon.colcon_core.shell:Creating environment hook '/home/annette-robosync/new_ws/install/new_package/share/new_package/hook/pythonpath.ps1'
[13.997s] INFO:colcon.colcon_core.shell:Creating environment descriptor '/home/annette-robosync/new_ws/install/new_package/share/new_package/hook/pythonpath.dsv'
[13.998s] INFO:colcon.colcon_core.shell:Creating environment hook '/home/annette-robosync/new_ws/install/new_package/share/new_package/hook/pythonpath.sh'
[13.999s] Level 1:colcon.colcon_core.environment:checking '/home/annette-robosync/new_ws/install/new_package/bin'
[14.000s] INFO:colcon.colcon_core.shell:Creating package script '/home/annette-robosync/new_ws/install/new_package/share/new_package/package.ps1'
[14.003s] INFO:colcon.colcon_core.shell:Creating package descriptor '/home/annette-robosync/new_ws/install/new_package/share/new_package/package.dsv'
[14.006s] INFO:colcon.colcon_core.shell:Creating package script '/home/annette-robosync/new_ws/install/new_package/share/new_package/package.sh'
[14.010s] INFO:colcon.colcon_core.shell:Creating package script '/home/annette-robosync/new_ws/install/new_package/share/new_package/package.bash'
[14.014s] INFO:colcon.colcon_core.shell:Creating package script '/home/annette-robosync/new_ws/install/new_package/share/new_package/package.zsh'
[14.018s] Level 1:colcon.colcon_core.environment:create_file_with_runtime_dependencies(/home/annette-robosync/new_ws/install/new_package/share/colcon-core/packages/new_package)
[14.030s] DEBUG:colcon.colcon_parallel_executor.executor.parallel:closing loop
[14.031s] DEBUG:colcon.colcon_parallel_executor.executor.parallel:loop closed
[14.031s] DEBUG:colcon.colcon_parallel_executor.executor.parallel:run_until_complete finished with '2'
[14.031s] DEBUG:colcon.colcon_core.event_reactor:joining thread
[14.120s] INFO:colcon.colcon_core.plugin_system:Skipping extension 'colcon_notification.desktop_notification.notify_send': Could not find 'notify-send'
[14.121s] INFO:colcon.colcon_core.plugin_system:Skipping extension 'colcon_notification.desktop_notification.terminal_notifier': Not used on non-Darwin systems
[14.121s] INFO:colcon.colcon_core.plugin_system:Skipping extension 'colcon_notification.desktop_notification.win32': Not used on non-Windows systems
[14.121s] INFO:colcon.colcon_notification.desktop_notification:Sending desktop notification using 'notify2'
[14.122s] DEBUG:colcon.colcon_notification.desktop_notification.notify2:Failed to initialize notify2: org.freedesktop.DBus.Error.FileNotFound: Failed to connect to socket /run/user/1000/bus: No such file or directory
[14.122s] DEBUG:colcon.colcon_core.event_reactor:joined thread
[14.123s] INFO:colcon.colcon_core.shell:Creating prefix script '/home/annette-robosync/new_ws/install/local_setup.ps1'
[14.127s] INFO:colcon.colcon_core.shell:Creating prefix util module '/home/annette-robosync/new_ws/install/_local_setup_util_ps1.py'
[14.132s] INFO:colcon.colcon_core.shell:Creating prefix chain script '/home/annette-robosync/new_ws/install/setup.ps1'
[14.135s] INFO:colcon.colcon_core.shell:Creating prefix script '/home/annette-robosync/new_ws/install/local_setup.sh'
[14.138s] INFO:colcon.colcon_core.shell:Creating prefix util module '/home/annette-robosync/new_ws/install/_local_setup_util_sh.py'
[14.140s] INFO:colcon.colcon_core.shell:Creating prefix chain script '/home/annette-robosync/new_ws/install/setup.sh'
[14.145s] INFO:colcon.colcon_core.shell:Creating prefix script '/home/annette-robosync/new_ws/install/local_setup.bash'
[14.148s] INFO:colcon.colcon_core.shell:Creating prefix chain script '/home/annette-robosync/new_ws/install/setup.bash'
[14.152s] INFO:colcon.colcon_core.shell:Creating prefix script '/home/annette-robosync/new_ws/install/local_setup.zsh'
[14.154s] INFO:colcon.colcon_core.shell:Creating prefix chain script '/home/annette-robosync/new_ws/install/setup.zsh'
