[3.007s] Invoking command in '/root/Dojo/Dojo/build/arduino_bridge': PYTHONPATH=/root/Dojo/Dojo/build/arduino_bridge/prefix_override:/usr/lib/python3/dist-packages/colcon_core/task/python/colcon_distutils_commands:/root/Dojo/Dojo/install/arduino_bridge/lib/python3.10/site-packages:${PYTHONPATH} /usr/bin/python3 -W ignore:setup.py install is deprecated -W ignore:easy_install command is deprecated setup.py develop --editable --build-directory /root/Dojo/Dojo/build/arduino_bridge/build --no-deps symlink_data
[3.446s] running develop
[3.772s] running egg_info
[3.772s] creating arduino_bridge.egg-info
[3.789s] writing arduino_bridge.egg-info/PKG-INFO
[3.789s] writing dependency_links to arduino_bridge.egg-info/dependency_links.txt
[3.790s] writing entry points to arduino_bridge.egg-info/entry_points.txt
[3.790s] writing requirements to arduino_bridge.egg-info/requires.txt
[3.790s] writing top-level names to arduino_bridge.egg-info/top_level.txt
[3.790s] writing manifest file 'arduino_bridge.egg-info/SOURCES.txt'
[3.826s] reading manifest file 'arduino_bridge.egg-info/SOURCES.txt'
[3.827s] writing manifest file 'arduino_bridge.egg-info/SOURCES.txt'
[3.847s] running build_ext
[3.848s] Creating /root/Dojo/Dojo/install/arduino_bridge/lib/python3.10/site-packages/arduino-bridge.egg-link (link to .)
[3.850s] Installing arduino_bridge_node script to /root/Dojo/Dojo/install/arduino_bridge/lib/arduino_bridge
[3.850s] Installing test_arduino_bridge script to /root/Dojo/Dojo/install/arduino_bridge/lib/arduino_bridge
[3.850s] 
[3.851s] Installed /root/Dojo/Dojo/build/arduino_bridge
[3.851s] running symlink_data
[3.851s] creating /root/Dojo/Dojo/install/arduino_bridge/share/ament_index
[3.852s] creating /root/Dojo/Dojo/install/arduino_bridge/share/ament_index/resource_index
[3.852s] creating /root/Dojo/Dojo/install/arduino_bridge/share/ament_index/resource_index/packages
[3.852s] symbolically linking /root/Dojo/Dojo/build/arduino_bridge/resource/arduino_bridge -> /root/Dojo/Dojo/install/arduino_bridge/share/ament_index/resource_index/packages
[3.852s] symbolically linking /root/Dojo/Dojo/build/arduino_bridge/package.xml -> /root/Dojo/Dojo/install/arduino_bridge/share/arduino_bridge
[3.852s] creating /root/Dojo/Dojo/install/arduino_bridge/share/arduino_bridge/launch
[3.853s] symbolically linking /root/Dojo/Dojo/build/arduino_bridge/launch/arduino_bridge.launch.py -> /root/Dojo/Dojo/install/arduino_bridge/share/arduino_bridge/launch
[3.853s] symbolically linking /root/Dojo/Dojo/build/arduino_bridge/launch/test_arduino.launch.py -> /root/Dojo/Dojo/install/arduino_bridge/share/arduino_bridge/launch
[3.853s] creating /root/Dojo/Dojo/install/arduino_bridge/share/arduino_bridge/config
[3.853s] symbolically linking /root/Dojo/Dojo/build/arduino_bridge/config/arduino_bridge_params.yaml -> /root/Dojo/Dojo/install/arduino_bridge/share/arduino_bridge/config
[3.960s] Invoked command in '/root/Dojo/Dojo/build/arduino_bridge' returned '0': PYTHONPATH=/root/Dojo/Dojo/build/arduino_bridge/prefix_override:/usr/lib/python3/dist-packages/colcon_core/task/python/colcon_distutils_commands:/root/Dojo/Dojo/install/arduino_bridge/lib/python3.10/site-packages:${PYTHONPATH} /usr/bin/python3 -W ignore:setup.py install is deprecated -W ignore:easy_install command is deprecated setup.py develop --editable --build-directory /root/Dojo/Dojo/build/arduino_bridge/build --no-deps symlink_data
