-- The C compiler identification is GNU 11.4.0
-- The CXX compiler identification is GNU 11.4.0
-- Detecting C compiler ABI info
-- Detecting C compiler ABI info - done
-- Check for working C compiler: /usr/bin/cc - skipped
-- Detecting C compile features
-- Detecting C compile features - done
-- Detecting CXX compiler ABI info
-- Detecting CXX compiler ABI info - done
-- Check for working CXX compiler: /usr/bin/c++ - skipped
-- Detecting CXX compile features
-- Detecting CXX compile features - done
-- Found ament_cmake: 1.3.12 (/opt/ros/humble/share/ament_cmake/cmake)
-- Found Python3: /usr/bin/python3 (found version "3.10.12") found components: Interpreter 
-- Configuring done
-- Generating done
-- Build files have been written to: /root/Dojo/build/robot_perception
Built target ament_cmake_python_copy_robot_perception_setup
Built target ament_cmake_python_copy_robot_perception
running egg_info
creating robot_perception.egg-info
writing robot_perception.egg-info/PKG-INFO
writing dependency_links to robot_perception.egg-info/dependency_links.txt
writing top-level names to robot_perception.egg-info/top_level.txt
writing manifest file 'robot_perception.egg-info/SOURCES.txt'
reading manifest file 'robot_perception.egg-info/SOURCES.txt'
writing manifest file 'robot_perception.egg-info/SOURCES.txt'
Built target ament_cmake_python_build_robot_perception_egg
-- Install configuration: "Release"
-- Installing: /root/Dojo/install/robot_perception/share/robot_perception/environment/pythonpath.sh
-- Installing: /root/Dojo/install/robot_perception/share/robot_perception/environment/pythonpath.dsv
-- Installing: /root/Dojo/install/robot_perception/local/lib/python3.10/dist-packages/robot_perception-0.2.0-py3.10.egg-info
-- Installing: /root/Dojo/install/robot_perception/local/lib/python3.10/dist-packages/robot_perception-0.2.0-py3.10.egg-info/SOURCES.txt
-- Installing: /root/Dojo/install/robot_perception/local/lib/python3.10/dist-packages/robot_perception-0.2.0-py3.10.egg-info/dependency_links.txt
-- Installing: /root/Dojo/install/robot_perception/local/lib/python3.10/dist-packages/robot_perception-0.2.0-py3.10.egg-info/PKG-INFO
-- Installing: /root/Dojo/install/robot_perception/local/lib/python3.10/dist-packages/robot_perception-0.2.0-py3.10.egg-info/top_level.txt
-- Installing: /root/Dojo/install/robot_perception/local/lib/python3.10/dist-packages/robot_perception
-- Installing: /root/Dojo/install/robot_perception/local/lib/python3.10/dist-packages/robot_perception/yolov8n.pt
-- Installing: /root/Dojo/install/robot_perception/local/lib/python3.10/dist-packages/robot_perception/utils
-- Installing: /root/Dojo/install/robot_perception/local/lib/python3.10/dist-packages/robot_perception/utils/common.py
-- Installing: /root/Dojo/install/robot_perception/local/lib/python3.10/dist-packages/robot_perception/utils/__init__.py
-- Installing: /root/Dojo/install/robot_perception/local/lib/python3.10/dist-packages/robot_perception/utils/config.py
-- Installing: /root/Dojo/install/robot_perception/local/lib/python3.10/dist-packages/robot_perception/nodes
-- Installing: /root/Dojo/install/robot_perception/local/lib/python3.10/dist-packages/robot_perception/nodes/object_detector.py
-- Installing: /root/Dojo/install/robot_perception/local/lib/python3.10/dist-packages/robot_perception/nodes/perception_integrator.py
-- Installing: /root/Dojo/install/robot_perception/local/lib/python3.10/dist-packages/robot_perception/nodes/lidar_processor.py
-- Installing: /root/Dojo/install/robot_perception/local/lib/python3.10/dist-packages/robot_perception/nodes/camera_processor.py
-- Installing: /root/Dojo/install/robot_perception/local/lib/python3.10/dist-packages/robot_perception/nodes/__init__.py
-- Installing: /root/Dojo/install/robot_perception/local/lib/python3.10/dist-packages/robot_perception/__init__.py
Listing '/root/Dojo/install/robot_perception/local/lib/python3.10/dist-packages/robot_perception'...
Compiling '/root/Dojo/install/robot_perception/local/lib/python3.10/dist-packages/robot_perception/__init__.py'...
Listing '/root/Dojo/install/robot_perception/local/lib/python3.10/dist-packages/robot_perception/nodes'...
Compiling '/root/Dojo/install/robot_perception/local/lib/python3.10/dist-packages/robot_perception/nodes/__init__.py'...
Compiling '/root/Dojo/install/robot_perception/local/lib/python3.10/dist-packages/robot_perception/nodes/camera_processor.py'...
Compiling '/root/Dojo/install/robot_perception/local/lib/python3.10/dist-packages/robot_perception/nodes/lidar_processor.py'...
Compiling '/root/Dojo/install/robot_perception/local/lib/python3.10/dist-packages/robot_perception/nodes/object_detector.py'...
Compiling '/root/Dojo/install/robot_perception/local/lib/python3.10/dist-packages/robot_perception/nodes/perception_integrator.py'...
Listing '/root/Dojo/install/robot_perception/local/lib/python3.10/dist-packages/robot_perception/utils'...
Compiling '/root/Dojo/install/robot_perception/local/lib/python3.10/dist-packages/robot_perception/utils/__init__.py'...
Compiling '/root/Dojo/install/robot_perception/local/lib/python3.10/dist-packages/robot_perception/utils/common.py'...
Compiling '/root/Dojo/install/robot_perception/local/lib/python3.10/dist-packages/robot_perception/utils/config.py'...
-- Installing: /root/Dojo/install/robot_perception/share/robot_perception/launch
-- Installing: /root/Dojo/install/robot_perception/share/robot_perception/launch/robot_perception.launch.py
-- Installing: /root/Dojo/install/robot_perception/share/robot_perception/launch/perception.launch.py
-- Installing: /root/Dojo/install/robot_perception/share/robot_perception/launch/perception_integration.launch.py
-- Installing: /root/Dojo/install/robot_perception/share/robot_perception/launch/object_detector.launch.py
-- Installing: /root/Dojo/install/robot_perception/share/robot_perception/launch/perception_system.launch.py
-- Installing: /root/Dojo/install/robot_perception/share/robot_perception/config
-- Installing: /root/Dojo/install/robot_perception/share/robot_perception/config/robot_perception_params.yaml
-- Installing: /root/Dojo/install/robot_perception/share/robot_perception/config/perception_params.yaml
-- Installing: /root/Dojo/install/robot_perception/share/robot_perception/rviz
-- Installing: /root/Dojo/install/robot_perception/share/robot_perception/rviz/object_detection.rviz
-- Installing: /root/Dojo/install/robot_perception/share/robot_perception/rviz/perception_integration.rviz
-- Installing: /root/Dojo/install/robot_perception/share/robot_perception/resource
-- Installing: /root/Dojo/install/robot_perception/share/robot_perception/resource/robot_perception
-- Installing: /root/Dojo/install/robot_perception/share/robot_perception/CMakeLists.txt
-- Installing: /root/Dojo/install/robot_perception/share/robot_perception/package.xml
-- Installing: /root/Dojo/install/robot_perception/lib/local/lib/python3.10/dist-packages/robot_perception/setup.py
-- Installing: /root/Dojo/install/robot_perception/share/ament_index/resource_index/package_run_dependencies/robot_perception
-- Installing: /root/Dojo/install/robot_perception/share/ament_index/resource_index/parent_prefix_path/robot_perception
-- Installing: /root/Dojo/install/robot_perception/share/robot_perception/environment/ament_prefix_path.sh
-- Installing: /root/Dojo/install/robot_perception/share/robot_perception/environment/ament_prefix_path.dsv
-- Installing: /root/Dojo/install/robot_perception/share/robot_perception/environment/path.sh
-- Installing: /root/Dojo/install/robot_perception/share/robot_perception/environment/path.dsv
-- Installing: /root/Dojo/install/robot_perception/share/robot_perception/local_setup.bash
-- Installing: /root/Dojo/install/robot_perception/share/robot_perception/local_setup.sh
-- Installing: /root/Dojo/install/robot_perception/share/robot_perception/local_setup.zsh
-- Installing: /root/Dojo/install/robot_perception/share/robot_perception/local_setup.dsv
-- Installing: /root/Dojo/install/robot_perception/share/robot_perception/package.dsv
-- Installing: /root/Dojo/install/robot_perception/share/ament_index/resource_index/packages/robot_perception
-- Installing: /root/Dojo/install/robot_perception/share/robot_perception/cmake/ament_cmake_export_dependencies-extras.cmake
-- Installing: /root/Dojo/install/robot_perception/share/robot_perception/cmake/robot_perceptionConfig.cmake
-- Installing: /root/Dojo/install/robot_perception/share/robot_perception/cmake/robot_perceptionConfig-version.cmake
-- Up-to-date: /root/Dojo/install/robot_perception/share/robot_perception/package.xml
