[0.041s] Invoking command in '/home/annette-robosync/new_ws/build/new_package': /usr/bin/cmake --build /home/annette-robosync/new_ws/build/new_package -- -j4 -l4
[0.186s] Invoked command in '/home/annette-robosync/new_ws/build/new_package' returned '0': /usr/bin/cmake --build /home/annette-robosync/new_ws/build/new_package -- -j4 -l4
[0.222s] Invoking command in '/home/annette-robosync/new_ws/build/new_package': /usr/bin/cmake --install /home/annette-robosync/new_ws/build/new_package
[0.258s] -- Install configuration: ""
[0.259s] -- Up-to-date: /home/annette-robosync/new_ws/install/new_package/share/new_package/urdf
[0.259s] -- Installing: /home/annette-robosync/new_ws/install/new_package/share/new_package/urdf/zeta.urdf.xacro
[0.261s] -- Up-to-date: /home/annette-robosync/new_ws/install/new_package/share/new_package/launch
[0.261s] -- Up-to-date: /home/annette-robosync/new_ws/install/new_package/share/new_package/launch/simulate.launch.py
[0.262s] -- Up-to-date: /home/annette-robosync/new_ws/install/new_package/share/new_package/launch/robot.launch.py
[0.262s] -- Up-to-date: /home/annette-robosync/new_ws/install/new_package/share/new_package/config
[0.263s] -- Up-to-date: /home/annette-robosync/new_ws/install/new_package/share/new_package/config/zeta.rviz
[0.264s] -- Up-to-date: /home/annette-robosync/new_ws/install/new_package/share/new_package/config/diff_drive_controllers.yaml
[0.264s] -- Up-to-date: /home/annette-robosync/new_ws/install/new_package/share/new_package/meshes
[0.264s] -- Up-to-date: /home/annette-robosync/new_ws/install/new_package/share/ament_index/resource_index/package_run_dependencies/new_package
[0.264s] -- Up-to-date: /home/annette-robosync/new_ws/install/new_package/share/ament_index/resource_index/parent_prefix_path/new_package
[0.264s] -- Up-to-date: /home/annette-robosync/new_ws/install/new_package/share/new_package/environment/ament_prefix_path.sh
[0.264s] -- Up-to-date: /home/annette-robosync/new_ws/install/new_package/share/new_package/environment/ament_prefix_path.dsv
[0.275s] -- Up-to-date: /home/annette-robosync/new_ws/install/new_package/share/new_package/environment/path.sh
[0.278s] -- Up-to-date: /home/annette-robosync/new_ws/install/new_package/share/new_package/environment/path.dsv
[0.279s] -- Up-to-date: /home/annette-robosync/new_ws/install/new_package/share/new_package/local_setup.bash
[0.279s] -- Up-to-date: /home/annette-robosync/new_ws/install/new_package/share/new_package/local_setup.sh
[0.279s] -- Up-to-date: /home/annette-robosync/new_ws/install/new_package/share/new_package/local_setup.zsh
[0.279s] -- Up-to-date: /home/annette-robosync/new_ws/install/new_package/share/new_package/local_setup.dsv
[0.279s] -- Installing: /home/annette-robosync/new_ws/install/new_package/share/new_package/package.dsv
[0.280s] -- Up-to-date: /home/annette-robosync/new_ws/install/new_package/share/ament_index/resource_index/packages/new_package
[0.280s] -- Up-to-date: /home/annette-robosync/new_ws/install/new_package/share/new_package/cmake/ament_cmake_export_dependencies-extras.cmake
[0.281s] -- Up-to-date: /home/annette-robosync/new_ws/install/new_package/share/new_package/cmake/new_packageConfig.cmake
[0.281s] -- Up-to-date: /home/annette-robosync/new_ws/install/new_package/share/new_package/cmake/new_packageConfig-version.cmake
[0.281s] -- Up-to-date: /home/annette-robosync/new_ws/install/new_package/share/new_package/package.xml
[0.281s] Invoked command in '/home/annette-robosync/new_ws/build/new_package' returned '0': /usr/bin/cmake --install /home/annette-robosync/new_ws/build/new_package
