[0.050s] Invoking command in '/home/annette-robosync/new_ws/build/new_package': CMAKE_PREFIX_PATH=${CMAKE_PREFIX_PATH}:/opt/ros/humble /usr/bin/cmake --build /home/annette-robosync/new_ws/build/new_package -- -j4 -l4
[0.294s] -- Found ament_cmake: 1.3.12 (/opt/ros/humble/share/ament_cmake/cmake)
[1.132s] -- Found rclcpp: 16.0.14 (/opt/ros/humble/share/rclcpp/cmake)
[1.574s] -- Found rosidl_generator_c: 3.1.7 (/opt/ros/humble/share/rosidl_generator_c/cmake)
[1.585s] -- Found rosidl_adapter: 3.1.7 (/opt/ros/humble/share/rosidl_adapter/cmake)
[1.618s] -- Found rosidl_generator_cpp: 3.1.7 (/opt/ros/humble/share/rosidl_generator_cpp/cmake)
[1.675s] -- Using all available rosidl_typesupport_c: rosidl_typesupport_fastrtps_c;rosidl_typesupport_introspection_c
[1.740s] -- Using all available rosidl_typesupport_cpp: rosidl_typesupport_fastrtps_cpp;rosidl_typesupport_introspection_cpp
[1.901s] -- Found rmw_implementation_cmake: 6.1.2 (/opt/ros/humble/share/rmw_implementation_cmake/cmake)
[1.910s] -- Found rmw_fastrtps_cpp: 6.2.8 (/opt/ros/humble/share/rmw_fastrtps_cpp/cmake)
[12.823s] -- Using RMW implementation 'rmw_fastrtps_cpp' as default
[13.092s] -- Found xacro: 2.0.13 (/opt/ros/humble/share/xacro/cmake)
[13.098s] -- Found robot_state_publisher: 3.0.3 (/opt/ros/humble/share/robot_state_publisher/cmake)
[13.199s] -- Found eigen3_cmake_module: 0.1.1 (/opt/ros/humble/share/eigen3_cmake_module/cmake)
[13.205s] -- Ensuring Eigen3 include directory is part of orocos-kdl CMake target
[15.796s] -- Found gazebo_ros: 3.9.0 (/opt/ros/humble/share/gazebo_ros/cmake)
[15.886s] -- Found PkgConfig: /usr/bin/pkg-config (found version "0.29.2") 
[15.890s] -- Checking for module 'bullet>=2.82'
[15.968s] --   Found bullet, version 3.05
[16.494s] -- Found fcl: /usr/include (found suitable version "0.7.0", minimum required is "0.5.0") 
[16.693s] -- Found assimp: /usr/include (found version "5.2.0") 
[16.837s] -- Found DART: /usr/include (Required is at least version "6.6") found components: dart 
[17.020s] -- Found Boost: /usr/lib/x86_64-linux-gnu/cmake/Boost-1.74.0/BoostConfig.cmake (found suitable version "1.74.0", minimum required is "1.40.0") found components: thread system filesystem program_options regex iostreams date_time 
[17.179s] -- Looking for ignition-math6 -- found version 6.15.1
[17.198s] -- Searching for dependencies of ignition-math6
[17.205s] -- Looking for OGRE...
[17.206s] -- OGRE_PREFIX_WATCH changed.
[17.236s] -- Checking for module 'OGRE'
[17.282s] --   Found OGRE, version 1.9.0
[17.408s] -- Found Ogre Ghadamon (1.9.0)
[18.171s] -- Found OGRE: optimized;/usr/lib/x86_64-linux-gnu/libOgreMain.so;debug;/usr/lib/x86_64-linux-gnu/libOgreMain.so
[18.208s] -- Looking for OGRE_Paging...
[18.869s] -- Found OGRE_Paging: optimized;/usr/lib/x86_64-linux-gnu/libOgrePaging.so;debug;/usr/lib/x86_64-linux-gnu/libOgrePaging.so
[18.869s] -- Looking for OGRE_Terrain...
[19.519s] -- Found OGRE_Terrain: optimized;/usr/lib/x86_64-linux-gnu/libOgreTerrain.so;debug;/usr/lib/x86_64-linux-gnu/libOgreTerrain.so
[19.520s] -- Looking for OGRE_Property...
[20.216s] -- Found OGRE_Property: optimized;/usr/lib/x86_64-linux-gnu/libOgreProperty.so;debug;/usr/lib/x86_64-linux-gnu/libOgreProperty.so
[20.217s] -- Looking for OGRE_RTShaderSystem...
[20.872s] -- Found OGRE_RTShaderSystem: optimized;/usr/lib/x86_64-linux-gnu/libOgreRTShaderSystem.so;debug;/usr/lib/x86_64-linux-gnu/libOgreRTShaderSystem.so
[20.874s] -- Looking for OGRE_Volume...
[21.541s] -- Found OGRE_Volume: optimized;/usr/lib/x86_64-linux-gnu/libOgreVolume.so;debug;/usr/lib/x86_64-linux-gnu/libOgreVolume.so
[21.541s] -- Looking for OGRE_Overlay...
[22.244s] -- Found OGRE_Overlay: optimized;/usr/lib/x86_64-linux-gnu/libOgreOverlay.so;debug;/usr/lib/x86_64-linux-gnu/libOgreOverlay.so
[63.420s] -- Looking for ignition-math6 -- found version 6.15.1
[63.438s] -- Looking for ignition-transport8 -- found version 8.2.1
[63.446s] -- Searching for dependencies of ignition-transport8
[66.581s] -- Found Protobuf: /usr/lib/x86_64-linux-gnu/libprotobuf.so (found suitable version "3.12.4", minimum required is "3") 
[70.008s] -- Config-file not installed for ZeroMQ -- checking for pkg-config
[70.029s] -- Checking for module 'libzmq >= 4'
[70.103s] --   Found libzmq , version 4.3.4
[70.260s] -- Found ZeroMQ: TRUE (Required is at least version "4") 
[70.296s] -- Checking for module 'uuid'
[70.351s] --   Found uuid, version 2.37.2
[70.491s] -- Found UUID: TRUE  
[70.512s] -- Looking for ignition-msgs5 -- found version 5.8.1
[70.512s] -- Searching for dependencies of ignition-msgs5
[72.948s] gmake: *** [Makefile:226: cmake_check_build_system] Interrupt
[72.953s] Invoked command in '/home/annette-robosync/new_ws/build/new_package' returned '-2': CMAKE_PREFIX_PATH=${CMAKE_PREFIX_PATH}:/opt/ros/humble /usr/bin/cmake --build /home/annette-robosync/new_ws/build/new_package -- -j4 -l4
