[1.902s] Invoking command in '/home/annette-robosync/new_ws/src/new_package': PYTHONPATH=/home/annette-robosync/new_ws/build/new_package/prefix_override:/usr/lib/python3/dist-packages/colcon_core/task/python/colcon_distutils_commands:/home/annette-robosync/new_ws/install/new_package/lib/python3.10/site-packages:${PYTHONPATH} /usr/bin/python3 -W ignore:setup.py install is deprecated -W ignore:easy_install command is deprecated setup.py egg_info --egg-base ../../build/new_package build --build-base /home/annette-robosync/new_ws/build/new_package/build install --record /home/annette-robosync/new_ws/build/new_package/install.log --single-version-externally-managed install_data
[2.729s] running egg_info
[2.731s] creating ../../build/new_package/new_package.egg-info
[2.732s] writing ../../build/new_package/new_package.egg-info/PKG-INFO
[2.733s] writing dependency_links to ../../build/new_package/new_package.egg-info/dependency_links.txt
[2.734s] writing entry points to ../../build/new_package/new_package.egg-info/entry_points.txt
[2.734s] writing requirements to ../../build/new_package/new_package.egg-info/requires.txt
[2.734s] writing top-level names to ../../build/new_package/new_package.egg-info/top_level.txt
[2.735s] writing manifest file '../../build/new_package/new_package.egg-info/SOURCES.txt'
[2.738s] reading manifest file '../../build/new_package/new_package.egg-info/SOURCES.txt'
[2.751s] writing manifest file '../../build/new_package/new_package.egg-info/SOURCES.txt'
[2.751s] running build
[2.751s] running build_py
[2.751s] creating /home/annette-robosync/new_ws/build/new_package/build
[2.781s] creating /home/annette-robosync/new_ws/build/new_package/build/lib
[2.784s] creating /home/annette-robosync/new_ws/build/new_package/build/lib/new_package
[2.786s] copying new_package/__init__.py -> /home/annette-robosync/new_ws/build/new_package/build/lib/new_package
[2.786s] running install
[2.787s] running install_lib
[2.789s] creating /home/annette-robosync/new_ws/install/new_package/lib/python3.10/site-packages/new_package
[2.790s] copying /home/annette-robosync/new_ws/build/new_package/build/lib/new_package/__init__.py -> /home/annette-robosync/new_ws/install/new_package/lib/python3.10/site-packages/new_package
[2.792s] byte-compiling /home/annette-robosync/new_ws/install/new_package/lib/python3.10/site-packages/new_package/__init__.py to __init__.cpython-310.pyc
[2.795s] running install_data
[2.797s] creating /home/annette-robosync/new_ws/install/new_package/share/ament_index
[2.798s] creating /home/annette-robosync/new_ws/install/new_package/share/ament_index/resource_index
[2.799s] creating /home/annette-robosync/new_ws/install/new_package/share/ament_index/resource_index/packages
[2.801s] copying resource/new_package -> /home/annette-robosync/new_ws/install/new_package/share/ament_index/resource_index/packages
[2.802s] copying package.xml -> /home/annette-robosync/new_ws/install/new_package/share/new_package
[2.802s] creating /home/annette-robosync/new_ws/install/new_package/share/new_package/launch
[2.803s] copying launch/simulate.launch.py -> /home/annette-robosync/new_ws/install/new_package/share/new_package/launch
[2.804s] copying launch/robot.launch.py -> /home/annette-robosync/new_ws/install/new_package/share/new_package/launch
[2.804s] creating /home/annette-robosync/new_ws/install/new_package/share/new_package/urdf
[2.806s] creating /home/annette-robosync/new_ws/install/new_package/share/new_package/meshes
[2.807s] creating /home/annette-robosync/new_ws/install/new_package/share/new_package/config
[2.808s] copying config/zeta.rviz -> /home/annette-robosync/new_ws/install/new_package/share/new_package/config
[2.809s] copying config/diff_drive_controllers.yaml -> /home/annette-robosync/new_ws/install/new_package/share/new_package/config
[2.809s] running install_egg_info
[2.813s] Copying ../../build/new_package/new_package.egg-info to /home/annette-robosync/new_ws/install/new_package/lib/python3.10/site-packages/new_package-0.0.0-py3.10.egg-info
[2.818s] running install_scripts
[2.878s] writing list of installed files to '/home/annette-robosync/new_ws/build/new_package/install.log'
[2.938s] Invoked command in '/home/annette-robosync/new_ws/src/new_package' returned '0': PYTHONPATH=/home/annette-robosync/new_ws/build/new_package/prefix_override:/usr/lib/python3/dist-packages/colcon_core/task/python/colcon_distutils_commands:/home/annette-robosync/new_ws/install/new_package/lib/python3.10/site-packages:${PYTHONPATH} /usr/bin/python3 -W ignore:setup.py install is deprecated -W ignore:easy_install command is deprecated setup.py egg_info --egg-base ../../build/new_package build --build-base /home/annette-robosync/new_ws/build/new_package/build install --record /home/annette-robosync/new_ws/build/new_package/install.log --single-version-externally-managed install_data
