[1.805s] Invoking command in '/root/Dojo/build/robot_launch': AMENT_PREFIX_PATH=/root/Dojo/install/ros2arduino_bridge:/root/Dojo/install/robot_sensors:/root/Dojo/install/robot_description:/root/Dojo/install/robot_control:${AMENT_PREFIX_PATH} CMAKE_PREFIX_PATH=/root/Dojo/install/robot_description:/root/Dojo/install/robot_control PYTHONPATH=/root/Dojo/build/robot_launch/prefix_override:/usr/lib/python3/dist-packages/colcon_core/task/python/colcon_distutils_commands:/root/Dojo/install/robot_launch/lib/python3.10/site-packages:/root/Dojo/build/ros2arduino_bridge:/root/Dojo/install/ros2arduino_bridge/lib/python3.10/site-packages:/root/Dojo/build/robot_sensors:/root/Dojo/install/robot_sensors/lib/python3.10/site-packages:${PYTHONPATH} /usr/bin/python3 -W ignore:setup.py install is deprecated -W ignore:easy_install command is deprecated setup.py develop --editable --build-directory /root/Dojo/build/robot_launch/build --no-deps symlink_data
[2.342s] running develop
[2.670s] running egg_info
[2.670s] creating robot_launch.egg-info
[2.687s] writing robot_launch.egg-info/PKG-INFO
[2.688s] writing dependency_links to robot_launch.egg-info/dependency_links.txt
[2.688s] writing requirements to robot_launch.egg-info/requires.txt
[2.688s] writing top-level names to robot_launch.egg-info/top_level.txt
[2.688s] writing manifest file 'robot_launch.egg-info/SOURCES.txt'
[2.727s] reading manifest file 'robot_launch.egg-info/SOURCES.txt'
[2.728s] writing manifest file 'robot_launch.egg-info/SOURCES.txt'
[2.748s] running build_ext
[2.748s] Creating /root/Dojo/install/robot_launch/lib/python3.10/site-packages/robot-launch.egg-link (link to .)
[2.749s] 
[2.749s] Installed /root/Dojo/build/robot_launch
[2.749s] running symlink_data
[2.750s] creating /root/Dojo/install/robot_launch/share/ament_index
[2.750s] creating /root/Dojo/install/robot_launch/share/ament_index/resource_index
[2.750s] creating /root/Dojo/install/robot_launch/share/ament_index/resource_index/packages
[2.750s] symbolically linking /root/Dojo/build/robot_launch/resource/robot_launch -> /root/Dojo/install/robot_launch/share/ament_index/resource_index/packages
[2.750s] symbolically linking /root/Dojo/build/robot_launch/package.xml -> /root/Dojo/install/robot_launch/share/robot_launch
[2.751s] creating /root/Dojo/install/robot_launch/share/robot_launch/launch
[2.751s] symbolically linking /root/Dojo/build/robot_launch/launch/robot_complete.launch.py -> /root/Dojo/install/robot_launch/share/robot_launch/launch
[2.885s] Invoked command in '/root/Dojo/build/robot_launch' returned '0': AMENT_PREFIX_PATH=/root/Dojo/install/ros2arduino_bridge:/root/Dojo/install/robot_sensors:/root/Dojo/install/robot_description:/root/Dojo/install/robot_control:${AMENT_PREFIX_PATH} CMAKE_PREFIX_PATH=/root/Dojo/install/robot_description:/root/Dojo/install/robot_control PYTHONPATH=/root/Dojo/build/robot_launch/prefix_override:/usr/lib/python3/dist-packages/colcon_core/task/python/colcon_distutils_commands:/root/Dojo/install/robot_launch/lib/python3.10/site-packages:/root/Dojo/build/ros2arduino_bridge:/root/Dojo/install/ros2arduino_bridge/lib/python3.10/site-packages:/root/Dojo/build/robot_sensors:/root/Dojo/install/robot_sensors/lib/python3.10/site-packages:${PYTHONPATH} /usr/bin/python3 -W ignore:setup.py install is deprecated -W ignore:easy_install command is deprecated setup.py develop --editable --build-directory /root/Dojo/build/robot_launch/build --no-deps symlink_data
