[0.019s] Invoking command in '/root/Dojo/Dojo/build/robot_gazebo': AMENT_PREFIX_PATH=/root/Dojo/Dojo/install/robot_description:/root/Dojo/Dojo/install/robot_control:${AMENT_PREFIX_PATH} CMAKE_PREFIX_PATH=/root/Dojo/Dojo/install/robot_description:/root/Dojo/Dojo/install/robot_control:/root/Dojo/install/robot_perception:/root/Dojo/install/robot_hardware:/opt/ros/humble PYTHONPATH=/root/Dojo/Dojo/install/robot_description/lib/python3.10/site-packages:${PYTHONPATH} /usr/bin/cmake /root/Dojo/Dojo/src/robot_gazebo -DCMAKE_BUILD_TYPE=Release -DBUILD_TESTING=OFF -DAMENT_CMAKE_SYMLINK_INSTALL=1 -DCMAKE_INSTALL_PREFIX=/root/Dojo/Dojo/install/robot_gazebo
[0.084s] -- The C compiler identification is GNU 11.4.0
[0.147s] -- The CXX compiler identification is GNU 11.4.0
[0.156s] -- Detecting C compiler ABI info
[0.234s] -- Detecting C compiler ABI info - done
[0.241s] -- Check for working C compiler: /usr/bin/cc - skipped
[0.241s] -- Detecting C compile features
[0.242s] -- Detecting C compile features - done
[0.245s] -- Detecting CXX compiler ABI info
[0.334s] -- Detecting CXX compiler ABI info - done
[0.341s] -- Check for working CXX compiler: /usr/bin/c++ - skipped
[0.342s] -- Detecting CXX compile features
[0.342s] -- Detecting CXX compile features - done
[0.348s] -- Found ament_cmake: 1.3.12 (/opt/ros/humble/share/ament_cmake/cmake)
[1.107s] -- Found Python3: /usr/bin/python3 (found version "3.10.12") found components: Interpreter 
[1.233s] -- Override CMake install command with custom implementation using symlinks instead of copying resources
[1.323s] -- Found rclcpp: 16.0.15 (/opt/ros/humble/share/rclcpp/cmake)
[1.404s] -- Found rosidl_generator_c: 3.1.7 (/opt/ros/humble/share/rosidl_generator_c/cmake)
[1.413s] -- Found rosidl_adapter: 3.1.7 (/opt/ros/humble/share/rosidl_adapter/cmake)
[1.427s] -- Found rosidl_generator_cpp: 3.1.7 (/opt/ros/humble/share/rosidl_generator_cpp/cmake)
[1.444s] -- Using all available rosidl_typesupport_c: rosidl_typesupport_fastrtps_c;rosidl_typesupport_introspection_c
[1.468s] -- Using all available rosidl_typesupport_cpp: rosidl_typesupport_fastrtps_cpp;rosidl_typesupport_introspection_cpp
[1.533s] -- Found rmw_implementation_cmake: 6.1.2 (/opt/ros/humble/share/rmw_implementation_cmake/cmake)
[1.538s] -- Found rmw_fastrtps_cpp: 6.2.8 (/opt/ros/humble/share/rmw_fastrtps_cpp/cmake)
[1.668s] -- Found OpenSSL: /usr/lib/x86_64-linux-gnu/libcrypto.so (found version "3.0.2")  
[1.712s] -- Found FastRTPS: /opt/ros/humble/include  
[1.781s] -- Using RMW implementation 'rmw_fastrtps_cpp' as default
[1.797s] -- Looking for pthread.h
[1.896s] -- Looking for pthread.h - found
[1.896s] -- Performing Test CMAKE_HAVE_LIBC_PTHREAD
[2.015s] -- Performing Test CMAKE_HAVE_LIBC_PTHREAD - Success
[2.017s] -- Found Threads: TRUE  
[2.123s] -- Found rclpy: 3.3.17 (/opt/ros/humble/share/rclpy/cmake)
[2.128s] -- Found sensor_msgs: 4.9.0 (/opt/ros/humble/share/sensor_msgs/cmake)
[2.190s] -- Found nav_msgs: 4.9.0 (/opt/ros/humble/share/nav_msgs/cmake)
[2.226s] -- Found tf2_ros: 0.25.16 (/opt/ros/humble/share/tf2_ros/cmake)
[2.511s] -- Found tf2_geometry_msgs: 0.25.16 (/opt/ros/humble/share/tf2_geometry_msgs/cmake)
[2.608s] -- Found eigen3_cmake_module: 0.1.1 (/opt/ros/humble/share/eigen3_cmake_module/cmake)
[2.609s] -- Found Eigen3: TRUE (found version "3.4.0") 
[2.609s] -- Ensuring Eigen3 include directory is part of orocos-kdl CMake target
[2.616s] -- Found gazebo_ros: 3.9.0 (/opt/ros/humble/share/gazebo_ros/cmake)
[2.647s] -- Found PkgConfig: /usr/bin/pkg-config (found version "0.29.2") 
[2.657s] -- Checking for module 'bullet>=2.82'
[2.711s] --   Found bullet, version 3.05
[2.977s] -- Found fcl: /usr/include (found suitable version "0.7.0", minimum required is "0.5.0") 
[3.204s] -- Found assimp: /usr/include (found version "5.2.0") 
[3.290s] -- Found DART: /usr/include (Required is at least version "6.6") found components: dart 
[3.378s] -- Found Boost: /usr/lib/x86_64-linux-gnu/cmake/Boost-1.74.0/BoostConfig.cmake (found suitable version "1.74.0", minimum required is "1.40.0") found components: thread system filesystem program_options regex iostreams date_time 
[3.411s] -- Found Protobuf: /usr/lib/x86_64-linux-gnu/libprotobuf.so (found version "3.12.4") 
[3.441s] -- Looking for ignition-math6 -- found version 6.15.1
[3.455s] -- Searching for dependencies of ignition-math6
[3.462s] -- Looking for OGRE...
[3.462s] -- OGRE_PREFIX_WATCH changed.
[3.475s] -- Checking for module 'OGRE'
[3.502s] --   Found OGRE, version 1.9.0
[3.593s] -- Found Ogre Ghadamon (1.9.0)
[3.607s] -- Found OGRE: optimized;/usr/lib/x86_64-linux-gnu/libOgreMain.so;debug;/usr/lib/x86_64-linux-gnu/libOgreMain.so
[3.624s] -- Looking for OGRE_Paging...
[3.640s] -- Found OGRE_Paging: optimized;/usr/lib/x86_64-linux-gnu/libOgrePaging.so;debug;/usr/lib/x86_64-linux-gnu/libOgrePaging.so
[3.641s] -- Looking for OGRE_Terrain...
[3.658s] -- Found OGRE_Terrain: optimized;/usr/lib/x86_64-linux-gnu/libOgreTerrain.so;debug;/usr/lib/x86_64-linux-gnu/libOgreTerrain.so
[3.658s] -- Looking for OGRE_Property...
[3.682s] -- Found OGRE_Property: optimized;/usr/lib/x86_64-linux-gnu/libOgreProperty.so;debug;/usr/lib/x86_64-linux-gnu/libOgreProperty.so
[3.682s] -- Looking for OGRE_RTShaderSystem...
[3.697s] -- Found OGRE_RTShaderSystem: optimized;/usr/lib/x86_64-linux-gnu/libOgreRTShaderSystem.so;debug;/usr/lib/x86_64-linux-gnu/libOgreRTShaderSystem.so
[3.697s] -- Looking for OGRE_Volume...
[3.708s] -- Found OGRE_Volume: optimized;/usr/lib/x86_64-linux-gnu/libOgreVolume.so;debug;/usr/lib/x86_64-linux-gnu/libOgreVolume.so
[3.708s] -- Looking for OGRE_Overlay...
[3.722s] -- Found OGRE_Overlay: optimized;/usr/lib/x86_64-linux-gnu/libOgreOverlay.so;debug;/usr/lib/x86_64-linux-gnu/libOgreOverlay.so
[3.973s] -- Looking for ignition-math6 -- found version 6.15.1
[3.984s] -- Looking for ignition-transport8 -- found version 8.2.1
[3.984s] -- Searching for dependencies of ignition-transport8
[4.035s] -- Found Protobuf: /usr/lib/x86_64-linux-gnu/libprotobuf.so (found suitable version "3.12.4", minimum required is "3") 
[4.069s] -- Config-file not installed for ZeroMQ -- checking for pkg-config
[4.079s] -- Checking for module 'libzmq >= 4'
[4.113s] --   Found libzmq , version 4.3.4
[4.224s] -- Found ZeroMQ: TRUE (Required is at least version "4") 
[4.232s] -- Checking for module 'uuid'
[4.260s] --   Found uuid, version 2.37.2
[4.314s] -- Found UUID: TRUE  
[4.319s] -- Looking for ignition-msgs5 -- found version 5.8.1
[4.320s] -- Searching for dependencies of ignition-msgs5
[4.350s] -- Looking for ignition-math6 -- found version 6.15.1
[4.356s] -- Checking for module 'tinyxml2'
[4.374s] --   Found tinyxml2, version 9.0.0
[4.424s] -- Looking for ignition-msgs5 -- found version 5.8.1
[4.429s] -- Looking for ignition-common3 -- found version 3.14.0
[4.429s] -- Searching for dependencies of ignition-common3
[4.430s] -- Looking for dlfcn.h - found
[4.431s] -- Looking for libdl - found
[4.432s] -- Found DL: TRUE  
[4.447s] -- Found tinyobjloader: /usr/lib/x86_64-linux-gnu/cmake/tinyobjloader/tinyobjloader-config.cmake (found version "2.0.0") 
[4.447s] -- Searching for <ignition-common3> component [graphics]
[4.452s] -- Looking for ignition-common3-graphics -- found version 3.14.0
[4.452s] -- Searching for dependencies of ignition-common3-graphics
[4.453s] -- Looking for ignition-math6 -- found version 6.15.1
[4.457s] -- Looking for ignition-fuel_tools4 -- found version 4.4.0
[4.458s] -- Searching for dependencies of ignition-fuel_tools4
[4.563s] -- Found CURL: /usr/lib/x86_64-linux-gnu/libcurl.so (found version "7.81.0")  
[4.576s] -- Checking for module 'jsoncpp'
[4.591s] --   Found jsoncpp, version 1.9.5
[4.634s] -- Found JSONCPP: TRUE  
[4.640s] -- Checking for module 'libzip'
[4.656s] --   Found libzip, version 1.7.3
[4.697s] -- Found ZIP: TRUE  
[4.698s] -- Looking for ignition-common3 -- found version 3.14.0
[4.698s] -- Looking for ignition-math6 -- found version 6.15.1
[4.698s] -- Looking for ignition-msgs5 -- found version 5.8.1
[4.704s] -- Gazebo version: 11.10
[4.704s] -- Checking for module 'tbb'
[4.722s] --   Found tbb, version 2021.5.0
[4.770s] -- Found gazebo_ros2_control: 0.4.10 (/opt/ros/humble/share/gazebo_ros2_control/cmake)
[4.926s] -- Found gazebo_plugins: 3.9.0 (/opt/ros/humble/share/gazebo_plugins/cmake)
[4.954s] -- Found ros2_control: 2.52.0 (/opt/ros/humble/share/ros2_control/cmake)
[4.957s] -- Found ros2_controllers: 2.50.0 (/opt/ros/humble/share/ros2_controllers/cmake)
[4.961s] -- Found std_srvs: 4.9.0 (/opt/ros/humble/share/std_srvs/cmake)
[4.969s] -- Found robot_description: 1.0.0 (/root/Dojo/Dojo/install/robot_description/share/robot_description/cmake)
[4.970s] -- Found robot_control: 1.0.0 (/root/Dojo/Dojo/install/robot_control/share/robot_control/cmake)
[6.144s] -- Found Python3: /usr/bin/python3 (found version "3.10.12") found components: Interpreter Development Development.Module Development.Embed 
[6.219s] -- Configuring done
[6.229s] -- Generating done
[6.234s] -- Build files have been written to: /root/Dojo/Dojo/build/robot_gazebo
[6.251s] Invoked command in '/root/Dojo/Dojo/build/robot_gazebo' returned '0': AMENT_PREFIX_PATH=/root/Dojo/Dojo/install/robot_description:/root/Dojo/Dojo/install/robot_control:${AMENT_PREFIX_PATH} CMAKE_PREFIX_PATH=/root/Dojo/Dojo/install/robot_description:/root/Dojo/Dojo/install/robot_control:/root/Dojo/install/robot_perception:/root/Dojo/install/robot_hardware:/opt/ros/humble PYTHONPATH=/root/Dojo/Dojo/install/robot_description/lib/python3.10/site-packages:${PYTHONPATH} /usr/bin/cmake /root/Dojo/Dojo/src/robot_gazebo -DCMAKE_BUILD_TYPE=Release -DBUILD_TESTING=OFF -DAMENT_CMAKE_SYMLINK_INSTALL=1 -DCMAKE_INSTALL_PREFIX=/root/Dojo/Dojo/install/robot_gazebo
[6.252s] Invoking command in '/root/Dojo/Dojo/build/robot_gazebo': AMENT_PREFIX_PATH=/root/Dojo/Dojo/install/robot_description:/root/Dojo/Dojo/install/robot_control:${AMENT_PREFIX_PATH} CMAKE_PREFIX_PATH=/root/Dojo/Dojo/install/robot_description:/root/Dojo/Dojo/install/robot_control:/root/Dojo/install/robot_perception:/root/Dojo/install/robot_hardware:/opt/ros/humble PYTHONPATH=/root/Dojo/Dojo/install/robot_description/lib/python3.10/site-packages:${PYTHONPATH} /usr/bin/cmake --build /root/Dojo/Dojo/build/robot_gazebo -- -j16 -l16
[6.302s] Invoked command in '/root/Dojo/Dojo/build/robot_gazebo' returned '0': AMENT_PREFIX_PATH=/root/Dojo/Dojo/install/robot_description:/root/Dojo/Dojo/install/robot_control:${AMENT_PREFIX_PATH} CMAKE_PREFIX_PATH=/root/Dojo/Dojo/install/robot_description:/root/Dojo/Dojo/install/robot_control:/root/Dojo/install/robot_perception:/root/Dojo/install/robot_hardware:/opt/ros/humble PYTHONPATH=/root/Dojo/Dojo/install/robot_description/lib/python3.10/site-packages:${PYTHONPATH} /usr/bin/cmake --build /root/Dojo/Dojo/build/robot_gazebo -- -j16 -l16
[6.304s] Invoking command in '/root/Dojo/Dojo/build/robot_gazebo': AMENT_PREFIX_PATH=/root/Dojo/Dojo/install/robot_description:/root/Dojo/Dojo/install/robot_control:${AMENT_PREFIX_PATH} CMAKE_PREFIX_PATH=/root/Dojo/Dojo/install/robot_description:/root/Dojo/Dojo/install/robot_control:/root/Dojo/install/robot_perception:/root/Dojo/install/robot_hardware:/opt/ros/humble PYTHONPATH=/root/Dojo/Dojo/install/robot_description/lib/python3.10/site-packages:${PYTHONPATH} /usr/bin/cmake --install /root/Dojo/Dojo/build/robot_gazebo
[6.310s] -- Install configuration: "Release"
[6.310s] -- Execute custom install script
[6.311s] -- Symlinking: /root/Dojo/Dojo/install/robot_gazebo/share/robot_gazebo/launch/gazebo.launch.py
[6.320s] -- Symlinking: /root/Dojo/Dojo/install/robot_gazebo/share/robot_gazebo/launch/simulation.launch.py
[6.328s] -- Symlinking: /root/Dojo/Dojo/install/robot_gazebo/share/robot_gazebo/launch/unified_simulation.launch.py
[6.338s] -- Symlinking: /root/Dojo/Dojo/install/robot_gazebo/share/robot_gazebo/config/diff_drive_controller.yaml
[6.346s] -- Symlinking: /root/Dojo/Dojo/install/robot_gazebo/share/robot_gazebo/config/ekf_config.yaml
[6.356s] -- Symlinking: /root/Dojo/Dojo/install/robot_gazebo/share/robot_gazebo/config/gazebo_controllers.yaml
[6.365s] -- Symlinking: /root/Dojo/Dojo/install/robot_gazebo/share/robot_gazebo/config/ros2_control.yaml
[6.375s] -- Symlinking: /root/Dojo/Dojo/install/robot_gazebo/share/robot_gazebo/config/slam_config.yaml
[6.385s] -- Symlinking: /root/Dojo/Dojo/install/robot_gazebo/share/robot_gazebo/worlds/agriculture.world
[6.393s] -- Symlinking: /root/Dojo/Dojo/install/robot_gazebo/share/robot_gazebo/worlds/azcar.world
[6.403s] -- Symlinking: /root/Dojo/Dojo/install/robot_gazebo/share/robot_gazebo/worlds/barrels.world
[6.412s] -- Symlinking: /root/Dojo/Dojo/install/robot_gazebo/share/robot_gazebo/worlds/canyonview_field.world
[6.421s] -- Symlinking: /root/Dojo/Dojo/install/robot_gazebo/share/robot_gazebo/worlds/city_osm_roundabout.world
[6.430s] -- Symlinking: /root/Dojo/Dojo/install/robot_gazebo/share/robot_gazebo/worlds/city_osm_roundabout_combined.world
[6.440s] -- Symlinking: /root/Dojo/Dojo/install/robot_gazebo/share/robot_gazebo/worlds/cyberzoo.world
[6.449s] -- Symlinking: /root/Dojo/Dojo/install/robot_gazebo/share/robot_gazebo/worlds/cyberzoo2019_orange_poles.world
[6.459s] -- Symlinking: /root/Dojo/Dojo/install/robot_gazebo/share/robot_gazebo/worlds/cyberzoo2019_orange_poles_panels.world
[6.470s] -- Symlinking: /root/Dojo/Dojo/install/robot_gazebo/share/robot_gazebo/worlds/cyberzoo2019_orange_poles_panels_mats.world
[6.479s] -- Symlinking: /root/Dojo/Dojo/install/robot_gazebo/share/robot_gazebo/worlds/cyberzoo2019_ralphthesis2020.world
[6.489s] -- Symlinking: /root/Dojo/Dojo/install/robot_gazebo/share/robot_gazebo/worlds/cyberzoo_4_panels.world
[6.499s] -- Symlinking: /root/Dojo/Dojo/install/robot_gazebo/share/robot_gazebo/worlds/cyberzoo_orange_poles.world
[6.515s] -- Symlinking: /root/Dojo/Dojo/install/robot_gazebo/share/robot_gazebo/worlds/cyberzoo_panel.world
[6.523s] -- Symlinking: /root/Dojo/Dojo/install/robot_gazebo/share/robot_gazebo/worlds/demo_world.world
[6.532s] -- Symlinking: /root/Dojo/Dojo/install/robot_gazebo/share/robot_gazebo/worlds/dojo_world.world
[6.542s] -- Symlinking: /root/Dojo/Dojo/install/robot_gazebo/share/robot_gazebo/worlds/drone_race_track_2018_actual.world
[6.553s] -- Symlinking: /root/Dojo/Dojo/install/robot_gazebo/share/robot_gazebo/worlds/drone_race_track_2018_actual_with_gatepapers.world
[6.564s] -- Symlinking: /root/Dojo/Dojo/install/robot_gazebo/share/robot_gazebo/worlds/empty.world
[6.575s] -- Symlinking: /root/Dojo/Dojo/install/robot_gazebo/share/robot_gazebo/worlds/empty_aerial_manipulation.world
[6.590s] -- Symlinking: /root/Dojo/Dojo/install/robot_gazebo/share/robot_gazebo/worlds/fetchit_challenge_arena_montreal2019.world
[6.604s] -- Symlinking: /root/Dojo/Dojo/install/robot_gazebo/share/robot_gazebo/worlds/fetchit_challenge_arena_montreal2019_highlights.world
[6.616s] -- Symlinking: /root/Dojo/Dojo/install/robot_gazebo/share/robot_gazebo/worlds/fetchit_challenge_arena_montreal2019_onlylights.world
[6.631s] -- Symlinking: /root/Dojo/Dojo/install/robot_gazebo/share/robot_gazebo/worlds/fetchit_challenge_assembly.world
[6.643s] -- Symlinking: /root/Dojo/Dojo/install/robot_gazebo/share/robot_gazebo/worlds/fetchit_challenge_atrezzo.world
[6.657s] -- Symlinking: /root/Dojo/Dojo/install/robot_gazebo/share/robot_gazebo/worlds/fetchit_challenge_simple.world
[6.669s] -- Symlinking: /root/Dojo/Dojo/install/robot_gazebo/share/robot_gazebo/worlds/fetchit_challenge_simple_highlights.world
[6.685s] -- Symlinking: /root/Dojo/Dojo/install/robot_gazebo/share/robot_gazebo/worlds/fetchit_challenge_tests.world
[6.700s] -- Symlinking: /root/Dojo/Dojo/install/robot_gazebo/share/robot_gazebo/worlds/fetchit_challenge_tests_lowlights.world
[6.713s] -- Symlinking: /root/Dojo/Dojo/install/robot_gazebo/share/robot_gazebo/worlds/hemicyl.world
[6.726s] -- Symlinking: /root/Dojo/Dojo/install/robot_gazebo/share/robot_gazebo/worlds/house.world
[6.739s] -- Symlinking: /root/Dojo/Dojo/install/robot_gazebo/share/robot_gazebo/worlds/inspection.world
[6.749s] -- Symlinking: /root/Dojo/Dojo/install/robot_gazebo/share/robot_gazebo/worlds/neighborhood.world
[6.760s] -- Symlinking: /root/Dojo/Dojo/install/robot_gazebo/share/robot_gazebo/worlds/office_cpr.world
[6.770s] -- Symlinking: /root/Dojo/Dojo/install/robot_gazebo/share/robot_gazebo/worlds/office_cpr_construction.world
[6.780s] -- Symlinking: /root/Dojo/Dojo/install/robot_gazebo/share/robot_gazebo/worlds/office_earthquake.world
[6.790s] -- Symlinking: /root/Dojo/Dojo/install/robot_gazebo/share/robot_gazebo/worlds/office_env_large.world
[6.801s] -- Symlinking: /root/Dojo/Dojo/install/robot_gazebo/share/robot_gazebo/worlds/office_small.world
[6.810s] -- Symlinking: /root/Dojo/Dojo/install/robot_gazebo/share/robot_gazebo/worlds/outdoor.world
[6.820s] -- Symlinking: /root/Dojo/Dojo/install/robot_gazebo/share/robot_gazebo/worlds/powerplant.world
[6.829s] -- Symlinking: /root/Dojo/Dojo/install/robot_gazebo/share/robot_gazebo/worlds/rubble.world
[6.839s] -- Symlinking: /root/Dojo/Dojo/install/robot_gazebo/share/robot_gazebo/worlds/simple_env_1.world
[6.848s] -- Symlinking: /root/Dojo/Dojo/install/robot_gazebo/share/robot_gazebo/worlds/simple_env_2.world
[6.859s] -- Symlinking: /root/Dojo/Dojo/install/robot_gazebo/share/robot_gazebo/worlds/simple_env_3.world
[6.868s] -- Symlinking: /root/Dojo/Dojo/install/robot_gazebo/share/robot_gazebo/worlds/skidpan.world
[6.877s] -- Symlinking: /root/Dojo/Dojo/install/robot_gazebo/share/robot_gazebo/worlds/small_city.world
[6.888s] -- Symlinking: /root/Dojo/Dojo/install/robot_gazebo/share/robot_gazebo/worlds/test_city.world
[6.898s] -- Symlinking: /root/Dojo/Dojo/install/robot_gazebo/share/robot_gazebo/worlds/test_zone.world
[6.909s] -- Symlinking: /root/Dojo/Dojo/install/robot_gazebo/share/robot_gazebo/worlds/wall_aerial_manipulation.world
[6.919s] -- Symlinking: /root/Dojo/Dojo/install/robot_gazebo/share/robot_gazebo/worlds/warehouse.world
[6.929s] -- Symlinking: /root/Dojo/Dojo/install/robot_gazebo/share/robot_gazebo/worlds/waypoint.world
[6.940s] -- Symlinking: /root/Dojo/Dojo/install/robot_gazebo/share/robot_gazebo/worlds/workshop_example.world
[6.950s] -- Symlinking: /root/Dojo/Dojo/install/robot_gazebo/share/robot_gazebo/worlds/yosemite.world
[6.962s] -- Symlinking: /root/Dojo/Dojo/install/robot_gazebo/lib/robot_gazebo/spawn_robot.py
[6.973s] -- Symlinking: /root/Dojo/Dojo/install/robot_gazebo/share/robot_gazebo/package.xml
[6.983s] -- Symlinking: /root/Dojo/Dojo/install/robot_gazebo/share/robot_gazebo/setup.py
[6.994s] -- Symlinking: /root/Dojo/Dojo/install/robot_gazebo/share/robot_gazebo/setup.cfg
[7.006s] -- Symlinking: /root/Dojo/Dojo/install/robot_gazebo/share/ament_index/resource_index/package_run_dependencies/robot_gazebo
[7.017s] -- Symlinking: /root/Dojo/Dojo/install/robot_gazebo/share/ament_index/resource_index/parent_prefix_path/robot_gazebo
[7.028s] -- Symlinking: /root/Dojo/Dojo/install/robot_gazebo/share/robot_gazebo/environment/ament_prefix_path.sh
[7.039s] -- Symlinking: /root/Dojo/Dojo/install/robot_gazebo/share/robot_gazebo/environment/ament_prefix_path.dsv
[7.049s] -- Symlinking: /root/Dojo/Dojo/install/robot_gazebo/share/robot_gazebo/environment/path.sh
[7.059s] -- Symlinking: /root/Dojo/Dojo/install/robot_gazebo/share/robot_gazebo/environment/path.dsv
[7.070s] -- Symlinking: /root/Dojo/Dojo/install/robot_gazebo/share/robot_gazebo/local_setup.bash
[7.085s] -- Symlinking: /root/Dojo/Dojo/install/robot_gazebo/share/robot_gazebo/local_setup.sh
[7.096s] -- Symlinking: /root/Dojo/Dojo/install/robot_gazebo/share/robot_gazebo/local_setup.zsh
[7.109s] -- Symlinking: /root/Dojo/Dojo/install/robot_gazebo/share/robot_gazebo/local_setup.dsv
[7.122s] -- Symlinking: /root/Dojo/Dojo/install/robot_gazebo/share/robot_gazebo/package.dsv
[7.133s] -- Symlinking: /root/Dojo/Dojo/install/robot_gazebo/share/ament_index/resource_index/packages/robot_gazebo
[7.144s] -- Symlinking: /root/Dojo/Dojo/install/robot_gazebo/share/robot_gazebo/cmake/robot_gazebo-extras.cmake
[7.156s] -- Symlinking: /root/Dojo/Dojo/install/robot_gazebo/share/robot_gazebo/cmake/ament_cmake_export_include_directories-extras.cmake
[7.166s] -- Symlinking: /root/Dojo/Dojo/install/robot_gazebo/share/robot_gazebo/cmake/ament_cmake_export_dependencies-extras.cmake
[7.177s] -- Symlinking: /root/Dojo/Dojo/install/robot_gazebo/share/robot_gazebo/cmake/robot_gazeboConfig.cmake
[7.188s] -- Symlinking: /root/Dojo/Dojo/install/robot_gazebo/share/robot_gazebo/cmake/robot_gazeboConfig-version.cmake
[7.197s] -- Up-to-date symlink: /root/Dojo/Dojo/install/robot_gazebo/share/robot_gazebo/package.xml
[7.198s] -- Up-to-date: /robot_gazebo
[7.198s] -- Up-to-date: /robot_gazebo/__init__.py
[7.198s] -- Up-to-date: /robot_gazebo/cmd_vel_relay.py
[7.201s] Invoked command in '/root/Dojo/Dojo/build/robot_gazebo' returned '0': AMENT_PREFIX_PATH=/root/Dojo/Dojo/install/robot_description:/root/Dojo/Dojo/install/robot_control:${AMENT_PREFIX_PATH} CMAKE_PREFIX_PATH=/root/Dojo/Dojo/install/robot_description:/root/Dojo/Dojo/install/robot_control:/root/Dojo/install/robot_perception:/root/Dojo/install/robot_hardware:/opt/ros/humble PYTHONPATH=/root/Dojo/Dojo/install/robot_description/lib/python3.10/site-packages:${PYTHONPATH} /usr/bin/cmake --install /root/Dojo/Dojo/build/robot_gazebo
