[0.512s] DEBUG:colcon:Command line arguments: ['/usr/bin/colcon', 'build', '--symlink-install']
[0.513s] DEBUG:colcon:Parsed command line arguments: Namespace(log_base=None, log_level=None, verb_name='build', build_base='build', install_base='install', merge_install=False, symlink_install=True, test_result_base=None, continue_on_error=False, executor='parallel', parallel_workers=4, event_handlers=None, ignore_user_meta=False, metas=['./colcon.meta'], base_paths=['.'], packages_ignore=None, packages_ignore_regex=None, paths=None, packages_up_to=None, packages_up_to_regex=None, packages_above=None, packages_above_and_dependencies=None, packages_above_depth=None, packages_select_by_dep=None, packages_skip_by_dep=None, packages_skip_up_to=None, packages_select_build_failed=False, packages_skip_build_finished=False, packages_select_test_failures=False, packages_skip_test_passed=False, packages_select=None, packages_skip=None, packages_select_regex=None, packages_skip_regex=None, packages_start=None, packages_end=None, allow_overriding=[], cmake_args=None, cmake_target=None, cmake_target_skip_unavailable=False, cmake_clean_cache=False, cmake_clean_first=False, cmake_force_configure=False, ament_cmake_args=None, catkin_cmake_args=None, catkin_skip_building_tests=False, mixin_files=None, mixin=None, verb_parser=<colcon_mixin.mixin.mixin_argument.MixinArgumentDecorator object at 0x7459ec345db0>, verb_extension=<colcon_core.verb.build.BuildVerb object at 0x7459ec4be8c0>, main=<bound method BuildVerb.main of <colcon_core.verb.build.BuildVerb object at 0x7459ec4be8c0>>, mixin_verb=('build',))
[1.079s] Level 1:colcon.colcon_core.package_discovery:discover_packages(colcon_meta) check parameters
[1.079s] Level 1:colcon.colcon_core.package_discovery:discover_packages(recursive) check parameters
[1.079s] Level 1:colcon.colcon_core.package_discovery:discover_packages(ignore) check parameters
[1.079s] Level 1:colcon.colcon_core.package_discovery:discover_packages(path) check parameters
[1.079s] Level 1:colcon.colcon_core.package_discovery:discover_packages(colcon_meta) discover
[1.080s] Level 1:colcon.colcon_core.package_discovery:discover_packages(recursive) discover
[1.080s] INFO:colcon.colcon_core.package_discovery:Crawling recursively for packages in '/home/annette-robosync/new_ws'
[1.080s] Level 1:colcon.colcon_core.package_identification:_identify(.) by extensions ['ignore', 'ignore_ament_install']
[1.081s] Level 1:colcon.colcon_core.package_identification:_identify(.) by extension 'ignore'
[1.081s] Level 1:colcon.colcon_core.package_identification:_identify(.) by extension 'ignore_ament_install'
[1.081s] Level 1:colcon.colcon_core.package_identification:_identify(.) by extensions ['colcon_pkg']
[1.081s] Level 1:colcon.colcon_core.package_identification:_identify(.) by extension 'colcon_pkg'
[1.081s] Level 1:colcon.colcon_core.package_identification:_identify(.) by extensions ['colcon_meta']
[1.081s] Level 1:colcon.colcon_core.package_identification:_identify(.) by extension 'colcon_meta'
[1.082s] Level 1:colcon.colcon_core.package_identification:_identify(.) by extensions ['ros']
[1.082s] Level 1:colcon.colcon_core.package_identification:_identify(.) by extension 'ros'
[1.132s] Level 1:colcon.colcon_core.package_identification:_identify(.) by extensions ['cmake', 'python']
[1.133s] Level 1:colcon.colcon_core.package_identification:_identify(.) by extension 'cmake'
[1.133s] Level 1:colcon.colcon_core.package_identification:_identify(.) by extension 'python'
[1.134s] Level 1:colcon.colcon_core.package_identification:_identify(.) by extensions ['python_setup_py']
[1.134s] Level 1:colcon.colcon_core.package_identification:_identify(.) by extension 'python_setup_py'
[1.134s] Level 1:colcon.colcon_core.package_identification:_identify(build) by extensions ['ignore', 'ignore_ament_install']
[1.135s] Level 1:colcon.colcon_core.package_identification:_identify(build) by extension 'ignore'
[1.135s] Level 1:colcon.colcon_core.package_identification:_identify(build) ignored
[1.135s] Level 1:colcon.colcon_core.package_identification:_identify(install) by extensions ['ignore', 'ignore_ament_install']
[1.135s] Level 1:colcon.colcon_core.package_identification:_identify(install) by extension 'ignore'
[1.135s] Level 1:colcon.colcon_core.package_identification:_identify(install) ignored
[1.136s] Level 1:colcon.colcon_core.package_identification:_identify(log) by extensions ['ignore', 'ignore_ament_install']
[1.136s] Level 1:colcon.colcon_core.package_identification:_identify(log) by extension 'ignore'
[1.136s] Level 1:colcon.colcon_core.package_identification:_identify(log) ignored
[1.137s] Level 1:colcon.colcon_core.package_identification:_identify(src) by extensions ['ignore', 'ignore_ament_install']
[1.137s] Level 1:colcon.colcon_core.package_identification:_identify(src) by extension 'ignore'
[1.137s] Level 1:colcon.colcon_core.package_identification:_identify(src) by extension 'ignore_ament_install'
[1.137s] Level 1:colcon.colcon_core.package_identification:_identify(src) by extensions ['colcon_pkg']
[1.137s] Level 1:colcon.colcon_core.package_identification:_identify(src) by extension 'colcon_pkg'
[1.137s] Level 1:colcon.colcon_core.package_identification:_identify(src) by extensions ['colcon_meta']
[1.137s] Level 1:colcon.colcon_core.package_identification:_identify(src) by extension 'colcon_meta'
[1.137s] Level 1:colcon.colcon_core.package_identification:_identify(src) by extensions ['ros']
[1.138s] Level 1:colcon.colcon_core.package_identification:_identify(src) by extension 'ros'
[1.138s] Level 1:colcon.colcon_core.package_identification:_identify(src) by extensions ['cmake', 'python']
[1.138s] Level 1:colcon.colcon_core.package_identification:_identify(src) by extension 'cmake'
[1.138s] Level 1:colcon.colcon_core.package_identification:_identify(src) by extension 'python'
[1.138s] Level 1:colcon.colcon_core.package_identification:_identify(src) by extensions ['python_setup_py']
[1.138s] Level 1:colcon.colcon_core.package_identification:_identify(src) by extension 'python_setup_py'
[1.139s] Level 1:colcon.colcon_core.package_identification:_identify(src/new_package) by extensions ['ignore', 'ignore_ament_install']
[1.139s] Level 1:colcon.colcon_core.package_identification:_identify(src/new_package) by extension 'ignore'
[1.139s] Level 1:colcon.colcon_core.package_identification:_identify(src/new_package) by extension 'ignore_ament_install'
[1.139s] Level 1:colcon.colcon_core.package_identification:_identify(src/new_package) by extensions ['colcon_pkg']
[1.139s] Level 1:colcon.colcon_core.package_identification:_identify(src/new_package) by extension 'colcon_pkg'
[1.139s] Level 1:colcon.colcon_core.package_identification:_identify(src/new_package) by extensions ['colcon_meta']
[1.140s] Level 1:colcon.colcon_core.package_identification:_identify(src/new_package) by extension 'colcon_meta'
[1.140s] Level 1:colcon.colcon_core.package_identification:_identify(src/new_package) by extensions ['ros']
[1.140s] Level 1:colcon.colcon_core.package_identification:_identify(src/new_package) by extension 'ros'
[1.148s] DEBUG:colcon.colcon_core.package_identification:Package 'src/new_package' with type 'ros.ament_cmake' and name 'new_package'
[1.148s] Level 1:colcon.colcon_core.package_discovery:discover_packages(recursive) using defaults
[1.148s] Level 1:colcon.colcon_core.package_discovery:discover_packages(ignore) discover
[1.149s] Level 1:colcon.colcon_core.package_discovery:discover_packages(ignore) using defaults
[1.149s] Level 1:colcon.colcon_core.package_discovery:discover_packages(path) discover
[1.149s] Level 1:colcon.colcon_core.package_discovery:discover_packages(path) using defaults
[1.248s] Level 1:colcon.colcon_core.package_discovery:discover_packages(prefix_path) check parameters
[1.248s] Level 1:colcon.colcon_core.package_discovery:discover_packages(prefix_path) discover
[1.253s] DEBUG:colcon.colcon_installed_package_information.package_discovery:Found 1 installed packages in /home/annette-robosync/new_ws/install
[1.254s] DEBUG:colcon.colcon_installed_package_information.package_discovery:Found 1 installed packages in /home/annette-robosync/polo/install
[1.261s] DEBUG:colcon.colcon_installed_package_information.package_discovery:Found 338 installed packages in /opt/ros/humble
[1.266s] Level 1:colcon.colcon_core.package_discovery:discover_packages(prefix_path) using defaults
[1.414s] Level 5:colcon.colcon_core.verb:set package 'new_package' build argument 'cmake_args' from command line to 'None'
[1.414s] Level 5:colcon.colcon_core.verb:set package 'new_package' build argument 'cmake_target' from command line to 'None'
[1.414s] Level 5:colcon.colcon_core.verb:set package 'new_package' build argument 'cmake_target_skip_unavailable' from command line to 'False'
[1.414s] Level 5:colcon.colcon_core.verb:set package 'new_package' build argument 'cmake_clean_cache' from command line to 'False'
[1.415s] Level 5:colcon.colcon_core.verb:set package 'new_package' build argument 'cmake_clean_first' from command line to 'False'
[1.415s] Level 5:colcon.colcon_core.verb:set package 'new_package' build argument 'cmake_force_configure' from command line to 'False'
[1.415s] Level 5:colcon.colcon_core.verb:set package 'new_package' build argument 'ament_cmake_args' from command line to 'None'
[1.415s] Level 5:colcon.colcon_core.verb:set package 'new_package' build argument 'catkin_cmake_args' from command line to 'None'
[1.415s] Level 5:colcon.colcon_core.verb:set package 'new_package' build argument 'catkin_skip_building_tests' from command line to 'False'
[1.415s] DEBUG:colcon.colcon_core.verb:Building package 'new_package' with the following arguments: {'ament_cmake_args': None, 'build_base': '/home/annette-robosync/new_ws/build/new_package', 'catkin_cmake_args': None, 'catkin_skip_building_tests': False, 'cmake_args': None, 'cmake_clean_cache': False, 'cmake_clean_first': False, 'cmake_force_configure': False, 'cmake_target': None, 'cmake_target_skip_unavailable': False, 'install_base': '/home/annette-robosync/new_ws/install/new_package', 'merge_install': False, 'path': '/home/annette-robosync/new_ws/src/new_package', 'symlink_install': True, 'test_result_base': None}
[1.416s] INFO:colcon.colcon_core.executor:Executing jobs using 'parallel' executor
[1.419s] DEBUG:colcon.colcon_parallel_executor.executor.parallel:run_until_complete
[1.420s] INFO:colcon.colcon_ros.task.ament_cmake.build:Building ROS package in '/home/annette-robosync/new_ws/src/new_package' with build type 'ament_cmake'
[1.420s] INFO:colcon.colcon_cmake.task.cmake.build:Building CMake package in '/home/annette-robosync/new_ws/src/new_package'
[1.426s] INFO:colcon.colcon_core.plugin_system:Skipping extension 'colcon_core.shell.bat': Not used on non-Windows systems
[1.429s] INFO:colcon.colcon_core.shell:Skip shell extension 'powershell' for command environment: Not usable outside of PowerShell
[1.429s] DEBUG:colcon.colcon_core.shell:Skip shell extension 'dsv' for command environment
[1.463s] DEBUG:colcon.colcon_core.event_handler.log_command:Invoking command in '/home/annette-robosync/new_ws/build/new_package': CMAKE_PREFIX_PATH=${CMAKE_PREFIX_PATH}:/opt/ros/humble /usr/bin/cmake /home/annette-robosync/new_ws/src/new_package -DAMENT_CMAKE_SYMLINK_INSTALL=1 -DCMAKE_INSTALL_PREFIX=/home/annette-robosync/new_ws/install/new_package
[58.306s] DEBUG:colcon.colcon_core.event_handler.log_command:Invoked command in '/home/annette-robosync/new_ws/build/new_package' returned '0': CMAKE_PREFIX_PATH=${CMAKE_PREFIX_PATH}:/opt/ros/humble /usr/bin/cmake /home/annette-robosync/new_ws/src/new_package -DAMENT_CMAKE_SYMLINK_INSTALL=1 -DCMAKE_INSTALL_PREFIX=/home/annette-robosync/new_ws/install/new_package
[58.311s] DEBUG:colcon.colcon_core.event_handler.log_command:Invoking command in '/home/annette-robosync/new_ws/build/new_package': CMAKE_PREFIX_PATH=${CMAKE_PREFIX_PATH}:/opt/ros/humble /usr/bin/cmake --build /home/annette-robosync/new_ws/build/new_package -- -j4 -l4
[58.443s] DEBUG:colcon.colcon_core.event_handler.log_command:Invoked command in '/home/annette-robosync/new_ws/build/new_package' returned '0': CMAKE_PREFIX_PATH=${CMAKE_PREFIX_PATH}:/opt/ros/humble /usr/bin/cmake --build /home/annette-robosync/new_ws/build/new_package -- -j4 -l4
[58.472s] DEBUG:colcon.colcon_core.event_handler.log_command:Invoking command in '/home/annette-robosync/new_ws/build/new_package': CMAKE_PREFIX_PATH=${CMAKE_PREFIX_PATH}:/opt/ros/humble /usr/bin/cmake --install /home/annette-robosync/new_ws/build/new_package
[59.111s] Level 1:colcon.colcon_core.environment:create_environment_scripts_only(new_package)
[59.114s] DEBUG:colcon.colcon_core.event_handler.log_command:Invoked command in '/home/annette-robosync/new_ws/build/new_package' returned '0': CMAKE_PREFIX_PATH=${CMAKE_PREFIX_PATH}:/opt/ros/humble /usr/bin/cmake --install /home/annette-robosync/new_ws/build/new_package
[59.120s] Level 1:colcon.colcon_core.environment:checking '/home/annette-robosync/new_ws/install/new_package' for CMake module files
[59.121s] Level 1:colcon.colcon_core.environment:checking '/home/annette-robosync/new_ws/install/new_package' for CMake config files
[59.122s] Level 1:colcon.colcon_core.shell:create_environment_hook('new_package', 'cmake_prefix_path')
[59.123s] INFO:colcon.colcon_core.shell:Creating environment hook '/home/annette-robosync/new_ws/install/new_package/share/new_package/hook/cmake_prefix_path.ps1'
[59.125s] INFO:colcon.colcon_core.shell:Creating environment descriptor '/home/annette-robosync/new_ws/install/new_package/share/new_package/hook/cmake_prefix_path.dsv'
[59.126s] INFO:colcon.colcon_core.shell:Creating environment hook '/home/annette-robosync/new_ws/install/new_package/share/new_package/hook/cmake_prefix_path.sh'
[59.128s] Level 1:colcon.colcon_core.environment:checking '/home/annette-robosync/new_ws/install/new_package/lib'
[59.129s] Level 1:colcon.colcon_core.environment:checking '/home/annette-robosync/new_ws/install/new_package/bin'
[59.129s] Level 1:colcon.colcon_core.environment:checking '/home/annette-robosync/new_ws/install/new_package/lib/pkgconfig/new_package.pc'
[59.132s] Level 1:colcon.colcon_core.environment:checking '/home/annette-robosync/new_ws/install/new_package/lib/python3.10/site-packages'
[59.132s] Level 1:colcon.colcon_core.shell:create_environment_hook('new_package', 'pythonpath')
[59.133s] INFO:colcon.colcon_core.shell:Creating environment hook '/home/annette-robosync/new_ws/install/new_package/share/new_package/hook/pythonpath.ps1'
[59.134s] INFO:colcon.colcon_core.shell:Creating environment descriptor '/home/annette-robosync/new_ws/install/new_package/share/new_package/hook/pythonpath.dsv'
[59.136s] INFO:colcon.colcon_core.shell:Creating environment hook '/home/annette-robosync/new_ws/install/new_package/share/new_package/hook/pythonpath.sh'
[59.137s] Level 1:colcon.colcon_core.environment:checking '/home/annette-robosync/new_ws/install/new_package/bin'
[59.139s] INFO:colcon.colcon_core.shell:Creating package script '/home/annette-robosync/new_ws/install/new_package/share/new_package/package.ps1'
[59.142s] INFO:colcon.colcon_core.shell:Creating package descriptor '/home/annette-robosync/new_ws/install/new_package/share/new_package/package.dsv'
[59.144s] INFO:colcon.colcon_core.shell:Creating package script '/home/annette-robosync/new_ws/install/new_package/share/new_package/package.sh'
[59.147s] INFO:colcon.colcon_core.shell:Creating package script '/home/annette-robosync/new_ws/install/new_package/share/new_package/package.bash'
[59.149s] INFO:colcon.colcon_core.shell:Creating package script '/home/annette-robosync/new_ws/install/new_package/share/new_package/package.zsh'
[59.151s] Level 1:colcon.colcon_core.environment:create_file_with_runtime_dependencies(/home/annette-robosync/new_ws/install/new_package/share/colcon-core/packages/new_package)
[59.153s] Level 1:colcon.colcon_core.environment:create_environment_scripts_only(new_package)
[59.154s] Level 1:colcon.colcon_core.environment:checking '/home/annette-robosync/new_ws/install/new_package' for CMake module files
[59.157s] Level 1:colcon.colcon_core.environment:checking '/home/annette-robosync/new_ws/install/new_package' for CMake config files
[59.159s] Level 1:colcon.colcon_core.shell:create_environment_hook('new_package', 'cmake_prefix_path')
[59.160s] INFO:colcon.colcon_core.shell:Creating environment hook '/home/annette-robosync/new_ws/install/new_package/share/new_package/hook/cmake_prefix_path.ps1'
[59.165s] INFO:colcon.colcon_core.shell:Creating environment descriptor '/home/annette-robosync/new_ws/install/new_package/share/new_package/hook/cmake_prefix_path.dsv'
[59.168s] INFO:colcon.colcon_core.shell:Creating environment hook '/home/annette-robosync/new_ws/install/new_package/share/new_package/hook/cmake_prefix_path.sh'
[59.170s] Level 1:colcon.colcon_core.environment:checking '/home/annette-robosync/new_ws/install/new_package/lib'
[59.170s] Level 1:colcon.colcon_core.environment:checking '/home/annette-robosync/new_ws/install/new_package/bin'
[59.171s] Level 1:colcon.colcon_core.environment:checking '/home/annette-robosync/new_ws/install/new_package/lib/pkgconfig/new_package.pc'
[59.171s] Level 1:colcon.colcon_core.environment:checking '/home/annette-robosync/new_ws/install/new_package/lib/python3.10/site-packages'
[59.171s] Level 1:colcon.colcon_core.shell:create_environment_hook('new_package', 'pythonpath')
[59.172s] INFO:colcon.colcon_core.shell:Creating environment hook '/home/annette-robosync/new_ws/install/new_package/share/new_package/hook/pythonpath.ps1'
[59.174s] INFO:colcon.colcon_core.shell:Creating environment descriptor '/home/annette-robosync/new_ws/install/new_package/share/new_package/hook/pythonpath.dsv'
[59.177s] INFO:colcon.colcon_core.shell:Creating environment hook '/home/annette-robosync/new_ws/install/new_package/share/new_package/hook/pythonpath.sh'
[59.180s] Level 1:colcon.colcon_core.environment:checking '/home/annette-robosync/new_ws/install/new_package/bin'
[59.183s] INFO:colcon.colcon_core.shell:Creating package script '/home/annette-robosync/new_ws/install/new_package/share/new_package/package.ps1'
[59.185s] INFO:colcon.colcon_core.shell:Creating package descriptor '/home/annette-robosync/new_ws/install/new_package/share/new_package/package.dsv'
[59.186s] INFO:colcon.colcon_core.shell:Creating package script '/home/annette-robosync/new_ws/install/new_package/share/new_package/package.sh'
[59.187s] INFO:colcon.colcon_core.shell:Creating package script '/home/annette-robosync/new_ws/install/new_package/share/new_package/package.bash'
[59.189s] INFO:colcon.colcon_core.shell:Creating package script '/home/annette-robosync/new_ws/install/new_package/share/new_package/package.zsh'
[59.190s] Level 1:colcon.colcon_core.environment:create_file_with_runtime_dependencies(/home/annette-robosync/new_ws/install/new_package/share/colcon-core/packages/new_package)
[59.192s] DEBUG:colcon.colcon_parallel_executor.executor.parallel:closing loop
[59.194s] DEBUG:colcon.colcon_parallel_executor.executor.parallel:loop closed
[59.194s] DEBUG:colcon.colcon_parallel_executor.executor.parallel:run_until_complete finished with '0'
[59.195s] DEBUG:colcon.colcon_core.event_reactor:joining thread
[59.262s] INFO:colcon.colcon_core.plugin_system:Skipping extension 'colcon_notification.desktop_notification.notify_send': Could not find 'notify-send'
[59.262s] INFO:colcon.colcon_core.plugin_system:Skipping extension 'colcon_notification.desktop_notification.terminal_notifier': Not used on non-Darwin systems
[59.262s] INFO:colcon.colcon_core.plugin_system:Skipping extension 'colcon_notification.desktop_notification.win32': Not used on non-Windows systems
[59.263s] INFO:colcon.colcon_notification.desktop_notification:Sending desktop notification using 'notify2'
[59.263s] DEBUG:colcon.colcon_notification.desktop_notification.notify2:Failed to initialize notify2: org.freedesktop.DBus.Error.FileNotFound: Failed to connect to socket /run/user/1000/bus: No such file or directory
[59.263s] DEBUG:colcon.colcon_core.event_reactor:joined thread
[59.264s] INFO:colcon.colcon_core.shell:Creating prefix script '/home/annette-robosync/new_ws/install/local_setup.ps1'
[59.267s] INFO:colcon.colcon_core.shell:Creating prefix util module '/home/annette-robosync/new_ws/install/_local_setup_util_ps1.py'
[59.277s] INFO:colcon.colcon_core.shell:Creating prefix chain script '/home/annette-robosync/new_ws/install/setup.ps1'
[59.280s] INFO:colcon.colcon_core.shell:Creating prefix script '/home/annette-robosync/new_ws/install/local_setup.sh'
[59.282s] INFO:colcon.colcon_core.shell:Creating prefix util module '/home/annette-robosync/new_ws/install/_local_setup_util_sh.py'
[59.284s] INFO:colcon.colcon_core.shell:Creating prefix chain script '/home/annette-robosync/new_ws/install/setup.sh'
[59.287s] INFO:colcon.colcon_core.shell:Creating prefix script '/home/annette-robosync/new_ws/install/local_setup.bash'
[59.289s] INFO:colcon.colcon_core.shell:Creating prefix chain script '/home/annette-robosync/new_ws/install/setup.bash'
[59.291s] INFO:colcon.colcon_core.shell:Creating prefix script '/home/annette-robosync/new_ws/install/local_setup.zsh'
[59.294s] INFO:colcon.colcon_core.shell:Creating prefix chain script '/home/annette-robosync/new_ws/install/setup.zsh'
