[4.260s] Invoking command in '/home/annette-robosync/new_ws/src/new_package': PYTHONPATH=/home/annette-robosync/new_ws/build/new_package/prefix_override:/usr/lib/python3/dist-packages/colcon_core/task/python/colcon_distutils_commands:/home/annette-robosync/new_ws/install/new_package/lib/python3.10/site-packages:${PYTHONPATH} /usr/bin/python3 -W ignore:setup.py install is deprecated -W ignore:easy_install command is deprecated setup.py egg_info --egg-base ../../build/new_package build --build-base /home/annette-robosync/new_ws/build/new_package/build install --record /home/annette-robosync/new_ws/build/new_package/install.log --single-version-externally-managed install_data
[5.253s] running egg_info
[5.255s] writing ../../build/new_package/new_package.egg-info/PKG-INFO
[5.255s] writing dependency_links to ../../build/new_package/new_package.egg-info/dependency_links.txt
[5.256s] writing entry points to ../../build/new_package/new_package.egg-info/entry_points.txt
[5.256s] writing requirements to ../../build/new_package/new_package.egg-info/requires.txt
[5.257s] writing top-level names to ../../build/new_package/new_package.egg-info/top_level.txt
[5.263s] reading manifest file '../../build/new_package/new_package.egg-info/SOURCES.txt'
[5.265s] writing manifest file '../../build/new_package/new_package.egg-info/SOURCES.txt'
[5.266s] running build
[5.267s] running build_py
[5.268s] running install
[5.269s] running install_lib
[5.273s] running install_data
[5.273s] copying launch/robot.launch.py -> /home/annette-robosync/new_ws/install/new_package/share/new_package/launch
[5.278s] running install_egg_info
[5.283s] removing '/home/annette-robosync/new_ws/install/new_package/lib/python3.10/site-packages/new_package-0.0.0-py3.10.egg-info' (and everything under it)
[5.289s] Copying ../../build/new_package/new_package.egg-info to /home/annette-robosync/new_ws/install/new_package/lib/python3.10/site-packages/new_package-0.0.0-py3.10.egg-info
[5.296s] running install_scripts
[5.370s] writing list of installed files to '/home/annette-robosync/new_ws/build/new_package/install.log'
[5.452s] Invoked command in '/home/annette-robosync/new_ws/src/new_package' returned '0': PYTHONPATH=/home/annette-robosync/new_ws/build/new_package/prefix_override:/usr/lib/python3/dist-packages/colcon_core/task/python/colcon_distutils_commands:/home/annette-robosync/new_ws/install/new_package/lib/python3.10/site-packages:${PYTHONPATH} /usr/bin/python3 -W ignore:setup.py install is deprecated -W ignore:easy_install command is deprecated setup.py egg_info --egg-base ../../build/new_package build --build-base /home/annette-robosync/new_ws/build/new_package/build install --record /home/annette-robosync/new_ws/build/new_package/install.log --single-version-externally-managed install_data
