[3.252s] Invoking command in '/home/annette-robosync/new_ws/src/new_package': PYTHONPATH=/home/annette-robosync/new_ws/build/new_package/prefix_override:/usr/lib/python3/dist-packages/colcon_core/task/python/colcon_distutils_commands:/home/annette-robosync/new_ws/install/new_package/lib/python3.10/site-packages:${PYTHONPATH} /usr/bin/python3 -W ignore:setup.py install is deprecated -W ignore:easy_install command is deprecated setup.py egg_info --egg-base ../../build/new_package build --build-base /home/annette-robosync/new_ws/build/new_package/build install --record /home/annette-robosync/new_ws/build/new_package/install.log --single-version-externally-managed install_data
[4.263s] running egg_info
[4.265s] writing ../../build/new_package/new_package.egg-info/PKG-INFO
[4.266s] writing dependency_links to ../../build/new_package/new_package.egg-info/dependency_links.txt
[4.266s] writing entry points to ../../build/new_package/new_package.egg-info/entry_points.txt
[4.266s] writing requirements to ../../build/new_package/new_package.egg-info/requires.txt
[4.266s] writing top-level names to ../../build/new_package/new_package.egg-info/top_level.txt
[4.276s] reading manifest file '../../build/new_package/new_package.egg-info/SOURCES.txt'
[4.280s] writing manifest file '../../build/new_package/new_package.egg-info/SOURCES.txt'
[4.280s] running build
[4.280s] running build_py
[4.282s] running install
[4.283s] running install_lib
[4.288s] running install_data
[4.289s] running install_egg_info
[4.295s] removing '/home/annette-robosync/new_ws/install/new_package/lib/python3.10/site-packages/new_package-0.0.0-py3.10.egg-info' (and everything under it)
[4.296s] Copying ../../build/new_package/new_package.egg-info to /home/annette-robosync/new_ws/install/new_package/lib/python3.10/site-packages/new_package-0.0.0-py3.10.egg-info
[4.304s] running install_scripts
[4.368s] writing list of installed files to '/home/annette-robosync/new_ws/build/new_package/install.log'
[4.446s] Invoked command in '/home/annette-robosync/new_ws/src/new_package' returned '0': PYTHONPATH=/home/annette-robosync/new_ws/build/new_package/prefix_override:/usr/lib/python3/dist-packages/colcon_core/task/python/colcon_distutils_commands:/home/annette-robosync/new_ws/install/new_package/lib/python3.10/site-packages:${PYTHONPATH} /usr/bin/python3 -W ignore:setup.py install is deprecated -W ignore:easy_install command is deprecated setup.py egg_info --egg-base ../../build/new_package build --build-base /home/annette-robosync/new_ws/build/new_package/build install --record /home/annette-robosync/new_ws/build/new_package/install.log --single-version-externally-managed install_data
