[0.058s] Invoking command in '/home/annette-robosync/new_ws/build/new_package': CMAKE_PREFIX_PATH=${CMAKE_PREFIX_PATH}:/opt/ros/humble /usr/bin/cmake --build /home/annette-robosync/new_ws/build/new_package -- -j4 -l4
[0.227s] -- Found ament_cmake: 1.3.12 (/opt/ros/humble/share/ament_cmake/cmake)
[0.697s] -- Override CMake install command with custom implementation using symlinks instead of copying resources
[0.750s] -- Found xacro: 2.0.13 (/opt/ros/humble/share/xacro/cmake)
[0.752s] -- Found robot_state_publisher: 3.0.3 (/opt/ros/humble/share/robot_state_publisher/cmake)
[1.052s] -- Found rosidl_generator_c: 3.1.7 (/opt/ros/humble/share/rosidl_generator_c/cmake)
[1.060s] -- Found rosidl_adapter: 3.1.7 (/opt/ros/humble/share/rosidl_adapter/cmake)
[1.080s] -- Found rosidl_generator_cpp: 3.1.7 (/opt/ros/humble/share/rosidl_generator_cpp/cmake)
[1.110s] -- Using all available rosidl_typesupport_c: rosidl_typesupport_fastrtps_c;rosidl_typesupport_introspection_c
[1.159s] -- Using all available rosidl_typesupport_cpp: rosidl_typesupport_fastrtps_cpp;rosidl_typesupport_introspection_cpp
[1.298s] -- Found eigen3_cmake_module: 0.1.1 (/opt/ros/humble/share/eigen3_cmake_module/cmake)
[1.301s] -- Ensuring Eigen3 include directory is part of orocos-kdl CMake target
[1.404s] -- Found rmw_implementation_cmake: 6.1.2 (/opt/ros/humble/share/rmw_implementation_cmake/cmake)
[1.409s] -- Found rmw_fastrtps_cpp: 6.2.8 (/opt/ros/humble/share/rmw_fastrtps_cpp/cmake)
[11.878s] -- Using RMW implementation 'rmw_fastrtps_cpp' as default
[16.068s] -- Found gazebo_ros: 3.9.0 (/opt/ros/humble/share/gazebo_ros/cmake)
[16.173s] -- Found DART: /usr/include (Required is at least version "6.6") found components: dart 
[16.276s] -- Found Protobuf: /usr/lib/x86_64-linux-gnu/libprotobuf.so (found version "3.12.4") 
[16.280s] -- Looking for ignition-math6 -- found version 6.15.1
[16.296s] -- Searching for dependencies of ignition-math6
[16.300s] -- Looking for OGRE...
[16.323s] -- Found Ogre Ghadamon (1.9.0)
[16.325s] -- Found OGRE: optimized;/usr/lib/x86_64-linux-gnu/libOgreMain.so;debug;/usr/lib/x86_64-linux-gnu/libOgreMain.so
[16.352s] -- Looking for OGRE_Paging...
[16.354s] -- Found OGRE_Paging: optimized;/usr/lib/x86_64-linux-gnu/libOgrePaging.so;debug;/usr/lib/x86_64-linux-gnu/libOgrePaging.so
[16.354s] -- Looking for OGRE_Terrain...
[16.355s] -- Found OGRE_Terrain: optimized;/usr/lib/x86_64-linux-gnu/libOgreTerrain.so;debug;/usr/lib/x86_64-linux-gnu/libOgreTerrain.so
[16.357s] -- Looking for OGRE_Property...
[16.358s] -- Found OGRE_Property: optimized;/usr/lib/x86_64-linux-gnu/libOgreProperty.so;debug;/usr/lib/x86_64-linux-gnu/libOgreProperty.so
[16.358s] -- Looking for OGRE_RTShaderSystem...
[16.358s] -- Found OGRE_RTShaderSystem: optimized;/usr/lib/x86_64-linux-gnu/libOgreRTShaderSystem.so;debug;/usr/lib/x86_64-linux-gnu/libOgreRTShaderSystem.so
[16.358s] -- Looking for OGRE_Volume...
[16.358s] -- Found OGRE_Volume: optimized;/usr/lib/x86_64-linux-gnu/libOgreVolume.so;debug;/usr/lib/x86_64-linux-gnu/libOgreVolume.so
[16.358s] -- Looking for OGRE_Overlay...
[16.359s] -- Found OGRE_Overlay: optimized;/usr/lib/x86_64-linux-gnu/libOgreOverlay.so;debug;/usr/lib/x86_64-linux-gnu/libOgreOverlay.so
[41.926s] -- Looking for ignition-math6 -- found version 6.15.1
[41.927s] -- Looking for ignition-transport8 -- found version 8.2.1
[41.929s] -- Searching for dependencies of ignition-transport8
[43.884s] -- Found Protobuf: /usr/lib/x86_64-linux-gnu/libprotobuf.so (found suitable version "3.12.4", minimum required is "3") 
[45.659s] -- Config-file not installed for ZeroMQ -- checking for pkg-config
[45.671s] -- Checking for module 'libzmq >= 4'
[45.738s] --   Found libzmq , version 4.3.4
[45.912s] -- Checking for module 'uuid'
[46.011s] --   Found uuid, version 2.37.2
[46.135s] -- Looking for ignition-msgs5 -- found version 5.8.1
[46.137s] -- Searching for dependencies of ignition-msgs5
[48.104s] -- Looking for ignition-math6 -- found version 6.15.1
[48.157s] -- Looking for ignition-msgs5 -- found version 5.8.1
[48.158s] -- Looking for ignition-common3 -- found version 3.14.0
[48.158s] -- Searching for dependencies of ignition-common3
[48.158s] -- Looking for dlfcn.h - found
[48.158s] -- Looking for libdl - found
[48.305s] -- Searching for <ignition-common3> component [graphics]
[48.315s] -- Looking for ignition-common3-graphics -- found version 3.14.0
[48.321s] -- Searching for dependencies of ignition-common3-graphics
[48.321s] -- Looking for ignition-math6 -- found version 6.15.1
[48.322s] -- Looking for ignition-fuel_tools4 -- found version 4.4.0
[48.322s] -- Searching for dependencies of ignition-fuel_tools4
[50.396s] -- Checking for module 'jsoncpp'
[50.441s] --   Found jsoncpp, version 1.9.5
[50.548s] -- Checking for module 'libzip'
[50.582s] --   Found libzip, version 1.7.3
[50.669s] -- Looking for ignition-common3 -- found version 3.14.0
[50.670s] -- Looking for ignition-math6 -- found version 6.15.1
[50.671s] -- Looking for ignition-msgs5 -- found version 5.8.1
[50.677s] -- Gazebo version: 11.10
[50.684s] -- Found ament_lint_auto: 0.12.14 (/opt/ros/humble/share/ament_lint_auto/cmake)
[58.590s] -- Configuring done
[58.633s] -- Generating done
[58.648s] -- Build files have been written to: /home/annette-robosync/new_ws/build/new_package
[58.762s] Invoked command in '/home/annette-robosync/new_ws/build/new_package' returned '0': CMAKE_PREFIX_PATH=${CMAKE_PREFIX_PATH}:/opt/ros/humble /usr/bin/cmake --build /home/annette-robosync/new_ws/build/new_package -- -j4 -l4
[58.793s] Invoking command in '/home/annette-robosync/new_ws/build/new_package': CMAKE_PREFIX_PATH=${CMAKE_PREFIX_PATH}:/opt/ros/humble /usr/bin/cmake --install /home/annette-robosync/new_ws/build/new_package
[58.808s] -- Install configuration: ""
[58.812s] -- Execute custom install script
[58.818s] -- Up-to-date symlink: /home/annette-robosync/new_ws/install/new_package/share/new_package/urdf/zeta.urdf.xacro
[58.824s] -- Up-to-date symlink: /home/annette-robosync/new_ws/install/new_package/share/new_package/launch/robot.launch.py
[58.824s] -- Up-to-date symlink: /home/annette-robosync/new_ws/install/new_package/share/new_package/launch/simulate.launch.py
[58.825s] -- Up-to-date symlink: /home/annette-robosync/new_ws/install/new_package/share/new_package/config/diff_drive_controllers.yaml
[58.825s] -- Up-to-date symlink: /home/annette-robosync/new_ws/install/new_package/share/new_package/config/zeta.rviz
[58.826s] -- Up-to-date symlink: /home/annette-robosync/new_ws/install/new_package/share/new_package/worlds/empty.world
[58.832s] -- Up-to-date symlink: /home/annette-robosync/new_ws/install/new_package/share/ament_index/resource_index/package_run_dependencies/new_package
[58.832s] -- Up-to-date symlink: /home/annette-robosync/new_ws/install/new_package/share/ament_index/resource_index/parent_prefix_path/new_package
[58.833s] -- Up-to-date symlink: /home/annette-robosync/new_ws/install/new_package/share/new_package/environment/ament_prefix_path.sh
[58.833s] -- Up-to-date symlink: /home/annette-robosync/new_ws/install/new_package/share/new_package/environment/ament_prefix_path.dsv
[58.834s] -- Up-to-date symlink: /home/annette-robosync/new_ws/install/new_package/share/new_package/environment/path.sh
[58.835s] -- Up-to-date symlink: /home/annette-robosync/new_ws/install/new_package/share/new_package/environment/path.dsv
[58.835s] -- Up-to-date symlink: /home/annette-robosync/new_ws/install/new_package/share/new_package/local_setup.bash
[58.836s] -- Up-to-date symlink: /home/annette-robosync/new_ws/install/new_package/share/new_package/local_setup.sh
[58.836s] -- Up-to-date symlink: /home/annette-robosync/new_ws/install/new_package/share/new_package/local_setup.zsh
[58.837s] -- Up-to-date symlink: /home/annette-robosync/new_ws/install/new_package/share/new_package/local_setup.dsv
[58.838s] -- Symlinking: /home/annette-robosync/new_ws/install/new_package/share/new_package/package.dsv
[58.864s] -- Up-to-date symlink: /home/annette-robosync/new_ws/install/new_package/share/ament_index/resource_index/packages/new_package
[58.864s] -- Up-to-date symlink: /home/annette-robosync/new_ws/install/new_package/share/new_package/cmake/ament_cmake_export_dependencies-extras.cmake
[58.865s] -- Up-to-date symlink: /home/annette-robosync/new_ws/install/new_package/share/new_package/cmake/new_packageConfig.cmake
[58.865s] -- Up-to-date symlink: /home/annette-robosync/new_ws/install/new_package/share/new_package/cmake/new_packageConfig-version.cmake
[58.866s] -- Up-to-date symlink: /home/annette-robosync/new_ws/install/new_package/share/new_package/package.xml
[58.873s] Invoked command in '/home/annette-robosync/new_ws/build/new_package' returned '0': CMAKE_PREFIX_PATH=${CMAKE_PREFIX_PATH}:/opt/ros/humble /usr/bin/cmake --install /home/annette-robosync/new_ws/build/new_package
