[0.046s] Invoking command in '/home/annette-robosync/new_ws/build/new_package': CMAKE_PREFIX_PATH=${CMAKE_PREFIX_PATH}:/opt/ros/humble /usr/bin/cmake --build /home/annette-robosync/new_ws/build/new_package -- -j4 -l4
[0.149s] -- Found ament_cmake: 1.3.12 (/opt/ros/humble/share/ament_cmake/cmake)
[0.559s] -- Override CMake install command with custom implementation using symlinks instead of copying resources
[0.593s] -- Found xacro: 2.0.13 (/opt/ros/humble/share/xacro/cmake)
[0.594s] -- Found robot_state_publisher: 3.0.3 (/opt/ros/humble/share/robot_state_publisher/cmake)
[0.855s] -- Found rosidl_generator_c: 3.1.7 (/opt/ros/humble/share/rosidl_generator_c/cmake)
[0.864s] -- Found rosidl_adapter: 3.1.7 (/opt/ros/humble/share/rosidl_adapter/cmake)
[0.885s] -- Found rosidl_generator_cpp: 3.1.7 (/opt/ros/humble/share/rosidl_generator_cpp/cmake)
[0.916s] -- Using all available rosidl_typesupport_c: rosidl_typesupport_fastrtps_c;rosidl_typesupport_introspection_c
[0.963s] -- Using all available rosidl_typesupport_cpp: rosidl_typesupport_fastrtps_cpp;rosidl_typesupport_introspection_cpp
[1.095s] -- Found eigen3_cmake_module: 0.1.1 (/opt/ros/humble/share/eigen3_cmake_module/cmake)
[1.100s] -- Ensuring Eigen3 include directory is part of orocos-kdl CMake target
[1.204s] -- Found rmw_implementation_cmake: 6.1.2 (/opt/ros/humble/share/rmw_implementation_cmake/cmake)
[1.209s] -- Found rmw_fastrtps_cpp: 6.2.8 (/opt/ros/humble/share/rmw_fastrtps_cpp/cmake)
[8.542s] -- Using RMW implementation 'rmw_fastrtps_cpp' as default
[12.506s] -- Configuring incomplete, errors occurred!
[12.506s] See also "/home/annette-robosync/new_ws/build/new_package/CMakeFiles/CMakeOutput.log".
[12.508s] [31mCMake Error at CMakeLists.txt:13 (find_package):
[12.508s]   By not providing "Findignition-gazebo5.cmake" in CMAKE_MODULE_PATH this
[12.508s]   project has asked CMake to find a package configuration file provided by
[12.508s]   "ignition-gazebo5", but CMake did not find one.
[12.508s] 
[12.508s]   Could not find a package configuration file provided by "ignition-gazebo5"
[12.508s]   with any of the following names:
[12.509s] 
[12.509s]     ignition-gazebo5Config.cmake
[12.509s]     ignition-gazebo5-config.cmake
[12.509s] 
[12.509s]   Add the installation prefix of "ignition-gazebo5" to CMAKE_PREFIX_PATH or
[12.509s]   set "ignition-gazebo5_DIR" to a directory containing one of the above
[12.509s]   files.  If "ignition-gazebo5" provides a separate development package or
[12.510s]   SDK, be sure it has been installed.
[12.510s] 
[12.510s] [0m
[12.526s] gmake: *** [Makefile:226: cmake_check_build_system] Error 1
[12.532s] Invoked command in '/home/annette-robosync/new_ws/build/new_package' returned '2': CMAKE_PREFIX_PATH=${CMAKE_PREFIX_PATH}:/opt/ros/humble /usr/bin/cmake --build /home/annette-robosync/new_ws/build/new_package -- -j4 -l4
