[0.055s] Invoking command in '/root/Dojo/Dojo/build/robot_control': CMAKE_PREFIX_PATH=${CMAKE_PREFIX_PATH}:/root/Dojo/install/robot_hardware:/opt/ros/humble /usr/bin/cmake --build /root/Dojo/Dojo/build/robot_control -- -j16 -l16
[1.652s] Invoked command in '/root/Dojo/Dojo/build/robot_control' returned '0': CMAKE_PREFIX_PATH=${CMAKE_PREFIX_PATH}:/root/Dojo/install/robot_hardware:/opt/ros/humble /usr/bin/cmake --build /root/Dojo/Dojo/build/robot_control -- -j16 -l16
[1.654s] Invoking command in '/root/Dojo/Dojo/build/robot_control': CMAKE_PREFIX_PATH=${CMAKE_PREFIX_PATH}:/root/Dojo/install/robot_hardware:/opt/ros/humble /usr/bin/cmake --install /root/Dojo/Dojo/build/robot_control
[1.984s] -- Install configuration: "Release"
[1.984s] -- Execute custom install script
[1.984s] -- Up-to-date symlink: /root/Dojo/Dojo/install/robot_control/share/robot_control/launch/control.launch.py
[1.984s] -- Up-to-date symlink: /root/Dojo/Dojo/install/robot_control/share/robot_control/launch/robot_control.launch.py
[1.985s] -- Up-to-date symlink: /root/Dojo/Dojo/install/robot_control/share/robot_control/config/arduino.yaml
[1.986s] -- Up-to-date symlink: /root/Dojo/Dojo/install/robot_control/share/robot_control/config/controllers.yaml
[1.986s] -- Up-to-date symlink: /root/Dojo/Dojo/install/robot_control/share/robot_control/config/robot_control_params.yaml
[1.987s] -- Up-to-date symlink: /root/Dojo/Dojo/install/robot_control/share/robot_control/config/twist_mux.yaml
[1.987s] -- Up-to-date symlink: /root/Dojo/Dojo/install/robot_control/share/robot_control/package.xml
[1.987s] -- Up-to-date symlink: /root/Dojo/Dojo/install/robot_control/share/robot_control/setup.py
[1.987s] -- Up-to-date symlink: /root/Dojo/Dojo/install/robot_control/share/robot_control/setup.cfg
[1.988s] -- Up-to-date symlink: /root/Dojo/Dojo/install/robot_control/share/ament_index/resource_index/package_run_dependencies/robot_control
[1.988s] -- Up-to-date symlink: /root/Dojo/Dojo/install/robot_control/share/ament_index/resource_index/parent_prefix_path/robot_control
[1.988s] -- Up-to-date symlink: /root/Dojo/Dojo/install/robot_control/share/robot_control/environment/ament_prefix_path.sh
[1.989s] -- Up-to-date symlink: /root/Dojo/Dojo/install/robot_control/share/robot_control/environment/ament_prefix_path.dsv
[1.990s] -- Up-to-date symlink: /root/Dojo/Dojo/install/robot_control/share/robot_control/environment/path.sh
[1.990s] -- Up-to-date symlink: /root/Dojo/Dojo/install/robot_control/share/robot_control/environment/path.dsv
[1.991s] -- Up-to-date symlink: /root/Dojo/Dojo/install/robot_control/share/robot_control/local_setup.bash
[1.991s] -- Up-to-date symlink: /root/Dojo/Dojo/install/robot_control/share/robot_control/local_setup.sh
[1.992s] -- Up-to-date symlink: /root/Dojo/Dojo/install/robot_control/share/robot_control/local_setup.zsh
[1.993s] -- Up-to-date symlink: /root/Dojo/Dojo/install/robot_control/share/robot_control/local_setup.dsv
[1.994s] -- Symlinking: /root/Dojo/Dojo/install/robot_control/share/robot_control/package.dsv
[1.995s] -- Up-to-date symlink: /root/Dojo/Dojo/install/robot_control/share/ament_index/resource_index/packages/robot_control
[1.995s] -- Up-to-date symlink: /root/Dojo/Dojo/install/robot_control/share/robot_control/cmake/robot_controlConfig.cmake
[1.996s] -- Up-to-date symlink: /root/Dojo/Dojo/install/robot_control/share/robot_control/cmake/robot_controlConfig-version.cmake
[1.997s] -- Up-to-date symlink: /root/Dojo/Dojo/install/robot_control/share/robot_control/package.xml
[1.998s] -- Up-to-date: /robot_control
[1.998s] -- Up-to-date: /robot_control/__init__.py
[2.024s] Invoked command in '/root/Dojo/Dojo/build/robot_control' returned '0': CMAKE_PREFIX_PATH=${CMAKE_PREFIX_PATH}:/root/Dojo/install/robot_hardware:/opt/ros/humble /usr/bin/cmake --install /root/Dojo/Dojo/build/robot_control
