[1.025s] DEBUG:colcon:Command line arguments: ['/usr/bin/colcon', 'build']
[1.025s] DEBUG:colcon:Parsed command line arguments: Namespace(log_base=None, log_level=None, verb_name='build', build_base='build', install_base='install', merge_install=False, symlink_install=False, test_result_base=None, continue_on_error=False, executor='parallel', parallel_workers=4, event_handlers=None, ignore_user_meta=False, metas=['./colcon.meta'], base_paths=['.'], packages_ignore=None, packages_ignore_regex=None, paths=None, packages_up_to=None, packages_up_to_regex=None, packages_above=None, packages_above_and_dependencies=None, packages_above_depth=None, packages_select_by_dep=None, packages_skip_by_dep=None, packages_skip_up_to=None, packages_select_build_failed=False, packages_skip_build_finished=False, packages_select_test_failures=False, packages_skip_test_passed=False, packages_select=None, packages_skip=None, packages_select_regex=None, packages_skip_regex=None, packages_start=None, packages_end=None, allow_overriding=[], cmake_args=None, cmake_target=None, cmake_target_skip_unavailable=False, cmake_clean_cache=False, cmake_clean_first=False, cmake_force_configure=False, ament_cmake_args=None, catkin_cmake_args=None, catkin_skip_building_tests=False, mixin_files=None, mixin=None, verb_parser=<colcon_mixin.mixin.mixin_argument.MixinArgumentDecorator object at 0x7f6a8e5460e0>, verb_extension=<colcon_core.verb.build.BuildVerb object at 0x7f6a8e6c2bf0>, main=<bound method BuildVerb.main of <colcon_core.verb.build.BuildVerb object at 0x7f6a8e6c2bf0>>, mixin_verb=('build',))
[2.019s] Level 1:colcon.colcon_core.package_discovery:discover_packages(colcon_meta) check parameters
[2.019s] Level 1:colcon.colcon_core.package_discovery:discover_packages(recursive) check parameters
[2.019s] Level 1:colcon.colcon_core.package_discovery:discover_packages(ignore) check parameters
[2.019s] Level 1:colcon.colcon_core.package_discovery:discover_packages(path) check parameters
[2.019s] Level 1:colcon.colcon_core.package_discovery:discover_packages(colcon_meta) discover
[2.020s] Level 1:colcon.colcon_core.package_discovery:discover_packages(recursive) discover
[2.020s] INFO:colcon.colcon_core.package_discovery:Crawling recursively for packages in '/home/annette-robosync/new_ws'
[2.020s] Level 1:colcon.colcon_core.package_identification:_identify(.) by extensions ['ignore', 'ignore_ament_install']
[2.021s] Level 1:colcon.colcon_core.package_identification:_identify(.) by extension 'ignore'
[2.021s] Level 1:colcon.colcon_core.package_identification:_identify(.) by extension 'ignore_ament_install'
[2.021s] Level 1:colcon.colcon_core.package_identification:_identify(.) by extensions ['colcon_pkg']
[2.022s] Level 1:colcon.colcon_core.package_identification:_identify(.) by extension 'colcon_pkg'
[2.022s] Level 1:colcon.colcon_core.package_identification:_identify(.) by extensions ['colcon_meta']
[2.022s] Level 1:colcon.colcon_core.package_identification:_identify(.) by extension 'colcon_meta'
[2.022s] Level 1:colcon.colcon_core.package_identification:_identify(.) by extensions ['ros']
[2.022s] Level 1:colcon.colcon_core.package_identification:_identify(.) by extension 'ros'
[2.098s] Level 1:colcon.colcon_core.package_identification:_identify(.) by extensions ['cmake', 'python']
[2.098s] Level 1:colcon.colcon_core.package_identification:_identify(.) by extension 'cmake'
[2.099s] Level 1:colcon.colcon_core.package_identification:_identify(.) by extension 'python'
[2.099s] Level 1:colcon.colcon_core.package_identification:_identify(.) by extensions ['python_setup_py']
[2.100s] Level 1:colcon.colcon_core.package_identification:_identify(.) by extension 'python_setup_py'
[2.101s] Level 1:colcon.colcon_core.package_identification:_identify(build) by extensions ['ignore', 'ignore_ament_install']
[2.101s] Level 1:colcon.colcon_core.package_identification:_identify(build) by extension 'ignore'
[2.102s] Level 1:colcon.colcon_core.package_identification:_identify(build) ignored
[2.102s] Level 1:colcon.colcon_core.package_identification:_identify(install) by extensions ['ignore', 'ignore_ament_install']
[2.103s] Level 1:colcon.colcon_core.package_identification:_identify(install) by extension 'ignore'
[2.103s] Level 1:colcon.colcon_core.package_identification:_identify(install) ignored
[2.103s] Level 1:colcon.colcon_core.package_identification:_identify(log) by extensions ['ignore', 'ignore_ament_install']
[2.103s] Level 1:colcon.colcon_core.package_identification:_identify(log) by extension 'ignore'
[2.103s] Level 1:colcon.colcon_core.package_identification:_identify(log) ignored
[2.104s] Level 1:colcon.colcon_core.package_identification:_identify(src) by extensions ['ignore', 'ignore_ament_install']
[2.104s] Level 1:colcon.colcon_core.package_identification:_identify(src) by extension 'ignore'
[2.104s] Level 1:colcon.colcon_core.package_identification:_identify(src) by extension 'ignore_ament_install'
[2.104s] Level 1:colcon.colcon_core.package_identification:_identify(src) by extensions ['colcon_pkg']
[2.104s] Level 1:colcon.colcon_core.package_identification:_identify(src) by extension 'colcon_pkg'
[2.105s] Level 1:colcon.colcon_core.package_identification:_identify(src) by extensions ['colcon_meta']
[2.105s] Level 1:colcon.colcon_core.package_identification:_identify(src) by extension 'colcon_meta'
[2.105s] Level 1:colcon.colcon_core.package_identification:_identify(src) by extensions ['ros']
[2.105s] Level 1:colcon.colcon_core.package_identification:_identify(src) by extension 'ros'
[2.105s] Level 1:colcon.colcon_core.package_identification:_identify(src) by extensions ['cmake', 'python']
[2.105s] Level 1:colcon.colcon_core.package_identification:_identify(src) by extension 'cmake'
[2.106s] Level 1:colcon.colcon_core.package_identification:_identify(src) by extension 'python'
[2.106s] Level 1:colcon.colcon_core.package_identification:_identify(src) by extensions ['python_setup_py']
[2.106s] Level 1:colcon.colcon_core.package_identification:_identify(src) by extension 'python_setup_py'
[2.106s] Level 1:colcon.colcon_core.package_identification:_identify(src/new_package) by extensions ['ignore', 'ignore_ament_install']
[2.106s] Level 1:colcon.colcon_core.package_identification:_identify(src/new_package) by extension 'ignore'
[2.107s] Level 1:colcon.colcon_core.package_identification:_identify(src/new_package) by extension 'ignore_ament_install'
[2.107s] Level 1:colcon.colcon_core.package_identification:_identify(src/new_package) by extensions ['colcon_pkg']
[2.107s] Level 1:colcon.colcon_core.package_identification:_identify(src/new_package) by extension 'colcon_pkg'
[2.107s] Level 1:colcon.colcon_core.package_identification:_identify(src/new_package) by extensions ['colcon_meta']
[2.107s] Level 1:colcon.colcon_core.package_identification:_identify(src/new_package) by extension 'colcon_meta'
[2.107s] Level 1:colcon.colcon_core.package_identification:_identify(src/new_package) by extensions ['ros']
[2.107s] Level 1:colcon.colcon_core.package_identification:_identify(src/new_package) by extension 'ros'
[2.121s] DEBUG:colcon.colcon_core.package_identification:Package 'src/new_package' with type 'ros.ament_cmake' and name 'new_package'
[2.121s] Level 1:colcon.colcon_core.package_discovery:discover_packages(recursive) using defaults
[2.121s] Level 1:colcon.colcon_core.package_discovery:discover_packages(ignore) discover
[2.121s] Level 1:colcon.colcon_core.package_discovery:discover_packages(ignore) using defaults
[2.121s] Level 1:colcon.colcon_core.package_discovery:discover_packages(path) discover
[2.122s] Level 1:colcon.colcon_core.package_discovery:discover_packages(path) using defaults
[2.316s] Level 1:colcon.colcon_core.package_discovery:discover_packages(prefix_path) check parameters
[2.316s] Level 1:colcon.colcon_core.package_discovery:discover_packages(prefix_path) discover
[2.325s] WARNING:colcon.colcon_core.prefix_path.colcon:The path '/home/annette-robosync/polo_ws/install' in the environment variable COLCON_PREFIX_PATH doesn't exist
[2.336s] DEBUG:colcon.colcon_installed_package_information.package_discovery:Found 1 installed packages in /home/annette-robosync/new_ws/install
[2.348s] DEBUG:colcon.colcon_installed_package_information.package_discovery:Found 1 installed packages in /home/annette-robosync/polo/install
[2.360s] DEBUG:colcon.colcon_installed_package_information.package_discovery:Found 333 installed packages in /opt/ros/humble
[2.368s] Level 1:colcon.colcon_core.package_discovery:discover_packages(prefix_path) using defaults
[2.813s] Level 5:colcon.colcon_core.verb:set package 'new_package' build argument 'cmake_args' from command line to 'None'
[2.814s] Level 5:colcon.colcon_core.verb:set package 'new_package' build argument 'cmake_target' from command line to 'None'
[2.816s] Level 5:colcon.colcon_core.verb:set package 'new_package' build argument 'cmake_target_skip_unavailable' from command line to 'False'
[2.818s] Level 5:colcon.colcon_core.verb:set package 'new_package' build argument 'cmake_clean_cache' from command line to 'False'
[2.820s] Level 5:colcon.colcon_core.verb:set package 'new_package' build argument 'cmake_clean_first' from command line to 'False'
[2.820s] Level 5:colcon.colcon_core.verb:set package 'new_package' build argument 'cmake_force_configure' from command line to 'False'
[2.820s] Level 5:colcon.colcon_core.verb:set package 'new_package' build argument 'ament_cmake_args' from command line to 'None'
[2.820s] Level 5:colcon.colcon_core.verb:set package 'new_package' build argument 'catkin_cmake_args' from command line to 'None'
[2.820s] Level 5:colcon.colcon_core.verb:set package 'new_package' build argument 'catkin_skip_building_tests' from command line to 'False'
[2.821s] DEBUG:colcon.colcon_core.verb:Building package 'new_package' with the following arguments: {'ament_cmake_args': None, 'build_base': '/home/annette-robosync/new_ws/build/new_package', 'catkin_cmake_args': None, 'catkin_skip_building_tests': False, 'cmake_args': None, 'cmake_clean_cache': False, 'cmake_clean_first': False, 'cmake_force_configure': False, 'cmake_target': None, 'cmake_target_skip_unavailable': False, 'install_base': '/home/annette-robosync/new_ws/install/new_package', 'merge_install': False, 'path': '/home/annette-robosync/new_ws/src/new_package', 'symlink_install': False, 'test_result_base': None}
[2.822s] INFO:colcon.colcon_core.executor:Executing jobs using 'parallel' executor
[2.828s] DEBUG:colcon.colcon_parallel_executor.executor.parallel:run_until_complete
[2.833s] INFO:colcon.colcon_ros.task.ament_cmake.build:Building ROS package in '/home/annette-robosync/new_ws/src/new_package' with build type 'ament_cmake'
[2.835s] INFO:colcon.colcon_cmake.task.cmake.build:Building CMake package in '/home/annette-robosync/new_ws/src/new_package'
[2.854s] INFO:colcon.colcon_core.plugin_system:Skipping extension 'colcon_core.shell.bat': Not used on non-Windows systems
[2.855s] INFO:colcon.colcon_core.shell:Skip shell extension 'powershell' for command environment: Not usable outside of PowerShell
[2.856s] DEBUG:colcon.colcon_core.shell:Skip shell extension 'dsv' for command environment
[2.968s] DEBUG:colcon.colcon_core.event_handler.log_command:Invoking command in '/home/annette-robosync/new_ws/build/new_package': CMAKE_PREFIX_PATH=/home/annette-robosync/new_ws/install/new_package:/opt/ros/humble /usr/bin/cmake --build /home/annette-robosync/new_ws/build/new_package -- -j4 -l4
[20.095s] DEBUG:colcon.colcon_core.event_handler.log_command:Invoked command in '/home/annette-robosync/new_ws/build/new_package' returned '2': CMAKE_PREFIX_PATH=/home/annette-robosync/new_ws/install/new_package:/opt/ros/humble /usr/bin/cmake --build /home/annette-robosync/new_ws/build/new_package -- -j4 -l4
[20.098s] Level 1:colcon.colcon_core.environment:create_environment_scripts_only(new_package)
[20.117s] Level 1:colcon.colcon_core.environment:checking '/home/annette-robosync/new_ws/install/new_package' for CMake module files
[20.125s] Level 1:colcon.colcon_core.environment:checking '/home/annette-robosync/new_ws/install/new_package' for CMake config files
[20.133s] Level 1:colcon.colcon_core.shell:create_environment_hook('new_package', 'cmake_prefix_path')
[20.135s] INFO:colcon.colcon_core.shell:Creating environment hook '/home/annette-robosync/new_ws/install/new_package/share/new_package/hook/cmake_prefix_path.ps1'
[20.139s] INFO:colcon.colcon_core.shell:Creating environment descriptor '/home/annette-robosync/new_ws/install/new_package/share/new_package/hook/cmake_prefix_path.dsv'
[20.142s] INFO:colcon.colcon_core.shell:Creating environment hook '/home/annette-robosync/new_ws/install/new_package/share/new_package/hook/cmake_prefix_path.sh'
[20.147s] Level 1:colcon.colcon_core.environment:checking '/home/annette-robosync/new_ws/install/new_package/lib'
[20.148s] Level 1:colcon.colcon_core.environment:checking '/home/annette-robosync/new_ws/install/new_package/bin'
[20.149s] Level 1:colcon.colcon_core.environment:checking '/home/annette-robosync/new_ws/install/new_package/lib/pkgconfig/new_package.pc'
[20.150s] Level 1:colcon.colcon_core.environment:checking '/home/annette-robosync/new_ws/install/new_package/lib/python3.10/site-packages'
[20.151s] Level 1:colcon.colcon_core.shell:create_environment_hook('new_package', 'pythonpath')
[20.151s] INFO:colcon.colcon_core.shell:Creating environment hook '/home/annette-robosync/new_ws/install/new_package/share/new_package/hook/pythonpath.ps1'
[20.154s] INFO:colcon.colcon_core.shell:Creating environment descriptor '/home/annette-robosync/new_ws/install/new_package/share/new_package/hook/pythonpath.dsv'
[20.156s] INFO:colcon.colcon_core.shell:Creating environment hook '/home/annette-robosync/new_ws/install/new_package/share/new_package/hook/pythonpath.sh'
[20.159s] Level 1:colcon.colcon_core.environment:checking '/home/annette-robosync/new_ws/install/new_package/bin'
[20.160s] INFO:colcon.colcon_core.shell:Creating package script '/home/annette-robosync/new_ws/install/new_package/share/new_package/package.ps1'
[20.164s] INFO:colcon.colcon_core.shell:Creating package descriptor '/home/annette-robosync/new_ws/install/new_package/share/new_package/package.dsv'
[20.169s] INFO:colcon.colcon_core.shell:Creating package script '/home/annette-robosync/new_ws/install/new_package/share/new_package/package.sh'
[20.173s] INFO:colcon.colcon_core.shell:Creating package script '/home/annette-robosync/new_ws/install/new_package/share/new_package/package.bash'
[20.176s] INFO:colcon.colcon_core.shell:Creating package script '/home/annette-robosync/new_ws/install/new_package/share/new_package/package.zsh'
[20.180s] Level 1:colcon.colcon_core.environment:create_file_with_runtime_dependencies(/home/annette-robosync/new_ws/install/new_package/share/colcon-core/packages/new_package)
[20.194s] DEBUG:colcon.colcon_parallel_executor.executor.parallel:closing loop
[20.194s] DEBUG:colcon.colcon_parallel_executor.executor.parallel:loop closed
[20.195s] DEBUG:colcon.colcon_parallel_executor.executor.parallel:run_until_complete finished with '2'
[20.195s] DEBUG:colcon.colcon_core.event_reactor:joining thread
[20.288s] INFO:colcon.colcon_core.plugin_system:Skipping extension 'colcon_notification.desktop_notification.notify_send': Could not find 'notify-send'
[20.288s] INFO:colcon.colcon_core.plugin_system:Skipping extension 'colcon_notification.desktop_notification.terminal_notifier': Not used on non-Darwin systems
[20.289s] INFO:colcon.colcon_core.plugin_system:Skipping extension 'colcon_notification.desktop_notification.win32': Not used on non-Windows systems
[20.289s] INFO:colcon.colcon_notification.desktop_notification:Sending desktop notification using 'notify2'
[20.291s] DEBUG:colcon.colcon_notification.desktop_notification.notify2:Failed to initialize notify2: org.freedesktop.DBus.Error.FileNotFound: Failed to connect to socket /run/user/1000/bus: No such file or directory
[20.292s] DEBUG:colcon.colcon_core.event_reactor:joined thread
[20.293s] INFO:colcon.colcon_core.shell:Creating prefix script '/home/annette-robosync/new_ws/install/local_setup.ps1'
[20.297s] INFO:colcon.colcon_core.shell:Creating prefix util module '/home/annette-robosync/new_ws/install/_local_setup_util_ps1.py'
[20.305s] INFO:colcon.colcon_core.shell:Creating prefix chain script '/home/annette-robosync/new_ws/install/setup.ps1'
[20.309s] INFO:colcon.colcon_core.shell:Creating prefix script '/home/annette-robosync/new_ws/install/local_setup.sh'
[20.314s] INFO:colcon.colcon_core.shell:Creating prefix util module '/home/annette-robosync/new_ws/install/_local_setup_util_sh.py'
[20.317s] INFO:colcon.colcon_core.shell:Creating prefix chain script '/home/annette-robosync/new_ws/install/setup.sh'
[20.322s] INFO:colcon.colcon_core.shell:Creating prefix script '/home/annette-robosync/new_ws/install/local_setup.bash'
[20.327s] INFO:colcon.colcon_core.shell:Creating prefix chain script '/home/annette-robosync/new_ws/install/setup.bash'
[20.338s] INFO:colcon.colcon_core.shell:Creating prefix script '/home/annette-robosync/new_ws/install/local_setup.zsh'
[20.342s] INFO:colcon.colcon_core.shell:Creating prefix chain script '/home/annette-robosync/new_ws/install/setup.zsh'
