[1.494s] Invoking command in '/root/Dojo/build/camera_ros': CMAKE_PREFIX_PATH=/opt/ros/humble /usr/bin/cmake /root/Dojo/backup_packages/camera_ws/src/camera_ros -DCMAKE_BUILD_TYPE=Release -DBUILD_TESTING=OFF -DAMENT_CMAKE_SYMLINK_INSTALL=1 -DCMAKE_INSTALL_PREFIX=/root/Dojo/install/camera_ros
[1.886s] -- The C compiler identification is GNU 11.4.0
[1.886s] -- The CXX compiler identification is GNU 11.4.0
[1.886s] -- Detecting C compiler ABI info
[1.886s] -- Detecting C compiler ABI info - done
[1.886s] -- Check for working C compiler: /usr/bin/cc - skipped
[1.886s] -- Detecting C compile features
[1.886s] -- Detecting C compile features - done
[1.886s] -- Detecting CXX compiler ABI info
[1.886s] -- Detecting CXX compiler ABI info - done
[1.886s] -- Check for working CXX compiler: /usr/bin/c++ - skipped
[1.887s] -- Detecting CXX compile features
[1.887s] -- Detecting CXX compile features - done
[1.887s] -- Found ament_cmake: 1.3.12 (/opt/ros/humble/share/ament_cmake/cmake)
[2.610s] -- Found Python3: /usr/bin/python3 (found version "3.10.12") found components: Interpreter 
[2.715s] -- Override CMake install command with custom implementation using symlinks instead of copying resources
[2.800s] -- Found PkgConfig: /usr/bin/pkg-config (found version "0.29.2") 
[2.807s] -- Found rclcpp: 16.0.14 (/opt/ros/humble/share/rclcpp/cmake)
[2.913s] -- Found rosidl_generator_c: 3.1.7 (/opt/ros/humble/share/rosidl_generator_c/cmake)
[2.924s] -- Found rosidl_adapter: 3.1.7 (/opt/ros/humble/share/rosidl_adapter/cmake)
[2.959s] -- Found rosidl_generator_cpp: 3.1.7 (/opt/ros/humble/share/rosidl_generator_cpp/cmake)
[2.988s] -- Using all available rosidl_typesupport_c: rosidl_typesupport_fastrtps_c;rosidl_typesupport_introspection_c
[3.030s] -- Using all available rosidl_typesupport_cpp: rosidl_typesupport_fastrtps_cpp;rosidl_typesupport_introspection_cpp
[3.141s] -- Found rmw_implementation_cmake: 6.1.2 (/opt/ros/humble/share/rmw_implementation_cmake/cmake)
[3.148s] -- Found rmw_fastrtps_cpp: 6.2.8 (/opt/ros/humble/share/rmw_fastrtps_cpp/cmake)
[3.326s] -- Found OpenSSL: /usr/lib/x86_64-linux-gnu/libcrypto.so (found version "3.0.2")  
[3.390s] -- Found FastRTPS: /opt/ros/humble/include  
[3.485s] -- Using RMW implementation 'rmw_fastrtps_cpp' as default
[3.505s] -- Looking for pthread.h
[3.619s] -- Looking for pthread.h - found
[3.619s] -- Performing Test CMAKE_HAVE_LIBC_PTHREAD
[3.744s] -- Performing Test CMAKE_HAVE_LIBC_PTHREAD - Success
[3.745s] -- Found Threads: TRUE  
[3.835s] -- Found rclcpp_components: 16.0.14 (/opt/ros/humble/share/rclcpp_components/cmake)
[3.885s] -- Found sensor_msgs: 4.9.0 (/opt/ros/humble/share/sensor_msgs/cmake)
[3.929s] -- Found camera_info_manager: 3.1.12 (/opt/ros/humble/share/camera_info_manager/cmake)
[3.955s] -- Found cv_bridge: 3.2.1 (/opt/ros/humble/share/cv_bridge/cmake)
[3.970s] -- Checking for module 'libcamera>=0.1'
[3.993s] --   Found libcamera, version 0.1.0
[4.163s] -- Configuring done
[4.202s] -- Generating done
[4.215s] -- Build files have been written to: /root/Dojo/build/camera_ros
[4.238s] Invoked command in '/root/Dojo/build/camera_ros' returned '0': CMAKE_PREFIX_PATH=/opt/ros/humble /usr/bin/cmake /root/Dojo/backup_packages/camera_ws/src/camera_ros -DCMAKE_BUILD_TYPE=Release -DBUILD_TESTING=OFF -DAMENT_CMAKE_SYMLINK_INSTALL=1 -DCMAKE_INSTALL_PREFIX=/root/Dojo/install/camera_ros
[4.239s] Invoking command in '/root/Dojo/build/camera_ros': CMAKE_PREFIX_PATH=/opt/ros/humble /usr/bin/cmake --build /root/Dojo/build/camera_ros -- -j16 -l16
[4.325s] [  7%] [32mBuilding CXX object CMakeFiles/camera_node.dir/rclcpp_components/node_main_camera_node.cpp.o[0m
[4.326s] [ 23%] [32mBuilding CXX object CMakeFiles/utils.dir/src/pretty_print.cpp.o[0m
[4.327s] [ 23%] [32mBuilding CXX object CMakeFiles/param.dir/src/clamp.cpp.o[0m
[4.329s] [ 30%] [32mBuilding CXX object CMakeFiles/utils.dir/src/format_mapping.cpp.o[0m
[4.334s] [ 38%] [32mBuilding CXX object CMakeFiles/param.dir/src/cv_to_pv.cpp.o[0m
[4.346s] [ 46%] [32mBuilding CXX object CMakeFiles/param.dir/src/types.cpp.o[0m
[4.373s] [ 53%] [32mBuilding CXX object CMakeFiles/param.dir/src/ParameterHandler.cpp.o[0m
[4.391s] [ 61%] [32mBuilding CXX object CMakeFiles/param.dir/src/type_extent.cpp.o[0m
[4.393s] [ 69%] [32mBuilding CXX object CMakeFiles/param.dir/src/ParameterConflictHandler.cpp.o[0m
[4.405s] [ 76%] [32mBuilding CXX object CMakeFiles/param.dir/src/pv_to_cv.cpp.o[0m
[6.169s] [ 76%] Built target utils
[11.141s] [ 84%] [32m[1mLinking CXX executable camera_node[0m
[11.526s] [ 84%] Built target camera_node
[12.542s] [ 84%] Built target param
[12.566s] [ 92%] [32mBuilding CXX object CMakeFiles/camera_component.dir/src/CameraNode.cpp.o[0m
[25.188s] [100%] [32m[1mLinking CXX shared library libcamera_component.so[0m
[25.353s] [100%] Built target camera_component
[25.366s] Invoked command in '/root/Dojo/build/camera_ros' returned '0': CMAKE_PREFIX_PATH=/opt/ros/humble /usr/bin/cmake --build /root/Dojo/build/camera_ros -- -j16 -l16
[25.367s] Invoking command in '/root/Dojo/build/camera_ros': CMAKE_PREFIX_PATH=/opt/ros/humble /usr/bin/cmake --install /root/Dojo/build/camera_ros
[25.374s] -- Install configuration: "Release"
[25.375s] -- Execute custom install script
[25.375s] -- Symlinking: /root/Dojo/install/camera_ros/lib/camera_ros/camera_node
[25.384s] -- Symlinking: /root/Dojo/install/camera_ros/share/camera_ros/environment/library_path.sh
[25.394s] -- Symlinking: /root/Dojo/install/camera_ros/share/camera_ros/environment/library_path.dsv
[25.403s] -- Symlinking: /root/Dojo/install/camera_ros/share/camera_ros//launch/camera.launch.py
[25.413s] -- Symlinking: /root/Dojo/install/camera_ros/share/ament_index/resource_index/package_run_dependencies/camera_ros
[25.422s] -- Symlinking: /root/Dojo/install/camera_ros/share/ament_index/resource_index/parent_prefix_path/camera_ros
[25.431s] -- Symlinking: /root/Dojo/install/camera_ros/share/camera_ros/environment/ament_prefix_path.sh
[25.440s] -- Symlinking: /root/Dojo/install/camera_ros/share/camera_ros/environment/ament_prefix_path.dsv
[25.449s] -- Symlinking: /root/Dojo/install/camera_ros/share/camera_ros/environment/path.sh
[25.459s] -- Symlinking: /root/Dojo/install/camera_ros/share/camera_ros/environment/path.dsv
[25.467s] -- Symlinking: /root/Dojo/install/camera_ros/share/camera_ros/local_setup.bash
[25.477s] -- Symlinking: /root/Dojo/install/camera_ros/share/camera_ros/local_setup.sh
[25.486s] -- Symlinking: /root/Dojo/install/camera_ros/share/camera_ros/local_setup.zsh
[25.495s] -- Symlinking: /root/Dojo/install/camera_ros/share/camera_ros/local_setup.dsv
[25.504s] -- Symlinking: /root/Dojo/install/camera_ros/share/camera_ros/package.dsv
[25.513s] -- Symlinking: /root/Dojo/install/camera_ros/share/ament_index/resource_index/packages/camera_ros
[25.522s] -- Symlinking: /root/Dojo/install/camera_ros/share/ament_index/resource_index/rclcpp_components/camera_ros
[25.532s] -- Symlinking: /root/Dojo/install/camera_ros/share/camera_ros/cmake/ament_cmake_export_targets-extras.cmake
[25.541s] -- Symlinking: /root/Dojo/install/camera_ros/share/camera_ros/cmake/ament_cmake_export_dependencies-extras.cmake
[25.550s] -- Symlinking: /root/Dojo/install/camera_ros/share/camera_ros/cmake/camera_rosConfig.cmake
[25.559s] -- Symlinking: /root/Dojo/install/camera_ros/share/camera_ros/cmake/camera_rosConfig-version.cmake
[25.569s] -- Symlinking: /root/Dojo/install/camera_ros/share/camera_ros/package.xml
[25.578s] -- Installing: /root/Dojo/install/camera_ros/lib/libcamera_component.so
[25.580s] -- Set runtime path of "/root/Dojo/install/camera_ros/lib/libcamera_component.so" to ""
[25.580s] -- Installing: /root/Dojo/install/camera_ros/share/camera_ros/cmake/camera_componentTargetsExport.cmake
[25.580s] -- Installing: /root/Dojo/install/camera_ros/share/camera_ros/cmake/camera_componentTargetsExport-release.cmake
[25.582s] Invoked command in '/root/Dojo/build/camera_ros' returned '0': CMAKE_PREFIX_PATH=/opt/ros/humble /usr/bin/cmake --install /root/Dojo/build/camera_ros
