[0.056s] Invoking command in '/root/Dojo/build/robot_control': CMAKE_PREFIX_PATH=/opt/ros/humble /usr/bin/cmake /root/Dojo/src/robot_control -DCMAKE_BUILD_TYPE=Release -DBUILD_TESTING=OFF -DAMENT_CMAKE_SYMLINK_INSTALL=1 -DCMAKE_INSTALL_PREFIX=/root/Dojo/install/robot_control
[1.911s] -- The C compiler identification is GNU 11.4.0
[1.912s] -- The CXX compiler identification is GNU 11.4.0
[1.912s] -- Detecting C compiler ABI info
[1.912s] -- Detecting C compiler ABI info - done
[1.913s] -- Check for working C compiler: /usr/bin/cc - skipped
[1.913s] -- Detecting C compile features
[1.913s] -- Detecting C compile features - done
[1.913s] -- Detecting CXX compiler ABI info
[1.913s] -- Detecting CXX compiler ABI info - done
[1.913s] -- Check for working CXX compiler: /usr/bin/c++ - skipped
[1.913s] -- Detecting CXX compile features
[1.913s] -- Detecting CXX compile features - done
[1.913s] -- Found ament_cmake: 1.3.12 (/opt/ros/humble/share/ament_cmake/cmake)
[1.913s] -- Found Python3: /usr/bin/python3 (found version "3.10.12") found components: Interpreter 
[1.913s] -- Override CMake install command with custom implementation using symlinks instead of copying resources
[1.914s] -- Found rclcpp: 16.0.14 (/opt/ros/humble/share/rclcpp/cmake)
[1.914s] -- Found rosidl_generator_c: 3.1.7 (/opt/ros/humble/share/rosidl_generator_c/cmake)
[1.914s] -- Found rosidl_adapter: 3.1.7 (/opt/ros/humble/share/rosidl_adapter/cmake)
[1.914s] -- Found rosidl_generator_cpp: 3.1.7 (/opt/ros/humble/share/rosidl_generator_cpp/cmake)
[1.914s] -- Using all available rosidl_typesupport_c: rosidl_typesupport_fastrtps_c;rosidl_typesupport_introspection_c
[1.914s] -- Using all available rosidl_typesupport_cpp: rosidl_typesupport_fastrtps_cpp;rosidl_typesupport_introspection_cpp
[1.914s] -- Found rmw_implementation_cmake: 6.1.2 (/opt/ros/humble/share/rmw_implementation_cmake/cmake)
[1.914s] -- Found rmw_fastrtps_cpp: 6.2.8 (/opt/ros/humble/share/rmw_fastrtps_cpp/cmake)
[1.914s] -- Found OpenSSL: /usr/lib/x86_64-linux-gnu/libcrypto.so (found version "3.0.2")  
[1.914s] -- Found FastRTPS: /opt/ros/humble/include  
[1.914s] -- Using RMW implementation 'rmw_fastrtps_cpp' as default
[1.914s] -- Looking for pthread.h
[1.915s] -- Looking for pthread.h - found
[1.915s] -- Performing Test CMAKE_HAVE_LIBC_PTHREAD
[1.915s] -- Performing Test CMAKE_HAVE_LIBC_PTHREAD - Success
[1.915s] -- Found Threads: TRUE  
[1.915s] -- Found rclpy: 3.3.17 (/opt/ros/humble/share/rclpy/cmake)
[1.915s] -- Found geometry_msgs: 4.9.0 (/opt/ros/humble/share/geometry_msgs/cmake)
[1.915s] -- Found sensor_msgs: 4.9.0 (/opt/ros/humble/share/sensor_msgs/cmake)
[1.915s] -- Found nav_msgs: 4.9.0 (/opt/ros/humble/share/nav_msgs/cmake)
[1.915s] -- Found tf2_ros: 0.25.16 (/opt/ros/humble/share/tf2_ros/cmake)
[1.977s] -- Found tf2_geometry_msgs: 0.25.16 (/opt/ros/humble/share/tf2_geometry_msgs/cmake)
[2.001s] -- Found eigen3_cmake_module: 0.1.1 (/opt/ros/humble/share/eigen3_cmake_module/cmake)
[2.002s] -- Found Eigen3: TRUE (found version "3.4.0") 
[2.002s] -- Ensuring Eigen3 include directory is part of orocos-kdl CMake target
[2.008s] -- Found controller_interface: 2.51.0 (/opt/ros/humble/share/controller_interface/cmake)
[2.131s] -- Found controller_manager: 2.52.0 (/opt/ros/humble/share/controller_manager/cmake)
[2.177s] -- Found diagnostic_updater: 4.0.6 (/opt/ros/humble/share/diagnostic_updater/cmake)
[4.058s] -- Found Python3: /usr/bin/python3 (found version "3.10.12") found components: Interpreter Development Development.Module Development.Embed 
[4.153s] -- Configuring done
[4.166s] -- Generating done
[4.170s] -- Build files have been written to: /root/Dojo/build/robot_control
[4.192s] Invoked command in '/root/Dojo/build/robot_control' returned '0': CMAKE_PREFIX_PATH=/opt/ros/humble /usr/bin/cmake /root/Dojo/src/robot_control -DCMAKE_BUILD_TYPE=Release -DBUILD_TESTING=OFF -DAMENT_CMAKE_SYMLINK_INSTALL=1 -DCMAKE_INSTALL_PREFIX=/root/Dojo/install/robot_control
[4.193s] Invoking command in '/root/Dojo/build/robot_control': CMAKE_PREFIX_PATH=/opt/ros/humble /usr/bin/cmake --build /root/Dojo/build/robot_control -- -j16 -l16
[4.268s] Invoked command in '/root/Dojo/build/robot_control' returned '0': CMAKE_PREFIX_PATH=/opt/ros/humble /usr/bin/cmake --build /root/Dojo/build/robot_control -- -j16 -l16
[4.270s] Invoking command in '/root/Dojo/build/robot_control': CMAKE_PREFIX_PATH=/opt/ros/humble /usr/bin/cmake --install /root/Dojo/build/robot_control
[4.282s] -- Install configuration: "Release"
[4.282s] -- Execute custom install script
[4.283s] -- Symlinking: /root/Dojo/install/robot_control/share/robot_control/launch/control.launch.py
[4.298s] -- Symlinking: /root/Dojo/install/robot_control/share/robot_control/launch/robot_control.launch.py
[4.313s] -- Symlinking: /root/Dojo/install/robot_control/share/robot_control/config/arduino.yaml
[4.328s] -- Symlinking: /root/Dojo/install/robot_control/share/robot_control/config/controllers.yaml
[4.348s] -- Symlinking: /root/Dojo/install/robot_control/share/robot_control/config/robot_control_params.yaml
[4.362s] -- Symlinking: /root/Dojo/install/robot_control/share/robot_control/config/twist_mux.yaml
[4.397s] -- Symlinking: /root/Dojo/install/robot_control/share/robot_control/package.xml
[4.424s] -- Symlinking: /root/Dojo/install/robot_control/share/robot_control/setup.py
[4.450s] -- Symlinking: /root/Dojo/install/robot_control/share/robot_control/setup.cfg
[4.490s] -- Symlinking: /root/Dojo/install/robot_control/share/ament_index/resource_index/package_run_dependencies/robot_control
[4.518s] -- Symlinking: /root/Dojo/install/robot_control/share/ament_index/resource_index/parent_prefix_path/robot_control
[4.547s] -- Symlinking: /root/Dojo/install/robot_control/share/robot_control/environment/ament_prefix_path.sh
[4.582s] -- Symlinking: /root/Dojo/install/robot_control/share/robot_control/environment/ament_prefix_path.dsv
[4.601s] -- Symlinking: /root/Dojo/install/robot_control/share/robot_control/environment/path.sh
[4.628s] -- Symlinking: /root/Dojo/install/robot_control/share/robot_control/environment/path.dsv
[4.640s] -- Symlinking: /root/Dojo/install/robot_control/share/robot_control/local_setup.bash
[4.656s] -- Symlinking: /root/Dojo/install/robot_control/share/robot_control/local_setup.sh
[4.672s] -- Symlinking: /root/Dojo/install/robot_control/share/robot_control/local_setup.zsh
[4.689s] -- Symlinking: /root/Dojo/install/robot_control/share/robot_control/local_setup.dsv
[4.705s] -- Symlinking: /root/Dojo/install/robot_control/share/robot_control/package.dsv
[4.719s] -- Symlinking: /root/Dojo/install/robot_control/share/ament_index/resource_index/packages/robot_control
[4.738s] -- Symlinking: /root/Dojo/install/robot_control/share/robot_control/cmake/robot_controlConfig.cmake
[4.756s] -- Symlinking: /root/Dojo/install/robot_control/share/robot_control/cmake/robot_controlConfig-version.cmake
[4.772s] -- Up-to-date symlink: /root/Dojo/install/robot_control/share/robot_control/package.xml
[4.772s] -- Up-to-date: /robot_control
[4.773s] -- Up-to-date: /robot_control/__init__.py
[4.779s] Invoked command in '/root/Dojo/build/robot_control' returned '0': CMAKE_PREFIX_PATH=/opt/ros/humble /usr/bin/cmake --install /root/Dojo/build/robot_control
