[0.104s] Invoking command in '/home/annette-robosync/new_ws/build/new_package': CMAKE_PREFIX_PATH=${CMAKE_PREFIX_PATH}:/opt/ros/humble /usr/bin/cmake --build /home/annette-robosync/new_ws/build/new_package -- -j4 -l4
[0.675s] Invoked command in '/home/annette-robosync/new_ws/build/new_package' returned '0': CMAKE_PREFIX_PATH=${CMAKE_PREFIX_PATH}:/opt/ros/humble /usr/bin/cmake --build /home/annette-robosync/new_ws/build/new_package -- -j4 -l4
[0.734s] Invoking command in '/home/annette-robosync/new_ws/build/new_package': CMAKE_PREFIX_PATH=${CMAKE_PREFIX_PATH}:/opt/ros/humble /usr/bin/cmake --install /home/annette-robosync/new_ws/build/new_package
[0.787s] -- Install configuration: ""
[0.796s] -- Execute custom install script
[0.804s] -- Up-to-date symlink: /home/annette-robosync/new_ws/install/new_package/share/new_package/urdf/zeta.urdf.xacro
[0.806s] -- Up-to-date symlink: /home/annette-robosync/new_ws/install/new_package/share/new_package/launch/robot.launch.py
[0.806s] -- Up-to-date symlink: /home/annette-robosync/new_ws/install/new_package/share/new_package/launch/simulate.launch.py
[0.813s] -- Up-to-date symlink: /home/annette-robosync/new_ws/install/new_package/share/new_package/config/diff_drive_controllers.yaml
[0.814s] -- Up-to-date symlink: /home/annette-robosync/new_ws/install/new_package/share/new_package/config/zeta.rviz
[0.816s] -- Up-to-date symlink: /home/annette-robosync/new_ws/install/new_package/share/ament_index/resource_index/package_run_dependencies/new_package
[0.817s] -- Up-to-date symlink: /home/annette-robosync/new_ws/install/new_package/share/ament_index/resource_index/parent_prefix_path/new_package
[0.818s] -- Up-to-date symlink: /home/annette-robosync/new_ws/install/new_package/share/new_package/environment/ament_prefix_path.sh
[0.819s] -- Up-to-date symlink: /home/annette-robosync/new_ws/install/new_package/share/new_package/environment/ament_prefix_path.dsv
[0.820s] -- Up-to-date symlink: /home/annette-robosync/new_ws/install/new_package/share/new_package/environment/path.sh
[0.821s] -- Up-to-date symlink: /home/annette-robosync/new_ws/install/new_package/share/new_package/environment/path.dsv
[0.823s] -- Up-to-date symlink: /home/annette-robosync/new_ws/install/new_package/share/new_package/local_setup.bash
[0.824s] -- Up-to-date symlink: /home/annette-robosync/new_ws/install/new_package/share/new_package/local_setup.sh
[0.828s] -- Up-to-date symlink: /home/annette-robosync/new_ws/install/new_package/share/new_package/local_setup.zsh
[0.828s] -- Up-to-date symlink: /home/annette-robosync/new_ws/install/new_package/share/new_package/local_setup.dsv
[0.828s] -- Symlinking: /home/annette-robosync/new_ws/install/new_package/share/new_package/package.dsv
[0.894s] -- Up-to-date symlink: /home/annette-robosync/new_ws/install/new_package/share/ament_index/resource_index/packages/new_package
[0.904s] -- Up-to-date symlink: /home/annette-robosync/new_ws/install/new_package/share/new_package/cmake/ament_cmake_export_dependencies-extras.cmake
[0.904s] -- Up-to-date symlink: /home/annette-robosync/new_ws/install/new_package/share/new_package/cmake/new_packageConfig.cmake
[0.905s] -- Up-to-date symlink: /home/annette-robosync/new_ws/install/new_package/share/new_package/cmake/new_packageConfig-version.cmake
[0.905s] -- Up-to-date symlink: /home/annette-robosync/new_ws/install/new_package/share/new_package/package.xml
[0.917s] Invoked command in '/home/annette-robosync/new_ws/build/new_package' returned '0': CMAKE_PREFIX_PATH=${CMAKE_PREFIX_PATH}:/opt/ros/humble /usr/bin/cmake --install /home/annette-robosync/new_ws/build/new_package
