[0.075s] Invoking command in '/home/annette-robosync/new_ws/build/new_package': CMAKE_PREFIX_PATH=${CMAKE_PREFIX_PATH}:/opt/ros/humble /usr/bin/cmake --build /home/annette-robosync/new_ws/build/new_package -- -j4 -l4
[0.210s] -- Found ament_cmake: 1.3.12 (/opt/ros/humble/share/ament_cmake/cmake)
[0.880s] -- Found rclcpp: 16.0.14 (/opt/ros/humble/share/rclcpp/cmake)
[1.239s] -- Found rosidl_generator_c: 3.1.7 (/opt/ros/humble/share/rosidl_generator_c/cmake)
[1.248s] -- Found rosidl_adapter: 3.1.7 (/opt/ros/humble/share/rosidl_adapter/cmake)
[1.267s] -- Found rosidl_generator_cpp: 3.1.7 (/opt/ros/humble/share/rosidl_generator_cpp/cmake)
[1.302s] -- Using all available rosidl_typesupport_c: rosidl_typesupport_fastrtps_c;rosidl_typesupport_introspection_c
[1.354s] -- Using all available rosidl_typesupport_cpp: rosidl_typesupport_fastrtps_cpp;rosidl_typesupport_introspection_cpp
[1.483s] -- Found rmw_implementation_cmake: 6.1.2 (/opt/ros/humble/share/rmw_implementation_cmake/cmake)
[1.489s] -- Found rmw_fastrtps_cpp: 6.2.8 (/opt/ros/humble/share/rmw_fastrtps_cpp/cmake)
[12.955s] -- Using RMW implementation 'rmw_fastrtps_cpp' as default
[13.180s] -- Found xacro: 2.0.13 (/opt/ros/humble/share/xacro/cmake)
[13.182s] -- Found robot_state_publisher: 3.0.3 (/opt/ros/humble/share/robot_state_publisher/cmake)
[13.240s] -- Found eigen3_cmake_module: 0.1.1 (/opt/ros/humble/share/eigen3_cmake_module/cmake)
[13.242s] -- Ensuring Eigen3 include directory is part of orocos-kdl CMake target
[16.190s] -- Found gazebo_ros: 3.9.0 (/opt/ros/humble/share/gazebo_ros/cmake)
[16.218s] -- Found PkgConfig: /usr/bin/pkg-config (found version "0.29.2") 
[16.221s] -- Checking for module 'bullet>=2.82'
[16.258s] --   Found bullet, version 3.05
[16.679s] -- Found fcl: /usr/include (found suitable version "0.7.0", minimum required is "0.5.0") 
[16.849s] -- Found assimp: /usr/include (found version "5.2.0") 
[16.914s] -- Found DART: /usr/include (Required is at least version "6.6") found components: dart 
[17.003s] -- Found Boost: /usr/lib/x86_64-linux-gnu/cmake/Boost-1.74.0/BoostConfig.cmake (found suitable version "1.74.0", minimum required is "1.40.0") found components: thread system filesystem program_options regex iostreams date_time 
[17.051s] -- Looking for ignition-math6 -- found version 6.15.1
[17.073s] -- Searching for dependencies of ignition-math6
[17.078s] -- Looking for OGRE...
[17.079s] -- OGRE_PREFIX_WATCH changed.
[17.099s] -- Checking for module 'OGRE'
[17.144s] --   Found OGRE, version 1.9.0
[17.248s] -- Found Ogre Ghadamon (1.9.0)
[18.018s] -- Found OGRE: optimized;/usr/lib/x86_64-linux-gnu/libOgreMain.so;debug;/usr/lib/x86_64-linux-gnu/libOgreMain.so
[18.048s] -- Looking for OGRE_Paging...
[18.762s] -- Found OGRE_Paging: optimized;/usr/lib/x86_64-linux-gnu/libOgrePaging.so;debug;/usr/lib/x86_64-linux-gnu/libOgrePaging.so
[18.763s] -- Looking for OGRE_Terrain...
[19.408s] -- Found OGRE_Terrain: optimized;/usr/lib/x86_64-linux-gnu/libOgreTerrain.so;debug;/usr/lib/x86_64-linux-gnu/libOgreTerrain.so
[19.412s] -- Looking for OGRE_Property...
[20.077s] -- Found OGRE_Property: optimized;/usr/lib/x86_64-linux-gnu/libOgreProperty.so;debug;/usr/lib/x86_64-linux-gnu/libOgreProperty.so
[20.078s] -- Looking for OGRE_RTShaderSystem...
[20.763s] -- Found OGRE_RTShaderSystem: optimized;/usr/lib/x86_64-linux-gnu/libOgreRTShaderSystem.so;debug;/usr/lib/x86_64-linux-gnu/libOgreRTShaderSystem.so
[20.764s] -- Looking for OGRE_Volume...
[21.461s] -- Found OGRE_Volume: optimized;/usr/lib/x86_64-linux-gnu/libOgreVolume.so;debug;/usr/lib/x86_64-linux-gnu/libOgreVolume.so
[21.461s] -- Looking for OGRE_Overlay...
[22.247s] -- Found OGRE_Overlay: optimized;/usr/lib/x86_64-linux-gnu/libOgreOverlay.so;debug;/usr/lib/x86_64-linux-gnu/libOgreOverlay.so
[59.808s] -- Looking for ignition-math6 -- found version 6.15.1
[59.812s] -- Looking for ignition-transport8 -- found version 8.2.1
[59.815s] -- Searching for dependencies of ignition-transport8
[62.397s] -- Found Protobuf: /usr/lib/x86_64-linux-gnu/libprotobuf.so (found suitable version "3.12.4", minimum required is "3") 
[64.565s] -- Config-file not installed for ZeroMQ -- checking for pkg-config
[64.579s] -- Checking for module 'libzmq >= 4'
[64.625s] --   Found libzmq , version 4.3.4
[64.726s] -- Found ZeroMQ: TRUE (Required is at least version "4") 
[64.742s] -- Checking for module 'uuid'
[64.776s] --   Found uuid, version 2.37.2
[64.890s] -- Found UUID: TRUE  
[64.895s] -- Looking for ignition-msgs5 -- found version 5.8.1
[64.900s] -- Searching for dependencies of ignition-msgs5
[68.550s] -- Looking for ignition-math6 -- found version 6.15.1
[68.579s] -- Checking for module 'tinyxml2'
[68.632s] --   Found tinyxml2, version 9.0.0
[68.776s] -- Looking for ignition-msgs5 -- found version 5.8.1
[68.788s] -- Looking for ignition-common3 -- found version 3.14.0
[68.790s] -- Searching for dependencies of ignition-common3
[68.869s] -- Looking for dlfcn.h - found
[68.951s] -- Looking for libdl - found
[68.963s] -- Found DL: TRUE  
[69.197s] -- Found tinyobjloader: /usr/lib/x86_64-linux-gnu/cmake/tinyobjloader/tinyobjloader-config.cmake (found version "2.0.0") 
[69.199s] -- Searching for <ignition-common3> component [graphics]
[69.214s] -- Looking for ignition-common3-graphics -- found version 3.14.0
[69.215s] -- Searching for dependencies of ignition-common3-graphics
[69.217s] -- Looking for ignition-math6 -- found version 6.15.1
[69.244s] -- Looking for ignition-fuel_tools4 -- found version 4.4.0
[69.245s] -- Searching for dependencies of ignition-fuel_tools4
[70.335s] gmake: *** [Makefile:226: cmake_check_build_system] Interrupt
[70.355s] Invoked command in '/home/annette-robosync/new_ws/build/new_package' returned '-2': CMAKE_PREFIX_PATH=${CMAKE_PREFIX_PATH}:/opt/ros/humble /usr/bin/cmake --build /home/annette-robosync/new_ws/build/new_package -- -j4 -l4
