[0.062s] Invoking command in '/home/annette-robosync/new_ws/build/new_package': CMAKE_PREFIX_PATH=${CMAKE_PREFIX_PATH}:/opt/ros/humble /usr/bin/cmake --build /home/annette-robosync/new_ws/build/new_package -- -j4 -l4
[0.337s] -- Found ament_cmake: 1.3.12 (/opt/ros/humble/share/ament_cmake/cmake)
[0.756s] -- Override CMake install command with custom implementation using symlinks instead of copying resources
[0.818s] -- Found xacro: 2.0.13 (/opt/ros/humble/share/xacro/cmake)
[0.825s] -- Found robot_state_publisher: 3.0.3 (/opt/ros/humble/share/robot_state_publisher/cmake)
[1.122s] -- Found rosidl_generator_c: 3.1.7 (/opt/ros/humble/share/rosidl_generator_c/cmake)
[1.136s] -- Found rosidl_adapter: 3.1.7 (/opt/ros/humble/share/rosidl_adapter/cmake)
[1.179s] -- Found rosidl_generator_cpp: 3.1.7 (/opt/ros/humble/share/rosidl_generator_cpp/cmake)
[1.228s] -- Using all available rosidl_typesupport_c: rosidl_typesupport_fastrtps_c;rosidl_typesupport_introspection_c
[1.287s] -- Using all available rosidl_typesupport_cpp: rosidl_typesupport_fastrtps_cpp;rosidl_typesupport_introspection_cpp
[1.484s] -- Found eigen3_cmake_module: 0.1.1 (/opt/ros/humble/share/eigen3_cmake_module/cmake)
[1.488s] -- Ensuring Eigen3 include directory is part of orocos-kdl CMake target
[1.651s] -- Found rmw_implementation_cmake: 6.1.2 (/opt/ros/humble/share/rmw_implementation_cmake/cmake)
[1.661s] -- Found rmw_fastrtps_cpp: 6.2.8 (/opt/ros/humble/share/rmw_fastrtps_cpp/cmake)
[8.753s] -- Using RMW implementation 'rmw_fastrtps_cpp' as default
[12.747s] [31mCMake Error at CMakeLists.txt:13 (find_package):
[12.747s]   By not providing "Findgazebo_ros.cmake" in CMAKE_MODULE_PATH this project
[12.747s]   has asked CMake to find a package configuration file provided by
[12.748s]   "gazebo_ros", but CMake did not find one.
[12.748s] 
[12.748s]   Could not find a package configuration file provided by "gazebo_ros" with
[12.748s]   any of the following names:
[12.748s] 
[12.748s]     gazebo_rosConfig.cmake
[12.748s]     gazebo_ros-config.cmake
[12.749s] 
[12.749s]   Add the installation prefix of "gazebo_ros" to CMAKE_PREFIX_PATH or set
[12.749s]   "gazebo_ros_DIR" to a directory containing one of the above files.  If
[12.749s]   "gazebo_ros" provides a separate development package or SDK, be sure it has
[12.749s]   been installed.
[12.749s] 
[12.749s] [0m
[12.750s] -- Configuring incomplete, errors occurred!
[12.750s] See also "/home/annette-robosync/new_ws/build/new_package/CMakeFiles/CMakeOutput.log".
[12.768s] gmake: *** [Makefile:226: cmake_check_build_system] Error 1
[12.775s] Invoked command in '/home/annette-robosync/new_ws/build/new_package' returned '2': CMAKE_PREFIX_PATH=${CMAKE_PREFIX_PATH}:/opt/ros/humble /usr/bin/cmake --build /home/annette-robosync/new_ws/build/new_package -- -j4 -l4
